former manchester united and england midfielder david beckham has signed a new contract with the club .
the fbi has released documents from the fbi over the fbi 's handling of the fbi 's handling of the us presidential election .
scotland 's dufner dufner carded a six-under-par 66 to take a one-shot lead into the final round of the jordan championship .
two british tourists have been arrested in peru on suspicion of illegally entering the country .
britain 's david swift has announced he will retire at the end of the season .
michael dunlop continued his impressive start to the season with victory in the opening practice session at the ulster grand prix .
sunderland have completed the signing of argentina winger scocco scocco for an undisclosed fee .
london mayor boris johnson has defended the club 's decision to buy the stadium of london stadium .
president : abdel fattah al-sisi .
jockey ap mccoy has become the first british jockey to win a gold medal at the cheltenham festival .
the sign of a cafe sign at a cafe in powys has raised concerns about the sign of the sign .
at least 13 people have been killed in a bomb attack on a bus in the kenyan capital , nairobi , officials say .
a man has died in a fire at a house in west lothian .
entertainer jerry harris has died at the age of 72 , his family has announced .
former labour leader jeremy corbyn has said he will not stand in the labour by-election if the party wins the general election .
castleford 's hopes of reaching the super league play-offs suffered a setback as they were held to a draw by wakefield .
at least 13 people have been killed in an air strike on a military base in the yemeni capital , sanaa , officials say .
it is one of the most famous people in the uk .
thousands of people have taken part in the bbc sports personality of the year award .
the confederation of african football -lrb- caf -rrb- has announced it is to host the 2026 world cup .
scotland 's finance secretary john swinney has warned that the uk government will not be able to balance the books of the uk government 's budget .
the prime minister has called on the prime minister to publish an inquiry into the grenfell tower fire inquiry .
a man in the us state of connecticut has been killed in a shootout in the us state of connecticut , police say .
south african athlete oscar pistorius has been sentenced to life in prison for murdering his girlfriend reeva steenkamp .
a new scheme to help women with mental health problems has been launched by the royal college of obstetricians .
the number of young people in england and wales in england and wales has risen by more than a third in three years , according to new figures .
a former mayor of east london has been found guilty of electoral fraud after being found guilty of electoral fraud .
a man has appeared in court charged with the murder of county antrim man walsh haugh .
the post office has announced it will close its post office in england and wales over the next two years .
work has started on a # 2m scheme to improve youth support for young people in wales .
liberal democrat leader tim farron has said he will not stand in the general election .
police have released cctv images of a man they want to speak to in connection with a gun attack on a hall in west belfast .
liverpool manager jurgen klopp said his side 's poor start to the season came to an end as liverpool were knocked out of the fa cup .
more than 100 people have been evacuated from besieged rebel-held eastern districts of the syrian city of aleppo , the un says .
thousands of people have taken part in a protest against the closure of stafford hospital .
you 've been using your questions to tell us what you want to know about the west midlands .
fifa president sepp blatter has said the swiss football association -lrb- dfb -rrb- will not be allowed to host the 2022 world cup .
a terminally ill man has called for a change to the law that would allow assisted dying people to die .
the family of a seven-year-old girl who died in a house fire in dorset have launched a appeal to raise money for charity .
world champion competitors competitors has become the first man to win the world championship title of the year .
labour leadership contender andy burnham has claimed victory in the race for the leadership of the leadership contest .
belfast giants moved to within a point of the elite league play-offs with a comfortable win over cardiff city .
double olympic champion hayley turner has retired from the sport at the age of 38 .
a woman in her 70s has been rescued from a house fire in the republic of ireland .
fulham have signed striker anderlecht anderlecht from valencia on a three-year deal for an undisclosed fee .
wales began their euro 2016 qualifying campaign with a comfortable 3-0 win over moldova in lille .
the chief executive of iran 's national security agency has told the bbc he is `` very concerned '' about the country 's security forces .
the mother of a woman who was found dead at her home in south london has told a court she is `` not fit for purpose '' .
one of the world 's biggest fosun companies has been sold for $ luxury -lrb- # espirito -rrb- in the us .
the european court of human rights -lrb- echr -rrb- has ruled that the european union 's top employee has been sacked by the european court of human rights .
supermarket chain morrisons has reported a rise in sales for the three months to the end of june .
the number of people waiting for work to work in wales has fallen by more than a third in the past year , a charity has said .
thirteen teenagers have been arrested in connection with disturbances at a petrol station in south london .
you 've been using your questions to tell us what you want to know about the west midlands .
police in the us state of texas have arrested a woman accused of killing a woman in custody in the us state of oregon .
a man accused of murdering a man at a shopping centre has told a court he did not think he was a man .
a former liverpool police officer has been found guilty of fraud after being found guilty of fraud .
morocco coach herve renard has been named as the new coach of the africa cup of nations in gabon .
pop star ray ray has been named the bbc 's sound of 2017 list .
more than 100 people have been killed in an air strike in the afghan capital , kabul , officials say .
the number of police forces in england and wales has more than doubled in the past five years , a watchdog has said .
england all-rounder jake ball has been ruled out for the rest of the season with a knee injury .
police have released cctv images of a man they want to speak to in connection with a robbery in glasgow city centre .
new zealand police are investigating the death of a man who fell from a balcony balcony in new zealand .
the royal navy 's first aircraft carrier has arrived at the royal navy base in portsmouth .
japan 's defence ministry has warned japan 's government of `` increasingly '' after japan voted to hold a new national security laws .
celtic returned to the top of the scottish premiership with a hard-fought win over inverness caledonian thistle .
england head coach steve o'loughlin says he is `` very proud '' to be named as the new england head coach .
cambridge united extended their lead at the top of league two with victory over stevenage .
it has been a year since the death of the airasia plane crash last year .
iain duncan smith has resigned as chancellor of the exchequer , iain duncan smith and iain duncan smith to resign .
the number of people living in the united states has fallen to its lowest level since 2009 , according to a new report .
a man has been killed in a knife attack on a train in the german city of cologne , police say .
boeing has announced a new design for the first time in more than two years .
australia has agreed to resume imports of cattle from cattle to china , the australian government has said .
anthony joshua 's fight against wladimir klitschko at wembley 's world heavyweight title rematch with wladimir klitschko is a `` chink '' , says former heavyweight champion anthony joshua .
transport for london -lrb- tfl -rrb- has launched a trial in london aimed at helping people with disabilities on the tube .
leicester tigers have signed leicester tigers winger ellis genge on loan until the end of the season .
ireland 's ross county will take a feature lead into the final day of the county championship season .
washington dc united midfielder washington washington has signed a new contract with the national league club .
the result of the referendum on the uk 's membership of the european union could be the result of the uk 's vote to leave the eu .
welsh rugby union chief executive martyn phillips says he is `` planning to use boxing '' as he prepares to defend his ibf world title defence .
google has reported a rise in profits for the first three months of the year .
the world health organization -lrb- who -rrb- has warned that the zika virus could be linked to the zika virus .
in our series of letters from african journalists , film-maker and columnist farai sevenzo looks at the technology industry in south africa .
more than a third of people in the uk do not pay their debt , a study has found .
taliban fighters have entered sangin in helmand province for the first time since the battle of helmand gah .
morocco is one of the world 's most powerful and enigmatic countries .
a review has been launched into the death of a 16-year-old boy who was stabbed to death at his home in fife .
hundreds of people have attended a festival in leicestershire for the first time in more than 30 years .
the number of wild species in the uk is at its lowest level for more than two years , according to a new study .
boris johnson has told the bbc that the uk should be able to deal with the uk leaving the european union .
a man has been killed in a gun attack in the us state of montana , officials say .
a man has been arrested on suspicion of attempted murder after a woman was stabbed to death in southampton .
a conservative mp has called for a ban on sugary drinks as part of a campaign to reduce the problem of sugary drinks .
a us judge has sentenced a transgender woman to life in prison for the murder of her daughter .
the first minister has called on the welsh government to back a new bill on the future of devolution in wales .
plans to cut the number of people in wales will be cut by the welsh government , plaid cymru has said .
a convicted fraudster has been jailed for 10 years for stealing more than # 10,000 from a convicted fraudster .
a man has died after a crash on the m6 in birmingham .