Former Netherlands midfielder Wesley Sneijder has joined French Ligue 1 side Nice.
The US State Department asked the FBI to change the classification level of a classified email sent by Hillary Clinton, newly released documents show.
American Jason Dufner will take a one-shot lead into the final round of the WGC-Dell Match Play in Texas.
Two British tourists have been arrested at the Machu Picchu archaeological site in Peru.
Olympic skeleton silver medallist Jamie Swift has announced his retirement from the sport.
Michael Dunlop set the pace in Friday's opening practice session at the Ulster Grand Prix at Dundrod.
Sunderland striker Nacho Scocco has returned to Argentine side Newell's Old Boys on a season-long loan.
West Ham have been ordered by the Information Commissioner to make public the terms of their rental deal for the London 2012 Olympic Stadium.
Egypt's new President Abdul Fattah al-Sisi has vowed to defeat Islamist militants in his first 100 days in office.
A statue of jockey AP McCoy has been unveiled at Cheltenham Festival.
A sign outside a cafe has been branded "shocking" and "distasteful" following the murder of April Jones.
At least 11 people have been killed and more than 50 wounded in two explosions on buses near the Kenyan capital, Nairobi, officials say.
A fire which forced the evacuation of dozens of homes in West Lothian is being treated as wilful fire-raising.
Tributes have been paid to entertainer Keith Harris at his funeral in Blackpool.
Former Labour MP Bob Marshall-Andrews has joined the Liberal Democrats.
Castleford Tigers won the Challenge Cup for the first time in their history with a thumping victory over local rivals Wakefield Trinity.
At least 13 people have been killed in north-eastern Nigeria when a device picked up by a vigilante group exploded, an MP has said.
A few miles from Port Talbot lies Ravenscraig, one of the last remaining steelworks in Europe.
Spencer Matthews has thanked fans for their support after winning The Jump.
Fifa presidential candidate Gianni Infantino has called for the World Cup to be rotated between countries.
Scotland will not be "sacrificed" to the chancellor's austerity obsession, Scottish Secretary John Swinney has said.
Prime Minister Theresa May has received a letter from the chairman of the inquiry into the Grenfell Tower fire, Downing Street has said.
A family in the US state of Alaska was told their son had been killed in a car crash, only to find out he was not dead at all.
South African prosecutors are to appeal against the sentence given to athlete Oscar Pistorius for killing his girlfriend.
A new maternity clinic for women who have been raped or sexually assaulted is to open at the Royal London Hospital.
More than 900 children under the age of 12 have been referred to a specialist NHS service for transgender issues in the past five years.
A group of voters has launched a legal challenge to the re-election of a London mayor.
A 23-year-old man has appeared in court charged in connection with the death of Karl Haugh in Kilkee, County Limerick.
Workers at the Post Office are to stage a 24-hour strike in a dispute over the closure of branches and pensions.
A new body has been set up to oversee the registration and regulation of non-formal teachers in Wales.
Liberal Democrat leader Tim Farron has told the BBC he does not believe gay sex is a sin.
Paint has been thrown through the window of a County Antrim community hall for the second time in less than a month.
Liverpool goalkeeper Simon Mignolet needs more help from his team-mates, says manager Jurgen Klopp after his error-strewn display against Arsenal.
More than 19,000 people have been evacuated from rebel-held eastern districts of the Syrian city of Aleppo as part of a UN-Russian deal.
Thousands of people have taken part in a march calling for the future of services at Stafford Hospital.
It's that time of year again - the summer holidays are upon us, and with them, the chance to improve your health.
Russia and Qatar had "no choice" but to bribe Fifa during the bidding process for the 2018 and 2022 World Cups, says Sepp Blatter's former chief of staff.
A terminally ill man has launched a legal challenge to the law on assisted suicide in England and Wales.
An appeal to raise money for the family of a three-year-old girl who died after becoming trapped in a lift has raised more than £10,000.
A man dubbed "Fred Flintstone" has been crowned Europe's Strongest Man.
Andy Burnham has said he has an "outside but realistic chance" of winning the Labour leadership contest.
Belfast Devils moved level on points with Elite League leaders Cardiff after beating the Capitals 2-0 at the SSE Arena on Thursday.
Former champion female jockey Kerry Turner has called for more female jockeys to take up the sport.
A woman in her 50s has died in a house fire in Ballymena, County Londonderry.
Fulham have signed Oostende striker Adama Cyriac on a season-long loan deal.
Wales made a winning start to their 2018 World Cup qualifying campaign with a comfortable victory over Moldova in Cardiff.
BBC Persian staff have been subjected to "increased levels of intimidation" from the Iranian authorities, the BBC's director in Iran has said.
A woman with learning disabilities who gave birth to six children is to be sterilised, the Court of Protection has ruled.
Chinese conglomerate Fosun has made a takeover bid for Portuguese healthcare firm ESS.
Bosses have been warned not to allow their staff to be spied on by reading their emails and text messages.
Morrisons has raised the price of Marmite for the first time this year.
People who are deaf or hard of hearing in Wales need more specialist help to find work, a charity has said.
Five teenagers have been given detention and training orders for their part in a riot in Torfaen.
Dog owners are used to talking to their pets in different languages.
A grand jury in the US state of Texas has decided not to charge anyone over the death of Sandra Bland, who hanged herself in jail.
A man accused of murdering an Inverurie man was "in a bad way" when he was arrested, a court has heard.
A bagpipes player has been found guilty of defrauding a Hillsborough charity out of £1,000.
Morocco's new coach Herve Renard is aiming to become only the second coach to win three Africa Cup of Nations titles.
Soul singer Ray BLK has been named on BBC Radio 1's Sound of 2017 list.
Thousands of Afghans have taken to the streets of the capital, Kabul, to protest against what they say is Iran's ban on fuel exports to the country.
The "potentially perilous state" of British policing is being put at risk by "unconscious" rationing, the police watchdog has warned.
Nottinghamshire fast bowler Jake Ball is in "fantastic form" with the ball, says head coach Justin Read.
A man who was caught on CCTV trying to rob a convenience store has been found guilty of attempted murder.
A 20-year-old New Zealand man is in a critical condition in hospital after falling from the 14th floor of his apartment block.
Portsmouth's jetty is to be upgraded ahead of the arrival of the Royal Navy's first aircraft carrier.
China has accused Japan of breaching its pacifist constitution after it passed controversial new security laws.
Celtic moved three points clear at the top of the Scottish Premiership with victory over 10-man Inverness Caledonian Thistle.
Wigan Warriors captain Sean O'Loughlin has defended Wayne Bennett's decision to bring in an Australian as England head coach.
Cambridge and Stevenage played out a goalless draw in League Two.
The terrible crash of AirAsia flight QZ8501 over the Java Sea was the latest in a series of tragedies that have hit the aviation industry in recent years.
David Cameron is to set out his commitment to "compassionate Conservatism" in a Commons statement after Iain Duncan Smith quit as work and pensions secretary.
The number of people living in poverty in the US remained unchanged in 2011, according to the latest figures from the US Department of Labor.
A man who set fire to a train in the Swiss town of St Gallen, injuring six people, has died, police say.
Boeing has unveiled a new design for carry-on bins on its 737 aircraft.
Australia is set to become the first country to export live cattle to China.
Wladimir Klitschko has a "chink in his armour" ahead of his fight with Anthony Joshua, says former world champion Lennox Lewis.
Transport bosses in London are to trial badges for disabled and ill people to help them find a seat on the Tube.
Leicester Tigers have extended the loan of England wing Ellis Genge from Bristol until the end of the season.
Michael Farmer extended his lead at the top of the British Superbike Championship with victory at the Knockhill meeting on Saturday.
Newport County striker James Washington says he is "proud of his achievements" after scoring twice in his last two games for Northern Ireland.
The government has begun the formal process of leaving the European Union by triggering Article 50.
Cardiff's Millennium Stadium is in talks with boxing promoters about hosting a fight between Anthony Joshua and Tyson Fury, says chief executive Ken Phillips.
Google's first-quarter net profit rose 11% to $3.3bn (Â£2.6bn), compared with the same period last year.
Pregnant women should not travel to areas with a high risk of malaria, say doctors.
In South Africa, e-book sales have more than doubled in the past year, according to the country's largest publisher of electronic textbooks.
More than half of Scots have been forced to borrow money or use credit to buy food, according to a new report.
The Taliban have captured Sangin district in the southern Afghan province of Helmand.
The disputed territory of Western Sahara is one of Africa's most sparsely populated areas.
Education Secretary John Swinney is to give a statement on the findings of a review into the death of schoolboy Bailey Gwynne.
Fans at the Download music festival have been asked to pose for selfies with armed police officers.
Competition between birds and bees for nesting sites could explain why some species are struggling to survive, say scientists.
Boris Johnson has ruled out paying the EU to maintain access to the single market after Brexit.
A cyclist has been killed by a grizzly bear in Montana's Glacier National Park, officials say.
A teenager has been arrested after a woman was raped at a railway station.
An MP has been accused of being a hypocrite after opening a shop selling Coca-Cola in his constituency.
The mother of murdered toddler Caylee Anthony has said she is "ok" with her life after being acquitted of her murder in 2011.
Devolution in Wales has not gone "as far as it should" and needs to go "further and faster", according to the head of the Church in Wales.
Carwyn Jones has said "tough decisions" will have to be made in the first year of the Welsh Government.
A fraudster who posed as a court clerk to escape from custody has pleaded guilty to eight counts of fraud.
The hard shoulder of the M4 in Birmingham has reopened after being closed following a fatal crash.