Former Netherlands midfielder Wesley Sneijder has joined French side Nice.
A senior State Department official asked the FBI to change the classification of an email from Hillary Clinton's private server, according to newly released documents.
American Jason Dufner extended his lead at the PGA Championship to three shots with an eagle at the last at Baltusrol.
A British man has been questioned by police in Peru after being caught naked at the Machu Picchu citadel.
British skeleton slider John Swift has announced his retirement from the sport.
Michael Dunlop took pole position for both Superbike races on the opening day of the Ulster Grand Prix at Dundrod.
Sunderland striker Sebastian Scocco has joined Argentine side Newell's Old Boys on loan until the end of the season.
Details of how much West Ham pay a year to play at the Olympic Stadium will be made public.
Abdul Fattah al-Sisi has been sworn in as Egypt's new president.
A statue of champion jockey AP McCoy has been unveiled at the Cheltenham Festival.
A cafe's sign in tribute to murdered schoolgirl April Jones has been criticised as "shocking" and "totally inappropriate".
At least six people have been killed and more than 50 wounded in two explosions on buses near the Kenyan capital, Nairobi, officials say.
More than 30 people had to be evacuated from their homes in West Lothian after a suspected arson attack.
Entertainer Keith Harris's funeral has taken place in Blackpool.
Former Labour MP Bob Marshall-Andrews has joined the Liberal Democrats.
Castleford Tigers became Super League champions for the first time in their history with victory over Wakefield Trinity at the Jungle.
At least 23 people have been killed in a bomb blast in north-eastern Nigeria during celebrations by vigilantes fighting Boko Haram, officials say.
The steelworks used to be a noisy place.
Spencer Matthews has been crowned champion of The Jump.
Fifa presidential candidate Gianni Infantino wants the World Cup to be played every four years.
Scotland's Deputy First Minister John Swinney has warned that the Scottish government faces "tough choices" in its next budget.
The head of the public inquiry into the Grenfell Tower fire has written to Theresa May setting out the scope of his work.
Police in the US state of Alaska have apologised to a family after telling them their son had been killed in a car crash.
South African prosecutors are to appeal against the conviction and sentence given to Oscar Pistorius for killing his girlfriend.
A new clinic is being launched to help women who have been raped give birth.
The number of children referred to a specialist service for help with gender issues has more than doubled in the past five years.
A group of voters have launched a legal challenge to the election of a mayor in east London.
A 25-year-old man has appeared in court charged in connection with the murder of Karl Haugh in Kilkee, County Clare.
Workers at the Post Office are to stage a 24-hour strike in a dispute over branch closures and pensions.
Wales' first national register of youth work and work-based learning practitioners has been launched by the Professional Standards Council for Wales.
Lib Dem leader Tim Farron has told the BBC he does not believe gay sex is a sin.
A hall in west Belfast has been attacked for the second time this year with paint.
Liverpool goalkeeper Simon Mignolet "needs help from all the players", according to manager Jurgen Klopp.
Tens of thousands of people are being evacuated from besieged rebel-held areas of the Syrian city of Aleppo.
Thousands of people have marched through Stafford to protest against the future of the town's hospital.
It's that time of year again.
Sepp Blatter's former chief of staff has claimed Fifa officials were bribed to vote for Russia and Qatar to host the 2018 and 2022 World Cups.
A terminally ill man has launched a legal challenge to the law on assisted suicide in England and Wales.
An appeal to raise money for the family of a four-year-old girl who died after becoming trapped in a lift has raised more than £6,000.
A man described as "Fred Flintstone" has been crowned Europe's Strongest Man.
Labour leadership candidate Andy Burnham has said his campaign has ended with an "outside but realistic chance" of winning.
Belfast Giants moved level on points with Elite League leaders Cardiff Devils after beating the Capitals 3-0 at the SSE Arena on Wednesday night.
Former Flat jockey Hayley Turner says it is "nice" to see more women getting into the sport.
A woman in her 70s has died in a house fire in Ballymena, County Antrim.
Championship side Fulham have signed striker Gabriel Cyriac on loan from Belgian club Anderlecht until the end of the season.
Wales made a winning start to their 2018 World Cup qualifying campaign with a comfortable victory over Moldova in Cardiff.
The BBC's director general has accused the Iranian authorities of increasing intimidation of BBC Persian staff.
A woman with learning disabilities who has six children is to be sterilised, the Court of Protection has ruled.
Chinese conglomerate Fosun has won a takeover battle for Portugal's Espirito Santo Healthcare (ESS).
Bosses have been urged not to "spy on employees" after a European Court of Human Rights ruling.
Morrisons has become the latest supermarket to raise the price of Marmite.
A charity has called for more support for deaf people looking for work in Wales.
Five teenagers who took part in a "riot" in Torfaen have been sentenced.
If you've ever had a dog, you'll know how important it is to make sure they're well taken care of.
A Texas grand jury has decided not to charge anyone over the death of Sandra Bland, who was found dead in a jail cell in July.
A man who was allegedly murdered outside an Aberdeen shopping centre was "in a bad way", a court has heard.
A well-known busker has been found guilty of fraud.
New Morocco coach Herve Renard has a tough task on his hands as the 2017 Africa Cup of Nations qualifying campaign gets under way this week.
Soul singer Ray BLK has been named the BBC's Sound of 2017 for 2017.
Hundreds of Afghans have protested in the capital Kabul against what they say is Iran's blocking of fuel exports to the country.
Police forces in England and Wales are rationing services to save money, inspectors have warned.
Nottinghamshire pace bowler Jake Ball is in "fantastic form" following his winter with the England Lions, says captain Chris Read.
A man has been found guilty of attempting to rob a shop after being caught on CCTV.
A 20-year-old Australian man has survived a fall from a 14th floor balcony in New Zealand.
Work has begun on the jetty at Portsmouth Naval Base to prepare it for the arrival of the Royal Navy's new aircraft carriers.
China has criticised new Japanese security laws that allow the military to fight abroad for the first time since the end of World War Two.
Celtic moved a point clear at the top of the Scottish Premiership with a comfortable win over Inverness Caledonian Thistle.
England captain Sean O'Loughlin says Wayne Bennett is the right man to lead the national side.
Stevenage missed the chance to go top of League Two as they were held to a goalless draw at Cambridge.
Another plane crash.
David Cameron is to defend his "compassionate Conservatism" after Iain Duncan Smith's resignation as work and pensions secretary.
The number of Americans living in poverty held steady last year, according to the US Census Bureau.
A three-year-old girl who was injured when a man set fire to a train in Switzerland has died in hospital, police say.
US aircraft manufacturer Boeing has unveiled a new design for carry-on luggage bins.
Australia says it is a step closer to resuming live cattle exports to China.
Wladimir Klitschko has "a chink in his armour" going into his heavyweight title fight with Anthony Joshua, says former world champion Lennox Lewis.
Badges are to be offered on the London Underground to help people with long-term conditions or disabilities get around.
Leicester Tigers have signed winger Ellis Genge from Bristol on a two-year contract.
Alastair Seeley's hopes of winning the British Supersport Championship suffered a setback on Saturday as Ryan Farmer took victory in the opening race at Knockhill.
Northern Ireland striker Conor Washington says he is still coming to terms with his rapid rise from non-league to international football.
BBC Scotland readers have been using Your Questions to ask us what they want to know about the EU referendum.
Cardiff's Millennium Stadium would be "happy" to host a world title fight between Anthony Joshua and Tyson Fury, says chief executive Martyn Phillips.
Google's net income for the first three months of the year rose 11%, to $5.3bn (£3.4bn).
Pregnant women should be aware of the risks of malaria, say doctors.
In our series of letters from African journalists, filmmaker and columnist Farai Sevenzo looks at the growing trend of digital education in South Africa.
One in five Scots has gone without food at least once in the past year, according to a survey.
The capture of Sangin district headquarters by the Taliban in Afghanistan's Helmand province will be a major blow to the government of President Ashraf Ghani.
Western Sahara, a former Spanish colony, is a semi-desert territory in north-west Africa.
Scotland's Education Secretary John Swinney is to announce his response to a review into the death of schoolboy Bailey Gwynne in Aberdeen in 2007.
Armed police at Download have been taking selfies with fans in the wake of recent terror attacks.
Bumblebees and birds are more likely to survive if they nest later in the year, a study suggests.
Boris Johnson has said he sees "no reason why those payments should be large".
A grizzly bear has killed a cyclist in Montana's Glacier National Park.
An 18-year-old man has been arrested after a woman was raped at a railway station.
A row has broken out over an MP's criticism of a Coca-Cola sweet shop in his constituency.
A Florida mother who was cleared of murdering her two-year-old daughter has spoken publicly for the first time since her acquittal.
Devolution in Wales has not reached the point where it is "a just settlement", the Archbishop of Wales has said.
First Minister Carwyn Jones has promised a "relentless focus" on the economy and public services as Labour set out its priorities.
A conman who conned his way out of prison by posing as a court clerk has been described as "extraordinary" by a judge.
The hard shoulder of the M6 has reopened following a fatal crash.