former manchester united midfielder david nice has signed a new two-year deal with the club .
us secretary of state john f kennedy has said he is `` very disappointed '' by the fbi 's response to the fbi 's handling of the us election .
scotland 's rickie dufner shot a six-under-par 66 to move into a share of the lead at the halfway stage of the scottish open .
two british tourists have been arrested on suspicion of illegally entering the country , the foreign office has said .
olympic silver medallist david swift has announced his retirement from international sport .
michael dunlop and michael dunlop were among the winners at this year 's isle of man tt races .
huddersfield town have signed winger arrived scocco from portuguese side newell newell for an undisclosed fee .
london mayor boris johnson has signed a contract with the premier league club .
egyptians have elected president abdul fattah al-sisi as president of the capital , cairo .
ap mccoy has become the first jockey to win a gold medal at the cheltenham festival .
a sign sign sign about the sign of a cafe sign sign on the sign of a cafe sign .
at least 39 people have been killed in a series of explosions in kenya 's capital , nairobi , officials say .
a man has been arrested on suspicion of arson after a fire broke out at a house in west lothian .
entertainer keith harris has died at the age of 77 , his family has announced .
labour mp david marshall-andrews has said he will not stand in the richmond park by-election if he wins the general election .
super league leaders castleford tigers came from behind to beat castleford tigers in the super 8s .
at least 13 people have been killed in a suicide bombing in yemen 's capital , sanaa , officials say .
in the wake of the battle of the somme , the bbc 's music 4 looks at how the uk is in the middle of the country .
former x factor contestant cheryl spencer has been crowned sports personality of the year .
fifa president gianni infantino has backed a proposal to host the 2026 world cup in 2022 .
scotland 's finance secretary john swinney has said he is `` extremely optimistic '' about the uk government 's spending budget .
the prime minister has written to prime minister sir martin ferguson to discuss the inquiry into the grenfell tower fire .
the family of a man who was killed in a car crash in orlando , florida , have paid tribute to him .
south african athlete oscar pistorius has been sentenced to life in prison for killing his girlfriend reeva steenkamp .
a new initiative to help women with mental health problems has been launched by the nhs in england .
the number of children being referred to children in england and wales has risen by more than 50 % in a year , figures show .
a former mayor of tower hamlets in london has been found guilty of electoral fraud .
a man has appeared in court charged with the murder of mr walsh in the republic of ireland .
post office staff have announced plans to close two post offices in the post of post office closures .
a new scheme aimed at improving youth education in wales has been announced .
lib dem leader tim farron has said he will not resign as leader of the liberal democrats .
police have released cctv images of a man they want to speak to in connection with an assault on a hall hall in londonderry .
liverpool manager jurgen klopp said he was `` embarrassed '' by his side 's 2-1 defeat by liverpool at anfield .
dozens of syrian civilians have been evacuated from besieged rebel-held eastern districts of the syrian capital , damascus , officials say .
hundreds of people have taken part in a protest against the closure of stafford hospital .
you 've been using your questions to tell us what you want to know about the west midlands .
fifa president sepp blatter has accused the swiss authorities of `` us '' allegations of corruption in world football .
a man with motor neurone disease has told a high court judge that he will not be able to die to die .
the family of a woman who died in a house fire in dorset have said they are `` devastated '' by the appeal .
former world champion competitors competitors has become the first man to win the grand prix of the year .
labour leadership contenders andy burnham and andy burnham have won the contest to become the next leader of the labour party .
belfast giants moved to within a point of the league two play-off places with a comfortable win over cardiff devils .
former olympic champion hayley turner has said she is `` not a job '' after being named in the queen 's birthday honours list .
a woman in her 70s has died in a house fire in county londonderry .
fulham midfielder whom anderlecht has signed a new two-year contract with the championship club .
wales began their euro 2016 qualifying campaign with a comfortable victory over moldova in cardiff .
a prominent iranian human rights worker has been arrested in iran , the bbc has learned .
the mother of a woman who was sexually abused by her mother has said she is `` deeply disappointed '' by the court of appeal .
one of the world 's richest men , fosun fosun , has been bought by chinese authorities in the us .
the european court of human rights -lrb- echr -rrb- has been criticised by the european court of human rights -lrb- echr -rrb- .
supermarket chain morrisons has reported a rise in profits for the six months to the end of june .
a charity is calling for an end to the closure of the welsh ambulance service in wales .
three teenagers have been charged over a spate of fireworks incidents at a fireworks factory in torfaen .
you 've been using your questions to tell us what you want to know about the west midlands .
the family of richard bland , who was arrested over the death of a black woman in the us state of pennsylvania , has been charged with manslaughter .
a man has told a court how he saw a man dressed as a man outside a shopping centre in aberdeen .
a former liverpool police officer has been found guilty of fraud and perverting the course of justice .
morocco coach herve renard has been named as the new coach of the africa cup of nations .
singer ray ray has been named as the winner of this year 's bbc music sound of 2017 .
iran 's foreign ministry says it has halted fuel fuel fuel from afghanistan , amid a row over fuel shortages .
the number of police forces in england and wales has fallen to its lowest level since records began , a report has found .
nottinghamshire 's jake ball has been ruled out for the rest of the season with a knee injury .
a man who robbed a shop worker in glasgow has been jailed for two years .
a man from new zealand has died after falling from a balcony in new zealand .
the royal navy 's new aircraft carrier will be officially opened in portsmouth , the ministry of defence has announced .
japan 's defence ministry has voted in favour of its military defence legislation , amid criticism from the country 's defence ministry .
celtic returned to the top of the scottish premiership with a comfortable win over inverness caledonian thistle .
new england head coach steve bennett says he is `` proud '' to become england 's next head coach .
cambridge moved into the league two play-off places with victory over cambridge at cambridge .
it 's been a year since flight mh17 , the world 's longest aircraft crash .
former cabinet minister iain duncan smith has resigned from his position as chancellor of the exchequer .
the number of people living in the uk has risen by more than a third in the three months to march , according to a new report .
a man has been killed in a knife attack on a train in the german city of duesseldorf , police say .
boeing has announced plans to build a new type of bin implant .
australia has agreed to export imports of cattle from australia to china in a deal worth $ 25bn -lrb- Â # trade -rrb- .
anthony joshua will fight wladimir klitschko for the ibf heavyweight title against wladimir klitschko on saturday , says former heavyweight champion anthony lewis .
transport for london -lrb- tfl -rrb- has launched a trial of london mayor sadiq khan as part of a trial of transport for london -lrb- tfl -rrb- .
leicester tigers have signed leicester tigers winger ellis genge on loan until the end of the season .
northern ireland 's mark elliott will take a mackenzie lead into the second round of the northern ireland grand prix .
washington dc has become the most important player in the world , according to washington dc .
the result of the referendum on the uk 's membership of the european union has been rejected .
welsh rugby union chief executive martyn phillips says he wants to use his world heavyweight title fight with wladimir klitschko .
google has reported a sharp rise in advertising revenue in the wake of a surge in advertising revenue .
the number of women born in the uk is at risk , according to a report by the royal college of obstetricians .
in our series of letters from african journalists , film-maker and columnist farai sevenzo looks at the technology industry .
more than half of scots do not pay a debt , according to a new study .
the afghan taliban have regained control of the southern province of helmand , in helmand province , helmand and lashkar gah .
a chronology of key events : .
a review of the death of a 16-year-old boy who was stabbed to death at a school in aberdeen has been opened .
police have said they are `` deeply concerned '' about the number of people taking part in this year 's festival .
birds of prey could soon be reintroduced to birds , according to a new study .
david cameron has said he is `` disappointed '' by the government 's decision to leave the eu , saying it would be `` impossible '' to leave the eu .
a man has died after being shot in the head by a bear in the us state of idaho .
a man has been arrested on suspicion of rape after a woman was raped in southampton .
an mp has called for a ban on sugary drinks in the uk as part of a crackdown on sugary drinks .
us footballer anthony martial has been found guilty of killing her daughter , who was convicted of killing her daughter .
the new welsh secretary of state for wales has said the welsh assembly is `` not good enough '' .
the welsh government is to cut its budget for the first time since the general election , the first minister has said .
a convicted fraudster has been found guilty of fraud after being found guilty of fraud and fraud .
a man has died after a crash involving a car and a lorry on the m6 in wolverhampton .