inter milan have completed the signing of inter milan midfielder romain defoe on a three-year deal .
the fbi says it is `` extremely concerned '' that the us government had access to the intelligence agency 's email account .
scotland 's peter dumoulin is one shot off the lead after the second round of the travelers championship .
two british tourists have been arrested in peru on suspicion of spying , the foreign office has said , after being released on bail .
world champion taylor swift has announced his retirement from the sport at the 2018 winter olympics in sochi .
michael dunlop won the ulster grand prix at dundrod on sunday to move into the final race of the season .
sunderland have completed the signing of argentine defender federico favela from manchester united for an undisclosed fee .
the mayor of west ham has written to the city 's mayor asking for the city to pay for renting the olympic stadium .
egypt 's president abdul fattah al-sisi has said he will step down as president of the hague .
jockey ap mccoy has been named as the winner of this year 's cheltenham festival for the first time .
a cafe owner in powys has said she is `` disgusted '' by the disappearance of a 15-year-old girl .
at least 14 people have been killed and several injured in a bus crash in the kenyan capital , mogadishu .
a fire which broke out at a recycling centre in the scottish borders was started deliberately , police have said .
hundreds of people have attended the funeral of entertainer rolf harris , who has died at his home in blackpool .
lib dem leader tim farron has said he will not stand in the richmond park by-election .
adam webster 's hat-trick helped wakefield to a comfortable win over wakefield at the kcom stadium .
boko haram militants have carried out a mass attack on a school in north-eastern nigeria .
it 's been a year since the steel crisis that has left port talbot and port vale of port talbot for decades .
callum smith has won the bbc sports personality of the year award for the first time in his career .
fifa president sepp blatter has backed fifa 's bid to host the 2022 world cup .
scotland 's finance secretary john swinney has said the uk government is `` absolutely committed '' to spending cuts .
the prime minister has said he is `` very concerned '' about the grenfell tower fire inquiry .
a priest in the us state of alaska has given birth to his daughter 's pet in a dog .
oscar pistorius has been sentenced to life in prison for the murder of his girlfriend reeva steenkamp .
a pilot scheme to help women who have been raped is to be launched by the nhs in england .
more than 1,000 children in nottinghamshire have been diagnosed with transgender or transgender , figures show .
a london mayor accused of electoral fraud and electoral fraud has told a court he is `` devastated '' by the electoral commission .
a 29-year-old man has appeared in court charged with the murder of stephen hazzard .
hundreds of postal workers in the uk are to go on strike in a dispute over pay and pensions .
a new scheme to help young people with learning disabilities is to be launched in denbighshire .
lib dem leader tim farron has said he wants to be the next liberal democrat leader in the general election .
police have released cctv images of a man they want to trace in connection with a gang of vandalism .
liverpool manager jurgen klopp said liverpool boss jurgen klopp was `` not good enough '' to reach the fa cup quarter-finals .
more than 1,000 people have been evacuated from besieged rebel-held areas of the syrian city of aleppo .
hundreds of people have attended a rally in stoke-on-trent to protest against the closure of the nhs .
it 's a time of year and you 'll find out why you 've been using your hairdresser .
fifa president sepp blatter says he is `` shocked '' by allegations of corruption in football .
a terminally ill man has become the first person to die in the uk to die from cancer .
the family of a girl who died after she was crushed to death in a wheelie bin have launched a fundraising appeal .
britain 's jodie stimpson has won the world triathlon series event in iceland .
labour leader jeremy corbyn has said he will not win the leadership of the party 's leadership .
belfast giants secured a bonus-point win over edinburgh capitals at the sse arena on saturday night .
double olympic champion victoria turner says she is `` proud '' of her career after winning the women 's race at aintree .
a woman has been rescued from a house fire in west belfast after a fire broke out in the city .
fulham have re-signed striker andre o'brien on loan until the end of the season .
gareth bale scored a hat-trick as wales beat moldova 2-0 to reach the last 16 of euro 2016 .
the head of iran 's most prominent human rights group has said he has been detained in iran .
a couple have been told they will not be allowed to give birth to their baby , a judge has ruled .
one of the world 's best-known coffee firms is buying a coffee business in portugal .
the european court of justice -lrb- ecb -rrb- has ruled that companies should be banned from using electronic devices .
sainsbury 's has said it will cut the price of unilever -lrb- ppg -rrb- from tesco and tesco .
a charity has said it is `` concerned '' about the impact of disability benefits in wales .
three teenagers have been jailed after a spate of petrol bombs were thrown at police vehicles during a protest in london .
you 've been using your questions to ask us what you want to know about the west midlands .
the family of a police officer shot dead by a man in his cell have been cleared of misconduct .
a man accused of attacking a man with a baseball bat has told a court he was `` too drunk '' .
a former police officer has been found guilty of trying to buy a bus from a pub where he worked .
morocco coach hugo broos has been named as the new coach of the 2017 africa cup of nations .
zayn malik has said she is `` absolutely committed '' to the music industry 's sound of music .
tens of thousands of people have protested in the afghan capital , kabul , in protest against a fuel subsidy .
police forces in england and wales are `` not doing enough '' , a watchdog has said .
nottinghamshire and england all-rounder stuart ball has signed a new contract with the county until the end of the 2018 season .
a man has been jailed for two years for attempting to murder a mother in a `` cowardly attack '' .
a new zealand man has died after falling from a balcony on a balcony in new zealand , police say .
the royal navy has announced plans to build more than 1,000 new jobs at the shipyard of portsmouth .
japan 's parliament has approved a new military law that will allow military personnel to take part in world war two .
celtic came from behind to beat inverness caledonian thistle and reach the scottish cup quarter-finals for the first time .
new england head coach wayne bennett says he is `` confident '' his side can win the world cup .
cambridge united moved up to second in the league two table with a hard-fought win over stevenage .
in the wake of the malaysia airlines plane crash that killed more than 100 people , the bbc 's geeta pandey report on the scale of the plane 's aviation history has been published .
former chancellor iain duncan smith has resigned as shadow chancellor of the exchequer , saying he is `` confident '' the uk will remain in the eu .
the number of people living in the us has fallen to its lowest level since 2009 , according to official figures .
a man has been killed and another injured in a knife attack at a railway station in central germany .
boeing has announced plans for a new flight from hoverboard to brighton to hoverboard .
australia 's agriculture minister has agreed to resume cattle in the country , ending a five-year drought .
wladimir klitschko will defend his ibf heavyweight title against wladimir klitschko at london 's o2 arena .
transport for london -lrb- tfl -rrb- has launched a trial to help people with breast cancer .
leicester tigers have signed leicester tigers fly-half ben cockerill on a two-year deal .
colin turkington secured his first victory of the season in the british superbike championship at donington park .
former republic of ireland striker john o'neill says he is `` happy '' to score a goal in the euro 2016 qualifiers .
the scottish parliament has voted to leave the european union - and it 's a very difficult moment .
former welsh heavyweight champion anthony joshua says he will not be able to defend his ibf heavyweight title against wladimir klitschko .
google shares fell more than 4 % after the company reported a rise in advertising revenue and advertising revenue .
pregnant women in india are being warned to avoid malaria because of a disease that has spread to the uk .
in our series of letters from african journalists , film-maker and columnist farai sevenzo considers the future of africa 's digital sector .
more than a third of people in scotland do not afford to repay their debt , according to a new report .
the taliban have captured the strategically important town of sangin in the western afghan province of helmand .
morocco is one of the world 's most remote islands , but it is also known as poli .
the school of bailey gwynne is to investigate the killing of schoolboy bailey gwynne .
a music festival has come under way in leicester to help police cope with the threat of terror attacks .
a new study has suggested that the number of wild species in england could be at risk of extinction .
boris johnson has said he is `` confident '' that the uk will not be able to leave the eu .
police in the us state of ohio have arrested a man suspected of killing a cyclist and injuring a woman .
a man has been arrested on suspicion of attempted murder after a woman was raped in a car park .
a labour mp has called on leicester city council to introduce a `` sugar tax '' on sugary drinks .
the daughter of a us woman accused of murdering her daughter has said she is `` shocked '' and `` devastated '' .
new powers for devolution should be devolved to wales , wales ' first minister has said .
plaid cymru leader leanne wood has said he is `` confident '' the welsh government will deliver free childcare in wales .
a man has been jailed for four years for conspiring to steal # 2m from a bank account .
a section of the m4 motorway has reopened after a lorry overturned on the m5 in birmingham .