Anuradha Koirala has a rehab center in Kathmandu that is home to 425 young women and girls . She has offered to take in 200 other girls orphaned by the disaster . Koirala's group is relying on bottled water and is now rationing food .
Thousands of bacteria colonies were discovered on banknotes and coins chosen at random from scientists ' pockets . The experiment involved treating the coins in a substance that allows bacteria to grow quickly , highlights how dirty handling money can be . Among the bacteria found on a ten pound note is Bacillus mycoides , which is harmless .
Porto have received # 440million from player sales in the last 11 years . The Portuguese champions have made a habit of selling on players for huge profits . 19 of the 29 players featured in the table have South American backgrounds .
Carrie Reichert , 43 , claims she was ` overdressed ' when she saw Harry playing strip billiards . She has now written a book about the night in the eye of the Royal Story . In an excerpt from her upcoming book , she says she couldn't help but notice how ` adorably cute his naked a ** was ' . Prince Harry was said to have invited 10 women to his VIP suite . Ms Reichert spent a month in Harrison County Jail in Mississippi after being arrested for cheque fraud .
Eva Chapin , 34 , from West Linn , Oregon , was booked into jail after she left a string of offensive post-it notes on the door of the family home . The qualified nurse referred to the residents , who are believed to have roots in Ghana , as ` n *** ' but wrote : ' I Am Not Racist ' . One of the notes read : ` apes were never meant to drive so stop ' . Another said : ` I 've been here 22 years and no [ expletive ] and now you .
Justin Rose missed the cut in three of his previous five tournaments on the PGA Tour . Rose was unable to take victory at the Masters despite Carding 14 - under - par . Rose wants to follow the lead of Rory mcilroy who had a relentless winning streak in the summer of 2014 .
Zbigniew Huminski , 38 , has confessed to strangling his nine - year - old victim . She was stripped naked and sexually assaulted after being forced into Huminski's car . He had been banned from French territory after being convicted twice for ` Extreme Violence ' . But he had driven to France in a Polish registered car this week , and intended to travel to Britain to stay with family who had emigrated there . DNA evidence corroborated by an autopsy showed ` strangulation and sexual violence ' .
Mary Ann Diano was left homeless when the storms hit Staten Island , New York , in October 2012 - but now says because of Hurricane Sandy she has met the love of her life . The 62 - year - old's home has lived in a trailer park in Connecticut every since the disaster where she met her partner Dennis Krauss . Ms Diano's troubles first began when she stayed at home with her five cats during the storm , which caused chaos when it hit 24 states in the US .
Cesc Fabregas was caught in the face by Stoke City midfielder Charlie Adam . The Spaniard was left bloodied after being caught by a flailing arm . Fabregas posted a picture to Instagram with the caption : ` Italy with Dr Paco ' .
Maren Sanchez , 16 , was stabbed to death at Jonathan Law High School in Milford , Connecticut on April 25 , 2014 . A classmate , Christopher Plaskon , has been charged with murder as an adult . Sanchez's mother , Donna Cimarelli , said : ` If you knew Maren , she would have embraced an event like this ' .
Dispute started in 1980 when owner planted vegetable patch which withered and died . Audrey Alexander , 54 , bought the house and asked her neighbour Jeanette Robinson to trim the hedge . Mrs Alexander claims the trees knocked # 20,000 off the value of her property . Stirling Council has now ruled that the hedge can stay .
Catherine Nevin was allowed out on day release despite being jailed for life in 2000 for arranging to have her husband Tom shot dead . The 62 - year - old was allowed to attend an addiction studies course in Inchicore , Ireland . She walked through the city centre to Dorset Street where she waited for a bus before attending the course . Her temporary release is understood to have been approved by the Parole Board and sanctioned by the Justice Minister .
Didier Drogba set up the ` Didier Drogba Foundation in Africa ' . The Chelsea forward hopes to inspire the next generation of footballers in Africa to fall in love with the game . The 37 - year - old scored the equaliser for Chelsea against Leicester on Wednesday . He said : ' I come from a poor family where I played football in the streets with my friends with no shoes , there was no grass but we still enjoyed it ' .
Theodora Hawksley , 29 , was until recently a post-doctoral researcher in theology at the University of Edinburgh . At the beginning of the year she decided to become a nun . She joined the Congregation of Jesus in January and is now living in their house in Willesden , North London .
Queens Park Rangers defeated West Brom 3 - 0 in their Premier League clash at The Hawthorns . Bobby Zamora opened the scoring for QPR with an astounding lob from a narrow angle . Charlie Austin headed QPR's second goal of the game for QPR on the 35th minute .
The Red Wings ' Drew Miller says he's eager to hit the ice again just a day after receiving a cut that could have cost him his eyesight . The incident occurred shortly after a faceoff during the first period of Tuesday's game between the Red Wing and the Senators . While battling for the puck , Ottawa's Mark Stone lost his balance and lifted his skate backwards in an arc , catching Miller just under his visor .
Arsenal vice-captain per Mertesacker says Jurgen Klopp would be a top manager in the Premier League if he opts to continue his career in England . Mertesacker believes Klopp's passion would fit and to see him in England would be very interesting .
Appleinsider has spotted nine job listings on Apple's official recruitment site in the past month that relate to batteries . These include an IOS Battery Life Software Engineer , a Software Power Systems Engineer , battery pack engineering manager and a Cell Engineer . Apple defines the Apple Watch Battery on its watch product page . It says its All - day battery life is based on 18 hours of use .
Andy Murray will marry ☐ Kim Sears in his hometown on Saturday . There are believed to be well over 100 people attending , but star spotters will find celebrities in short supply as the couple focus on celebrating with family and genuine friends . Murray confirmed the couple will not cash in on photography rights to any magazines .
Paula Dunican spent # 25 on the Baby Blue Coat at her local branch in Canterbury . But when the 49 - year - old took it home she noticed a dark stain ` seeping through ' . Inside , a four inch - long gecko was flattened , its scales imprinted onto the fabric . Asda apologised and offered her a refund and # 40 voucher .
Ronnie Carroll died just two days after successfully getting on the election ballot paper for Hampstead and Kilburn . Due to stand as an independent , Mr Carroll was 80 and had contested elections before , winning 29 votes in the Haltemprice and Howden by - election - despite campaigning for a record score of 0 . He died following a battle with cancer , during which a friend handed in his election nomination papers as he was too ill to do so himself .
Britt McHenry , 28 , has been suspended for a week after footage emerged showing her attacking a single mother - of - three at a Chinese restaurant in Virginia . Her car had been towed from the parking lot of the Chinese restaurant . She resorted to insulting the employee's looks , intelligence , and social status . But despite viewers ' calls for harsher punishment , the network has reinstated her to her role with a spot on sportscenter this weekend .
Chloe Owens , 27 , from Swanley , Kent , came up with the idea for Bump 2 breast when she was pregnant with daughter Lola , now three months old . The app , which is available on all mobile platforms , has already been downloaded 20,000 times and is getting rave reviews .
Harley Street is famed for attracting business from those who don't have to consider the cost . Michael Pulman , 33 , a care worker from Walsall , spent # 7,500 on a hair transplant . Emma Tallon , 27 , from Leighton Buzzard , has her baggy jowls removed .
General Motors has unveiled the Chevrolet - FNR Car . It has ` Dragonfly ' swing doors that open upwards and ` Crystal Laser Headlights ' . The car was unveiled at the Shanghai General Motors Gala Night This Week . It was developed in Shanghai by GM's Pan Asia Technical Automotive Centre ( PATAC ) joint venture .
Lynne Abraham collapsed on stage 10 minutes into the hour - long debate between Democratic candidates running for Mayor of Philadelphia on Tuesday night . The 74 - year - old former Philadelphia District Attorney allegedly suffered a momentary drop in blood pressure due to the unforgiving stage lights . Mayoral candidate Nelson Diaz helped her stand up when she regained consciousness . Abraham said she was embarrassed but feeling well and that the incident won't impact her campaign .
Drivers pulled over on Interstate 20 in albilene , Texas , got out of their cars and walked toward oncoming traffic to pick up the cash . A video posted on Facebook shows motorists frantically grabbing the notes in between stopped vehicles , while others were forced to slow down and veer out of the way . The passenger door of the Brinks Armored Truck Somehow opened as it was moving causing a plastic bag with a ` substantial amount of money ' to be blown out .
Godfrey Elfwick was recruited via Twitter to Talk About Star Wars Films . He said the films are anti-women , anti-gay and that Darth Vader listens to rap music . Mr Elfwick's Twitter bio states that he is a ` demisexual genderqueen Muslim atheist ' . He also tweeted : ` The fact that the bad guy was All Black and ate watermelons was unbelievably racist even for the 70's ' .
Kathy Ferreiro , 21 , has been dubbed the ` Cuban Kim Kardashian ' by the city's fashion crowd . The Miami - based Latina says her curves are 100 per cent natural and she loves a selfie .
Twitter suspended more than 10,000 accounts linked to Isis last week . Most of them claim to be linked to extremists currently terrorising vast swathes of the Middle East . Twitter says Cull was prompted because they were being used by Tech - savvy jihadis to issue threats of violence .
Residents living yards from the scene of the # 60million Hatton Garden Heist have revealed how they were hit by ` Peculiar ' power cuts . They also claim to have heard ` drilling ' noises on the evening of Good Friday , but thought this was a continuation of road works that had been taking place in recent weeks . Meanwhile it has been alleged that the thieves returned a day after the initial robbery to steal more loot after becoming ` greedy ' .
Shiraz Nawaz , 36 , said he felt lucky to be alive after the 15 - foot flames shot out of the manhole in Shirley , Solihull . Father - of - two had been on his way to a local takeaway when he heard buzzing from the ground just a few feet behind him . Firefighters extinguished the blaze , which they said was caused by a fire in an underground link box - which distributes electricity .
A 12 - year - old Israeli Girl is missing after a tour boat she was on exploded . The Ao Nang Princess 5 Ferry was carrying more than 100 people , including many foreign tourists . Passengers were throwing themselves into the Andaman Sea after the engine exploded and flames ripped through the boat .
Man spotted urinating in field of vegetables in Benington , Lincolnshire . Member of the public took the picture and informed th Clements & Son . Tesco has said its vegetables undergo ` extensive assessment and review process ' .
Muhammadu Buhari's victory in Nigeria's election represents a moment of maturity in West African politics . But thanks to oil , there is also tremendous wealth in Abuja .
Bulgaria's most popular resort of Sunny Beach is a carbon copy of those of Spain and Greece . It is one of 13 European hotspots out of 14 where your cash will go far further this summer , thanks to rock - bottom exchange rates and higher inflation in some countries .
Warning : Graphic Content . A man was apparently beheaded by ISIS in Hama , Syria , for being an alleged ` blasphemer ' . In one of the images the victims is seen blindfolded and kneeling on the floor . The next photo shows the man after he has been murdered with his severed head placed on his body . It follows a video released by ISIS which warns ` America will burn ' and threatens a repeat of the 9/11 atrocity that saw the Twin Towers destroyed .
Denise and Glen Higgs , from Braunton , Devon , had all but lost hope they would ever be able to conceive . But using his frozen sperm , doctors created eight embryos through IVF fertility treatment and the couple had a daughter Mazy , born three years ago . Denise gave birth to twins Carter and Carson Last Week .
Gatso had enforced 30mph speed limit for motorists in Handsworth , Birmingham . But it has not been working for two years after every single fixed device was switched off in the West Midlands .
Charles Terreni Jr was four times over the legal alcohol limit when he died , an autopsy has found . He was found at the Pi Kappa Alpha House in Columbia , South Carolina , around 10:30 am on March 18 , the morning after an alleged ` kegger ' at the House for the annual Irish holiday . On Wednesday , several stray cups and a keg were seen on the porch , as well as clover decorations .
Saudi Arabia launched air strikes on Yemen a month ago to stop advances from the Shiite rebels , who are allied with Iran and previously overthrew the Saudi - backed government . Prince Alwaleed Bin Talal , who owns $ 300 million stake in Twitter , apparently made the pledge on social media but the post has since been deleted .
Footage captured at Spring Garden Station in Philadelphia on Tuesday shows the group of youngsters viciously attacking the victims just seconds before the train pulls into the station . They then pull them to the ground , punch them and repeatedly stamp on their heads . The brawl , involving students from Benjamin Franklin High School , even spilled onto the tracks . Witnesses tried to intervene , but couldn't break up the group as the assailants continued on hitting the helpless youngsters .
Paul and Laura Elliott decided to do something different for their wedding day . They combined their love for running and love for each other by tying the knot . Paul , 41 , lost his father to bowel cancer 19 years ago . The couple have raised # 7,000 so far to honour his memory on this special day .
Nasr Bitar spotted Google Street View on the streets of Mississauga , Canada . He followed in his own vehicle to get the All - important ` selfie ' . Image of his selfie has now been shared almost 2.9 million times .
Rory mcilroy is looking to complete his career Grand Slam with victory at the Masters . The 25 - year - old was caddied by One Direction Superstar Niall Horan on Wednesday . mcilroy has won all four of golf's majors in the Masters era .
Danny Higginbotham gave Sunderland the lead during the 2007 - 08 Premier League season against Aston Villa . Keane gave the Black Cats the lead in the 1 - 1 draw at the Stadium of Light . Higginbotham described Keane's attempt to motivate his players . Higginbotham also said Keane once demanded for him to swear at and criticise his team - mates instead of getting behind them .
The ornate bed was dumped in the car park of Redland House Hotel in Chester . Builders dismantled the piece of oak wood furniture and left it to be picked up by auctioneers . It was snapped up for # 2,200 in 2010 by Ian Coulson , a four - poster bed specialist from Northumberland who spotted it on the Internet . DNA from the bed's timber proved it once belonged to King Henry VII and he traced it back to 1495 , when Henry VIII went to Lathom in Lancashire .
In 2009 , a Bay Area Rapid Transit officer fired his gun instead of his Taser , killing Eric Harris . Law enforcement experts say the gun should be holstered on the officer's dominant side of the body . If an officer is left - handed , the Taser should be placed on the left side .
The 21 - year - old singer argued with security after being stopped at the artists ' entrance where Drake was performing at the event in Indio , California . A video obtained by TMZ appears to shows Bieber being put in a chokehold and escorted from the area . Bieber's team tangled with security and the singer was then ordered to leave the festival . Sources close to Bieber told TMZ that he voluntarily left and was considering taking legal action against the security guards .
Former Everton chairman Sir Philip Carter has died aged 87 . Carter also served as President of the Football League and a vice-president of the FA . Current Toffees Chairman Bill Kenwright also paid tribute to the former chairman .
Border Collie Ace and Holly stood up on their hind legs , with their front paws up . Owner and trainer Dai Aoki runs the Waterloo , Australia - based dog care company positive dog care . PUP tales pointed out that the TV show ` The Living Room ' deemed Ace Australia's smartest dog in 2014 .
Dayna Dobias , 19 , from Downers Grove was born with cerebral palsy . She has created a video in which she dances to Taylor Swift's Shake It Off .
Police say they have no objections to the 4 pm kick - off for Sunday's Manchester Derby at Old Trafford . The kick - off was agreed by all parties and revealed that the decision is down to good behaviour from supporters of each side . The Last Time United and City met in a late kick - off for a weekend match was in the FA Cup semi-final at Wembley in 2011 inside the ground fans in and close to the away end will be limited to two drinks every time they visit the bar .
Mustafa Kamal resigned as ICC President on Wednesday . He accused India of influenced the outcome of the Cricket World Cup quarter - final against Bangladesh . Kamal said he spoke as a fan , and not the president . ICC asked him to either withdraw his statement or apologise for his outburst .
Floyd Mayweather and Manny Pacquiao meet in Las Vegas on May 2 . It is being billed as the fight of the century and is worth at least $ 180million and $ 120m to Mayweather and Pacquiao respectively . Former undefeated world super-middleweight and light - heavyweight champion Calzaghe is confident he can predict the outcome . Mayweather has an impressive record , winning all of his previous 47 professional career fights , 26 by knockout .
Winchester Council said its annual clean - up of roads around the city had been hit by New Health and Safety Executive rules designed to protect litter - pickers from traffic . HSE denied tightening rules - and said councils were ` over-interpreting ' legislation . Former Poet Laureate Sir Andrew Motion said : ` Every Day , people tell us that they are disgusted , angry and ashamed of the state of England's Roads ' .
Simon Wood , 38 , from Oldham , won masterchef Last Friday . Hasn't been on a single cookery course or even had one lesson . Learned form reading recipe books or watching TV shows .
Manchester City's tenacious , creative and versatile midfielder James Milner could leave as a free agent . Swansea's Gerhard Tremmel , 36 , is the understudy for Lukasz Fabianski but has done well in the cups . England's first - choice right - back at the World Cup is still a regular for Liverpool , but he looks almost certain to end his six - year spell at Anfield this summer .
Mikenzy Snell and her best friend Matt Pliska , who has Down syndrome , were photographed holding a sign at their junior prom in Waupaca , Michigan .
Police say Michael Scott Shemansky came to their attention after he failed to appear for a supervised visit with his son on the same day Sandra Shemansky , 57 , was found dead at the home they shared in Winter Garden . An initial investigation determined there was foul play . He is already on parole for battery on law enforcement , has a history of bipolar mental illness , and was involuntarily committed to a psychiatric ward for an attempted suicide .
Bayern Munich beat Porto 6 - 1 in Champions League quarter - final at the Allianz Arena . Thomas Muller became the leading German scorer in the Champions League . The 25 - year - old scored the fourth goal of Bayern's 6 - 1 win against Porto . It was the World Cup winner's 27th Champions League goal .
Domenico Rancadore , 65 , fled to Britain in the 1990s and was convicted in Italy for his role as a ` Man of Honour ' . He was sentenced to seven years in 1999 for being a member of the Cosa Nostra . In February he lost his year - and - a-half battle against extradition and was told he must return to Italy to serve his sentence . Today it emerged that the 65 - year - old's case expired last October and his European Arrest Warrant is to be withdrawn .
Baron the German Shepherd was filmed as he helped get the dishes done at home in California . Footage shows the pup reaching up and grabbing rinsed goods between his teeth from the sink , before loading them into The Dishwasher . To date the clip of Baron Dishwashing has been watched more than 27,000 times .
Sports brand features on Leaflet in terror group's de facto capital Raqqa . Warning Isis Jihadis about items of clothing they are no longer allowed to wear . Comes after one militant decried the popularity of Nike among ISIS fighters . He compared brand's name and Famous ` tick ' logo to wearing a Christian cross ban comes despite the fact one of the group's most famous commanders , Abu Waheeb , is well known for wearing Western sportswear .
The 60 - year - old actress turned down the role of Tony's wife Carmela in the HBO drama because she had already played a mobster's wife in Goodfellas nine years ago . She accused chase of lazy casting and chose instead the complicated role of Dr. Melfi , who provided the therapy that allowed New Jersey mob boss Tony Soprano to justify his enormous acts .
Kevin Carr set off from Haytor on Dartmoor in July 2013 and every day since then he has completed on average one and a quarter marathons a day . The 35 - year - old from Woolacombe in Devon is due to complete his 16,300 - mile Epic Journey Tomorrow in Devon . If he is successful , Mr Carr will beat the current record held by Australian ultramarathon runner Tom Denniss by 24 Hours .
David Axelrod masterminded two presidential election wins for Barack Obama . He was hired by the Labour leader Amid great fanfare last year . He has helped refine Ed Miliband's message about tackling the cost of living .
The service is available in the US for $ 14.99 ( # 9.90 ) a month . Will include all past , present and future HBO programming . Apple is believed to be preparing a new version of the TV box that can run apps for a June launch .
Hillary Clinton's aide Huma Abedin spotted with husband Anthony Weiner and Son Jordan at Tortaria in New York on Saturday . Abedin and Clinton were ordering a Burrito Bowl and a salad in an Iowa Chipotle but came under fire after staff complained Abedin didn't put any change in the tip jar .
Just 28 of 700,000 babies born in the UK in 2013 were given the name . That compares to 235 Garys being born in 1996 , when the name was the 147th most popular in Britain .
Stevie mccrorie has been crowned the winner of The Voice UK 2015 . He beat fellow contestant Lucy o'byrne in the final of the first ever series . Leanne Mitchell has been dropped by her record label Decca . Her debut single , a cover of Whitney Houston's I would run to you only managed to reach the top 50 after being released .
Alexandra Harra , 28 , has a BA degree in Creative Writing and classics . She now works as a professional life coach , a writer for The Huffington Post and an author for the Karma Queens ' guide to relationships .
Dundee United striker Nadir ciftci scored a goal by blowing a kiss at opposition goalkeeper Scott Bain . The 23 - year - old celebrated by trying to Rile Bain but his actions came back to haunt him . It was Dundee's first win in a derby for more than 10 years .
Mercedes - Benz Fashion Week Australia came to a close on Thursday night in Sydney . The Johanna Johnson show brought the event to a spectacular close with her Hollywood - inspired Sirens ' call presentation . Make - up trends and accessories threatened to overshadow many of the designs being showcased .
Lindsay Sandiford , 58 , from Cheltenham , fears she will be executed by the end of the year . She was sentenced to death after Indonesian police linked her to almost five kilograms of cocaine . Bali nine duo Andrew Chan , 31 , and Myuran Sukumaran , 33 , were executed along with six other prisoners by an Indonesian firing squad . ` their senseless , brutal deaths leave the world a poorer place , ' she said . ` they kill someone as good as Andrew , What Hope Is There for me ? ' .
Abby Bishop , 26 , took in her two - day - old niece Zala in August 2013 . She juggled training with sleepless nights and adjust to her new life . Now Zala is 20 months old and she follows Bishop as she travels the world playing for professional teams .
Matt Prior's One Pro Cycling Team confirmed in the list of entrants for the inaugural Tour de Yorkshire . Prior is chief executive of the team that will run over three stages starting in Bridlington on May 1 . The former England wicketkeeper is a long - time cycling fan who was mocked by Kevin Pietersen last summer for taking his bike with him on a tour of New Zealand .
East of England Ambulance Service sent two ambulances to Epping Forest . Caller told crews ` someone ' had been run down , only for ` victim ' to turn out to be a squirrel . Another man said he had dropped his burger and it was ` bleeding ' . Another came from Basildon , Essex , who said ` I 've eaten too much takeaway food ' .
Ben Flower does not believe he deserved the standing ovation which greeted his return from suspension on Thursday night . The Wales forward made his first appearance since punching St Helens ' Lance Hohaia in the opening moments of last season's Grand Final . Flower came on as a substitute in the 23rd minute of Thursday's match .
The five - star Maison Souquet Hotel is located steps from the famous Moulin Rouge Theatre . The 20 - room hotel is described as a ` temple to hedonism ' . The hotel's butlers are on hand to assist guests with everything and anything they want .
Steven Finn was overlooked for the West Indies Tour . The 26 - year - old has spent time working on his run - up since the World Cup . Finn says he's been watching footage of when he was on the top of his form . England's fast - bowling stocks are starting to worry selectors .
Paul Armstrong , 26 , of Sunderland , flew to Cyprus with four friends . He was stopped at the airport with a stun gun disguised as a torch , extendable baton and Knuckle Duster stuffed in his luggage . The stun gun was capable of administering an electrical discharge which would cause a victim to ` startle and repel ' . Armstrong was sentenced to eight months imprisonment , suspended for two years , with # 2,000 costs .
The designer has been absent from this year's MBFWA . This is only the second fashion week he has missed in two decades . He says he loves to take in the fashions from the comfort of the front row .
One of the victims suffered critical head trauma as the stage fell half - way through a song during a sold - out showing of American Pie at Westfield High School . The students behind her plunged into the orchestra pit and she was unable to move . More than 12 people were injured and least one person was critically injured .
Liverpool face Aston Villa in the FA Cup semi-final at Wembley on Sunday . Brendan Rodgers says that a move to Manchester City would not be step up for Raheem Sterling . City have been heavily linked with a # 50million move for Sterling . Click here for all the latest Liverpool News .
Trading Standards Officers raided restaurant the Royal China Club in Central London . They confiscated illegally imported fins and sold them for personal consumption . Charity workers say restaurants disguising soup on menus as ` Fish Fin Soup ' . 70 million sharks are killed each year for their fins , often dying slow , painful deaths .
Olly Taylor , 27 , is offering his version of the Easter Feast at his Black Milk Cafe in Manchester's Northern Quarter . The breakfast includes two types of cereal served in half an easter egg , with brownies , marshmallows and mini eggs , topped off with three different types of flavoured milk . Mr Taylor says he has carried his fine - dining and knowledge of being a wine sommelier into black milk .
Brussels will say Google has used its dominance as a search engine to divert Internet users from rivals to its own services , which include YouTube and the Google Social Network . In one of the most high - profile competition cases of recent years , Europe could fine Google more than # 4 billion amid a wave of political opposition in Europe to the perceived dominance of us tech companies . The ruling - the result of a five - year investigation into the American search giant -- means Google may have to change its business model and pay multi-billion pound fines to Brussels .
Phil Smith , 25 , scaled a fence to try to get in his flat in Cottingham , Hull . He fractured his skull and suffered a bleed on the brain and a blood clot in the fall . He was placed in a medically induced coma at Hull Royal Infirmary , but died five days later . His parents have paid tribute to their ` Lovely Son ' who had a ` natural talent with children ' .
Tottenham will subsidise Emmanuel Adebayor's # 100,000 - per - week wages . The Togolese striker is out of favour under Mauricio Pochettino at White Hart Lane . The 31 - year - old has made just nine league starts this season . Click here for all the latest Tottenham News .
John Helm was commentating on Bradford City's game against Lincoln City when the fire broke out . Martin Fletcher has written fifty - six , the story of the Bradford Fire . He says there isn't a jot of evidence to suggest the blaze was caused deliberately .
Rory mcilroy battled with Jamie Dornan to promote new football concept circular soccer . The World No 1 defeated the film star 2 - 1 to win the title . mcilroy is an avid Manchester United fan and dreamed of playing for the Red Devils as a child .
Chris Christie appeared on The Tonight Show Wednesday evening and called out Jimmy Fallon for his weight jokes . Fallon pulled out two spoons thinking the men could share the ice cream , and Christie took the treat for himself , slowly moving away . Christie has not yet announced if he plans to run for president in the upcoming election .
Australian airline could be fined # 20,000 for every time A380 flights set down more than 15 late on the English tarmac . Airline could also be facing a massive # 20,000 fine , that's more than Au $ 38,000 . Air Congestion at Heathrow and Dubai are to blame for the late arrivals Qantas ' on time rating at Heathrow dropped to 75th out of 80 in the month of February .
Christopher Starrs , 50 , was allowed to go free from court with just a suspended jail sentence in January after admitting his part in a two - and - a-half year con against BT . He and fellow BT Openreach Manager Phillip Tamplin invented clamped cars , overtime hours and damage to Home Owners ' property during broadband installation . Tamplin was jailed for two years but Mr Recorder Stuart Trimmer QC spared Starrs Jail as an ` Act of Mercy ' .
Real Madrid travel to Rayo Vallecano in La Liga on Wednesday night . Cristiano Ronaldo scored five goals in Real Madrid's 9 - 1 win against Granada . In Spain , Mundo Deportivo looks ahead to Barcelona's clash against Almeria . Juventus ' Coppa Italia semi-final win over Fiorentina continues .
Andrew Flintoff fears Kevin Pietersen is ` running out of Time ' to resurrect his England career . Pietersen scored 170 for Surrey in the parks as he bids to earn a recall to the England squad . Pietersen has not played for England since he was sacked 14 months ago .
Carl Froch has not fought since beating George Groves at Wembley last May . He has kept in shape and weighs 12st 7 lbs - despite being away from the ring for nearly a year now . There is the possibility of Paul Smith - Andre Ward in the pipeline , Anthony Dirrell vs Badou Jack for the WBC world title and Andre Dirrell's IBF world title fight against James Degale .
The clip was filmed on Saturday in Shortandy Village , 40 miles north of the Capital Astana . It captures the cloud hovering in the sky for 15 minutes before vanishing without trace . The video has been viewed more than 50,000 times since being uploaded to YouTube .
Images show handcuffed members from the notorious barrio 18 gang being marched onto buses taking them from Izalco Jail to San Francisco Gotera in an effort to curb gang violence . In all 1,177 barrio 18 members were transferred . In a potentially incendiary move , members at the jail will mix with their rivals from the hyper - violent Mara Salvatrucha gang , or M13 .