Anuradha Koirala , who rescues victims of sex trafficking , has a rehab center in Kathmandu . Koirala's group is relying on bottled water and is now rationing food . Koirala : '' These girls are most vulnerable , because now people will target them '' .
Thousands of bacteria colonies were discovered on banknotes and coins chosen at random from scientists ' pockets . Experiment involved treating the coins and notes in a substance that allows bacteria to grow quickly , highlights how dirty handling money can be . Most of the bacteria found on a ten pound note yielded bacillus mycoides , which is common in soil , suggesting that someone was gardening before handling cash .
James Rodriguez is another player off the Porto production line . Porto have reached the last eight of this year's Champions League . They have won seven of a possible 10 league titles since 2004 . Click here for all the latest transfer news with our live updates .
Carrie Reichert , 43 , claims she kissed the Prince and has a pair of his underpants . She says she couldn't help but notice how ` adorably cute his naked a ** was ' . In an excerpt from the upcoming in the Eye of the Royal Story , she recounts the events of Prince Harry's Infamous Party Night in Vegas . She claims she was one of 10 women picked to party with him in the penthouse suite of the Wynn Hotel in August 2012 .
Eva Chapin , 34 , from West Linn , Oregon , was booked into jail after she left a string of offensive post-it notes on the door of the family home . The qualified nurse referred to the residents as ` n **** ' but wrote ' I Am Not Racist ' . One of the notes read : ' I can see how someone can become [ sic ] hating [ expletive ] Now ' .
Justin Rose was unable to take the lead of Rory mcilroy , despite Carding 14 - under - par for the Masters . The 14 - under - par total has only been bettered six times in Masters history . Rose is hoping to become the first European player to win the US Open and Masters .
Zbigniew Huminski , 38 , has confessed to strangling his nine - year - old victim . She was stripped naked and sexually assaulted and after being forced into her car and driven to an isolated wood once used as a camp for illegal migrants bound for the UK . Her mother , named only as Isabelle , ` heard her daughter's screams ' as she was being taken away from outside her school in Calais . DNA evidence corroborated by an autopsy revealed ` strangulation and sexual violence ' . Huminski was banned from French territory after being convicted twice for acts of ` Extreme Violence ' including attacking a frail pensioner with a knife .
Mary Ann Diano was left homeless when the storms hit Staten Island , New York , in October 2012 - but now says because of Hurricane Sandy she has met the love of her life and they are buying their dream home together . The 62 - year - old's home has lived in a trailer park in Connecticut since the disaster where she met her partner Dennis Krauss , whose home in Brooklyn , was also destroyed . Ms Diano's troubles first began when she stayed at home with her five cats during the storm brought on by Hurricane Sandy .
Cesc Fabregas was caught in the face by Stoke City midfielder Charlie Adam's flailing arm during their game against Stoke City on Saturday . Fabregas was left bloodied after being caught by a flailing arm following a tussle with Adam , the scorer of a 66 - yard wonder goal . The 27 - year - old joked that he could finally get his nose fixed and requiring treatment .
Maren Sanchez , 16 , was stabbed to death at Jonathan Law High School in Milford , Connecticut on April 25 , 2014 . A classmate , Christopher Plaskon , has been charged with murder after a week of remembrances at the school , her classmates and event organizers said the idea was to remember Sanchez on the anniversary of her death as she would have wanted , with smiles and joy . The slaying stunned people around Connecticut and especially in this shoreline city , where Sanchez is remembered as an outgoing person , active in drama and other activities . The event included a kickball tournament , bounce houses and a dunk tank , with proceeds benefiting a scholarship program created by Sanchez's mother .
Audrey Alexander , 54 , has left parts of her garden in Deep Shade . Her neighbour's Hedge kicked off 35 years ago when Mrs Alexander's aunt found her vegetable patch at the property would not grow anything worth eating . The dispute rumbled on , with Mrs Alexander claiming the trees knocked # 20,000 off the value of her property .
Catherine Nevin was allowed out on day release on Wednesday afternoon . The 62 - year - old was permitted to attend an addiction studies course . Her temporary release is understood to have been approved by the Parole Board . It is part of her pre-release plan to help integrate back into society once freed .
Didier Drogba set up the ` Didier Drogba Foundation in Africa ' . The Ivorian scored the equaliser for Chelsea against Leicester on Wednesday . He hopes to inspire the next generation of footballers in Africa to fall in love with the game .
Theodora Hawksley , 29 , was until recently a post-doctoral researcher in theology at the University of Edinburgh . She joined the Congregation of Jesus in January and is now living in their house in Willesden , North London . Miss Hawksley said : ` in one sense , it is a bit like trying to explain to somebody why you are marrying the person you are ' .
Charlie Austin opened the scoring for QPR in the 35th minute with a header from Bobby Zamora's Corner . Bobby Zamora doubled the visitors ' advantage shortly after half - time . Joey Barton's name was sung loud by travelling fans at the final whistle to give QPR an emphatic scoreline .
Drew Miller says he's eager to hit the ice again just a day after receiving a cut that could have cost him his eyesight . The Detroit forward openly bore a gruesome red wound that required 50 to 60 stitches to close along multiple layers of skin , the Detroit free press reports . While battling for the puck , Ottawa's Mark Stone lost his balance and lifted his right skate backwards in an arc , catching Miller under his visor . Miller exited the ice under his own power before medical staff rushed him to receive treatment , including stitches .
Arsenal defender Per Mertesacker says Klopp will be a top manager in the Premier League if he opts to continue his career in England . Klopp announced earlier this week that he would end his seven - year stint at Borussia Dortmund when the current season draws to a close . Manchester City have already indicated that a man who has also been linked with Manchester United and Arsenal in the past , is not in their sights Klopp has revealed he will be vacating his role as Borussia Dortmund boss at the end of the season .
Fan site Appleinsider has spotted nine job listings on Apple's official recruitment site in the past month that relate to batteries . These include one for an IOS Battery Life Software Engineer , a Software Power Systems Engineer , battery pack engineering manager and a Cell Engineer . This includes 90 time checks , 90 notifications , 45 minutes of app use , and a 30 - minute workout with music . The company said it takes 1.5 hours to charge the watch to 80 % and 2.5 hours for a full charge .
Andy Murray won a point in the Miami Open final against Novak Djokovic . The 27 - year - old Scot confirmed it will be a down - to - earth guest list when he marries ☐ Kim Sears in his hometown on Saturday . There are believed to be well over 100 people attending , but star spotters will find celebrities in short supply as the couple focus on celebrating with family and genuine friends .
Paula Dunican spent # 25 on Baby Blue Coat at her local branch in Canterbury , Kent . But when she took it home to try on , she noticed a dark stain ` seeping through ' . Inside , a four inch - long gecko was flattened , its scales imprinted onto the fabric . Supermarket has offered her a refund and # 40 voucher , adding that the reptile may have climbed into one of the boxes transporting clothes from Vietnam .
Ronnie Carroll died just days after successfully getting on the election ballot paper for Hampstead and Kilburn , where his name will remain for the election . Due to stand as an independent , Mr Carroll was 80 and had contested elections before , winning 29 votes in the Haltemprice and Howden by - election .
Britt McHenry , 28 , has been suspended for one week after video emerged showing her unleash a vicious verbal attack on a single mother - of - three . Her car had been towed from the parking lot of a Chinese restaurant in Virginia , where she left it overnight on Easter weekend . Despite viewers ' calls for harsher punishment , the network has reinstated the 28 - year - old to her role with a spot on Sportscenter this weekend .
Chloe Owens , 27 , from Swanley , Kent , came up with the idea for Bump 2 breast when she was pregnant with her daughter Lola , now three months old . The Mum - of - one designed the app , which is available on all mobile platforms , has already been downloaded 20,000 times and is getting rave reviews .
Harley Street is in an affluent part of London and it's famed for attracting business from those who don't have to consider the cost . Michael Pulman , 33 , a care worker from Walsall , spent # 7,500 on a hair transplant to boost his self - esteem and happiness . His mother , Joy , who never spends money on herself and wears # 5.99 shoes from Oxfam , is amazed her son is prepared to spend so much on changing his appearance .
The Chevrolet - FNR car was unveiled at the Shanghai General Motors Gala Night This Week . It has ` Dragonfly ' swing doors that open upwards and ` Crystal Laser Headlights ' . It was developed in Shanghai by GM's Pan Asia Technical Automotive Centre ( PATAC ) joint venture . The car also has Magnetic Hubless Electric Wheel Motors and a wireless autocharging system .
Lynne Abraham , 74 , collapsed on stage 10 minutes into Tuesday Night's hour - long debate between Democratic candidates . The former Philadelphia District Attorney suffered a sudden drop in blood pressure due to the unforgiving stage lights . While Abraham was anxious to get back on stage and finish the debate , the doctor ordered her against returning .
Drivers pulled over on Interstate 20 in albilene , Texas , got out of their cars and walked toward oncoming traffic to pick up the cash . A video posted on Facebook shows motorists grabbing the notes in between stopped vehicles , while others were forced to slow down and veer out of the way . Police have warned that if anyone is caught with cash that was inside the truck - they could land themselves behind bars .
Godfrey Elfwick was recruited via Twitter to appear on the BBC World Have Your Say , where producers were preparing an item about the trailer for the new film in the franchise . In particular , the programme were looking for people who had never seen any of the films to watch them and give their assessment . But despite the fact that Mr Elfwick's Twitter bio states that he is a ` demisexual genderqueen Muslim atheist ' he was still invited on to the programme he also tweeted : ` I 've never actually seen #starwars but the bad guy was All Black and ate watermelons was unbelievably racist even for the 70's ' .
Cuban Bikini Babe Kathy Ferreiro , 21 , is vying to steal Kim Kardashian's crown for having the curviest booty in America . She has been dubbed the ` Cuban Kim Kardashian ' by the city's fashion crowd , is well known for strutting her stuff on the region's balmy beaches . Her Instagram profile is awash with photos of her working out in the gym and posing next to expensive cars or on speed boats .
Jihad - Watchers noticed thousands of accounts vanishing from the social network last week . Most of them claimed to be linked to extremists terrorising vast swathes of the Middle East . Twitter suspended approximately 10,000 accounts used by ISIS and supporters of the Terror Group on April 2 .
Residents claim they heard ` drilling ' noises on the evening of Good Friday . But they also claim they were hit by ` Peculiar ' power cuts on the weekend . Scotland Yard said it was graded as ` no police response was deemed to be required ' . It has also been alleged that thieves returned a day after the robbery .
Father - of - two Shiraz Nawaz , 36 , said he felt lucky to be alive . He had been walking to his local takeaway when he heard buzzing from the ground just a few feet behind him . Firefighters extinguished the blaze , which they said was caused by a fire in an underground link box .
A 12 - year - old Israeli Girl is missing after a tour boat caught fire off Thailand's southwestern coast on its way to Phuket . The youngster was thought to have been in the toilet on board the Ao Nang Princess 5 ferry which was carrying more than 100 people , including many foreign tourists . Passengers were throwing themselves into the Andaman Sea after the engine exploded and flames ripped through the boat , according to the Bangkok post photos taken by rescuers , including the Krabi Marine Police , showed the abandoned vessel burning down almost to the waterline before sinking . Between 100 and 110 passengers and crew had to be rescued by a dozen fishing trawlers , speed boats .
Th Clements & Son caught on camera urinating in field of vegetables . Worker , who can be seen in high - vis jacket , casually stood in the middle of the crops urinating on the plants - despite a toilet being 18 metres away . Worker was alerted and sacked with immediate effect .
John Avlon : Nigeria's poor have been victims of their country's enormous wealth . Avlon : the Government could no longer promise jobs to voters and had to start thinking creatively about serious economic development . He says the government's plan to take energy provision out of the hands of a broken state and give it to businessmen to run .
Resorts on its Black Sea coast offer the best value in terms of a meal out , buying a cup of coffee and essentials such as Sun Cream and a cold drink . It is one of 13 European hotspots out of 14 where your cash will go far further this summer , largely thanks to rock - bottom exchange rates and higher inflation in some countries .
A series of gruesome photographs show a man being led out of a van handcuffed and blindfolded before he is executed by a masked man , wielding a meat cleaver . His beheading is believed to have taken place in Hama in Syria , for being an alleged ` blasphemer ' . In one of the images is seen blindfolded and kneeling on the floor , surrounded by men with guns . The next photo , which is too disturbing to publish , shows the man after he has been murdered with his severed head placed on his body .
Denise and Glen Higgs , from Braunton , Devon , had all but lost hope that they would ever be able to conceive after Glen was made infertile due to cancer treatment . Using frozen sperm , doctors successfully created eight embryos through IVF fertility treatment and the couple had a daughter Mazy , born three years ago .
Bright Yellow Gatso had previously applied 30mph speed limit for motorists . But it has not been working for two years after every single fixed device was switched off in the West Midlands . In There Place , speed enforcement operations have been carried out by a small number of mobile camera units , fixed cameras on motorways and traffic officers on patrol .
Charles Terreni Jr was four times over the legal alcohol limit when he died , an autopsy has found . He was found at the Pi Kappa Alpha House in Columbia , not far from campus , around 10:30 am on March 18 . Terreni's official blood alcohol reading Was375 , according to wistv . He is the son of Columbia Attorney Charles Terreni , a former state Public Service Commissioner and a man involved in legislative redistricting the circumstances leading up to his death are not clear , but the house was draped in St Patrick's decorations and a beer keg could be seen outside .
Saudi Arabia launched air strikes on Yemen a month ago to stop advances from the Shiite Houthi rebels , who are allied with Iran and previously overthrew the Saudi - backed government . Prince Alwaleed Bin Talal , 60 , is the grandson of Saudi Arabia's founder Ibn Saud and one of the richest men ion the world .
Footage captured at Spring Garden Station in Philadelphia on Tuesday shows group of youngsters viciously attacking the victims just seconds before the train pulls into the station . They then pull them to the ground , punch them and repeatedly stamp on their heads . The brawl , involving students from Benjamin Franklin High School , even spilled onto the tracks , with one person falling onto the line . Witnesses tried to intervene , but couldn't break up the group as the assailants kept on hitting the helpless youngsters . About a dozen students appear to be egging the fight on which officials have said may have started because of a dispute over a girl .
Paul and Laura Elliott decided to do something different for their wedding day and combined their love for each other . The pair , who live in Clapham , London , ran across the finish line together under a shower of confetti . Paul lost his father to bowel cancer 19 years ago and so by running this weekend's marathon , the couple have raised # 7,000 so far to help honour his memory on this special day .
Nasr Bitar spotted Google Street View Car on the streets of Mississauga , Canada , last autumn and began following in his own vehicle . The college student then uploaded the picture to his Instagram account - where he describes himself as ' a tourist of the world ' . The image has now been viewed almost 2.9 million times since it was posted two days ago .
Rory mcilroy is looking to complete a career Grand Slam this week . The Northern Irishman won the Masters at the age of 25 . Only five men have won all four of golf's majors in the Masters era . mcilroy is the third major he has won in a row after his success at the open .
Danny Higginbotham has described a controversial speech made by Roy Keane which he calls ` one of the most bizarre team talks I 've ever experienced ' . The former Manchester United defender was about to take on Aston Villa during the 2007 - 08 Premier League season . Keane is now part of Martin O'Neill's backroom staff after leaving his role at Aston Villa earlier this season .
Four - poster oak wood bed was dumped in the car park of Redland House Hotel in Hough Green , Chester , by builders who were renovating the property . It was snapped up for # 2,200 in 2010 by Ian Coulson , a four - poster bed specialist from Northumberland who spotted the item , which was listed as 19th - century Gothic Revival . Since then , Mr Foyle has spent years trying to prove the artefact's historical roots and has revealed that DNA testing on the bed's timber proved it once belonged to King Henry VII .
Oscar Grant , 22 , was sentenced to two years in prison for involuntary manslaughter . '' I 'm Sorry , '' Robert Bates said in a video of the shooting . Bates ' attorney says his client is left - handed and the Taser should be on the left side .
Bieber , 21 , was reportedly placed in a chokehold by security and booted out of the Coachella Music Festival on Sunday . He argued with security after being stopped at the artists ' entrance where Drake was performing at the event in Indio , California . A video obtained by TMZ appears to show Bieber being put in a choke hold and escorted from the area . The drama unfurled on Sunday night when the pop star and his entourage tried to gain entry to Drake's gig .
Former Everton chairman Sir Philip Carter passed away on Thursday . Carter also served as President of the Football League and a vice-president of the FA . The Toffees won two league titles , an FA Cup and the European Cup Winners ' Cup , which is still the Toffees ' only piece of continental silverware .
Border Collie Ace is seen on top of his owner and trainer Dai Aoki's lap . The video set to ` Les Toreadors ' from ` Carmen ' first shows a man lying on the ground with 22 - month - old Holly hops on his lap . Soon , Aoki puts his legs in the air - and 28 - month - old Holly is up , Aoki's Instagram page and YouTube pages feature multiple videos of Ace and Holly doing tricks .
Dayna Dobias , 19 , from Downers Grove was born with cerebral palsy , but hopes to inspire others with her enthusiastic videos . ` people like to define me based on disability into something positive and hopefully inspire others , or at the very least raise a smile , ' she said .
Manchester derby takes place at Old Trafford on Sunday afternoon . Police have no objections to the late afternoon kick - off . Both sides are challenging for a top - four spot in the Premier League . The Man in charge of patrolling the sell - out clash has no such fears .
Mustafa Kamal , President of the Bangladesh Cricket Board , has stepped down . He criticised the umpires in the quarter - final and questioned their partiality . Kamal said he spoke as a fan , and not the President , but International Cricket Council Chief Executive Dave Richardson said he would be denied the duty of handing the World Cup trophy to the winning captain .
Floyd Mayweather and Manny Pacquiao meet in Las Vegas on May 2 . The undefeated world super-middleweight and light - heavyweight boxing champion Calzaghe is confident he can predict the outcome . ` Pacquiao has been beaten so he 'll be more relaxed than Mayweather than there will be on Pacquiao , ' he said . Mayweather has an impressive record , winning all of his previous 47 professional career fights , 26 by knockout .
Winchester Council said its annual clean - up of roads had been hit by New Health and Safety Executive rules designed to protect litter - pickers from traffic . But HSE denied tightening rules -- and said councils were ` over-interpreting ' legislation . Last Night , former Poet Laureate Sir Andrew Motion , now President of the campaign to Protect Rural England , accused Town Hall bosses and Highways Agency of ruining countryside .
Simon Wood , 38 , from Oldham won the masterchef Last Friday . He hasn't been on a single cookery course or even had one lesson . He learnt what he know from Reading , websites like YouTube , watching TV and talking to people who are also passionate about it . The lucky children are often on the receiving end of their father's culinary masterpieces - in the wood household lunchboxes can become works of art .
Manchester City's tenacious , creative and versatile midfielder James Milner could leave as a free agent . Swansea's Gerhard Tremmel has played second fiddle to Michel Vorm and then Lukasz Fabianski during his four years at Swansea , but has performed well in the cup competitions and was in goal when the Swans beat Bradford in the Capital One Cup final two years ago .
Matt Pliska , who is also a survivor of leukemia , asked Mikenzy Snell to be his prom date last year , and on their big night , the juniors from Waupaca , Michigan , made an emotional statement when they were photographed holding a sign that read : ` Real Friends Don't count chromosomes ' . I just feel like it really shows our friendship to the next level of where it actually is but people might not see behind closed doors , ' Mikenzy told WBAY . Since the news outlet first shared the heartwarming picture of Matt and Mikenzy on its Facebook page on March 30 , more than 15,000 people have liked the image .
Police say Michael Scott Shemansky came to their attention after he failed to appear for a supervised visit with his son on the same day mother Sandra Shemansky , 57 , was found dead at the home they shared in Winter Garden . ` My biggest concern is that he might come back , ' said neighbor Natalie Randall , a resident of the Winter Garden RV Resort .
Thomas Muller scored the fourth goal of the Champions League on Tuesday night . The 25 - year - old was the highest - scoring German since the tournament in 1992 . Bayern Munich fans sang in celebration as they celebrated the win . Muller scored his 27th Champions League goal in the 6 - 1 win against Porto .
Domenico Rancadore was set to be extradited to Italy for his role as a ` Man of Honour ' . The 65 - year - old's case expired last October and his European Arrest Warrant is to be withdrawn . His conviction remains intact , Italian law states that a sentence is extinguished once a period of more than double the time of the penalty has passed . Rancadore's solicitor Karen Todner said : ` there has been a long and unhappy history of these proceedings and I am delighted Mr Rancadore will now be able to live in peace in England with his wife and Family ' .
Baron the German Shepherd was filmed as he helped get the dishes done at home in California . As his owner stands by the sink , the pup reaches up to grab pots and pans between his teeth . He then gets back up on his back legs to collect his next load .
The sports brand features prominently on a leaflet distributed in the terror group's de facto capital Raqqa Warning Isis Jihadis about items of clothing they are no longer allowed to wear . It comes shortly after one militant decried the popularity of Nike among ISIS fighters , comparing the brand's name and Famous ` tick ' logo to wearing a Christian cross . His comments prompted a fierce debate with fellow jihadis who argued that it was perfectly acceptable to wear Nike products because they are ` comfy and good quality , unlike crosses ' .
Actress , 60 , revealed she turned down the starring role alongside James Gandolfini in the landmark HBO drama because she had already played a mobster's wife in Goodfellas . Accused Chase of lazy casting , Bracco chose instead the complicated role of Dr. Melfi , who provided the therapy that allowed New Jersey mob boss Tony Soprano to justify many of his monstrous acts .
Kevin Carr set off from Haytor on Dartmoor in July 2013 and every day since then he has completed on average one and a quarter marathons a day . The 35 - year - old from Woolacombe in Devon is currently in his home county and is due to complete his 16,300 - mile epic journey on Thursday .
David Axelrod was hired by the Labour leader Amid great fanfare last year . He has helped refine Mr Miliband's message about tackling the cost of living and making sure the wealthy pay their fair share . Mr Axelrod will have been aware of Labour's eye - catching crackdown on non-doms last week .
HBO has launched its HBO Now Channel on the Apple TV set - top box , iphone and ipad ahead of the series premiere of HBO hit show Game of Thrones on April 12 . The service is available in the US for $ 14.99 ( # 9.90 ) a month , and will includes all past , present and future HBO programming programming programming . Comes as apple is believed to be preparing a new version of the TV box that can run apps for a June launch .
Huma Abedin , 38 , was spotted with her husband , disgraced former Congressman Anthony Weiner , and two - year - old son Jordan . Abedin and Clinton were seen ordering a Burrito Bowl and a salad in an Iowa Chipotle this week but came under fire after staff complained Abedin did not put any change in the tip jar .
Only 28 of 700,000 babies born in the UK were given the name , data from the Office of National Statistics Shows . That compares to 235 Garys being born in 1996 , when the name was the 147th most popular in Britain . In 2013 , it didn't even make the top 1,000 .
Stevie mccrorie has been crowned the winner of The Voice UK 2015 . Mentor Ricky Wilson , his fellow Celebrity Judges Rita Ora , Tom Jones and will.i.am will.i.am will.i.am , and most of all bosses at the BBC will all have their fingers crossed for his success . It's not just a hit single Stevie Needs , he also has to break the curse of previous winners who have failed to do anything but flop out of the charts .
Alexandra Harra , 28 , from Miami , has a BA degree in Creative Writing and classics . She now works as a professional life coach , a writer for The Huffington Post and an author of the Karma Queens ' guide to relationships . When she was persuaded to pose on the cover of the Romanian playboy , she suddenly found it wasn't her university education that people were interested in . Since appearing on the infamous cover she has graced the pages of countless glossies in her homeland .
Nadir CIFTCI scored the only goal of the game for Dundee United in the 14th minute . Goalkeeper Scott Bain gave the hosts the lead after Greg Stewart had given Dundee the lead . Jake mcpake and Paul Heffernan equalised for Dundee in the second half . United's first win in a derby for more than 10 years and breathed further momentum into their push for a top - six place .
These trends were so wearable we wanted to snap them up straight off the model's backs ... while a few were downright bizarre . This week's highlight shows Romance was born , Toni Maticevski and Steven Khalil . Maticevski and Michael Lo Sordo appeared again and again at some of the star shows .
Lindsay Sandiford , 58 , fears she will be the next to face the firing squad . Andrew Chan , 31 , and Myuran Sukumaran , 33 , were executed along with six other prisoners by an Indonesian firing squad . An ambulance carrying the coffin of one of eight executed drug convicts seen as it exits Nusakambangan port from the prison island . They were the first to die in the latest round of executions after a final KFC bucket meal .
Abby Bishop's life completely changed when she took in her niece Zala . She was just 24 when she found herself caring for a newborn , juggling training with sleepless nights and adjusting to her new life . Now she is 20 months old and will go with her to the U.S. this may when she starts playing for the Seattle Storm in the WNBA . The Basketballer , who lives in Canberra , has looked after her niece since she was two days old and she follows Bishop as she travels the world playing for professional teams .
Matt Prior is Chief Executive of the One Pro Cycling Team that has been confirmed in the list of entrants for the inaugural Tour de Yorkshire . Prior will lead his own team in the race for the first time . The former England cricketer is CEO in the Chorley Grand Prix .
Two ambulances were sent to Epping Forest after caller told crews ` someone ' had been run down , only for the ` victim ' to turn out to be a squirrel . A third woman in Chelmsford dialled 999 to report ` I 've eaten too much takeaway food ' . East on England Ambulance revealed the bizarre calls as part of a list of 1,248 inappropriate call outs , saying that crew attended half of them , potentially putting lives at risk .
Ben Flower does not believe he deserved the standing ovation which greeted his return from suspension on Thursday night . The Wales forward made his first appearance since he punched St Helens ' Lance Hohaia in the opening moments of last season's Grand Final . Flower's coach Shaun Wane said he needed to learn how to manage his emotions .
The newly - opened Maison Souquet may just be the most provocative hotel in Paris . It is situated just steps from the famed Moulin Rouge , this Pigalle Haunt is the perfect blend of opulent and edginess . There are three categories of rooms in the hotel : Deluxe , Junior Suites and two stunning apartments .
Steven Finn says he's ` had my trials and tribulations over the last 12 months ' but he's got his ` head straight ' . Finn was overlooked for the West Indies tour , but has spent time since the World Cup working on his run - up . The 26 - year - old has played only one championship game for Middlesex this season .
Paul Armstrong , 26 , flew to Cyprus with four friends before starting his new role as an IT project manager . After spending spree on trip , Armstrong was stopped at Airport with stun gun disguised as a torch , extendable baton and Knuckle Duster stuffed in his luggage . Court heard how the stun gun was capable of administering an electrical discharge which would cause a victim to ` startle and repel ' . He was sentenced to eight months imprisonment , suspended for two years , with # 2,000 costs .
Alex Perry revealed that he would not be presenting a collection at the Sydney event this week . The designer revealed in February that he was enjoying ` taking a breather ' . Despite this year marking the 20th anniversary of MBFWA , Perry is taking in the fashions from the comfort of the front row . ` My team and I just need a bit of a breather - We 've had an incredible season over there , ' Perry said .
More than a dozen people were injured on Thursday night after a stage collapsed during an Indiana Public High School theater performance . One of the victims suffered critical head trauma as the stage fell half - way through a song during a sold - out showing of American Pie at Westfield High School . The calamity occurred at the worst possible time - just as dozens walked on stage for the finale . ` all of a sudden , everyone was gone , ' one parent from the audience told RTV .
Liverpool manager Brendan Rodgers has written off Manchester City's chances of signing Raheem Sterling this summer by declaring the Anfield club are bigger than their Etihad Rivals . The champions have also monitored vice-captain Jordan Henderson , who has two years left on his contract and is stalling on a new deal . Rodgers hopes victory over Villa will strengthen his case and increase the chances of keeping players .
The loophole came to light after trading standards officers raided the Royal China Club , on Baker Street in central London , and confiscated illegally imported fins . Charity Bite - back , which campaigns to protect sharks , reported the eatery after Jason Chan , its marketing manager , boasted that it sold the soup and another dish made with ground shark teeth . More than 70 million sharks are killed each year for their fins , often dying slow , painful deaths after being dumped back into the sea once their most valuable parts have been cut off .
Customer Glen Keogh attemps 4,000 - calorie meal is available at the Black Milk Cereal Cafe in Manchester's Northern Quarter . The meal is so sweet it contains the equivalent of 388g of sugar or 97 teaspoons . Two cereals of choice are added together with a Creme Egg , a handful of mini eggs , home - made chocolate brownie and a Flake Chocolate Bar .
European Union will accuse Google of illegally abusing its supremacy on the Internet search market . Google currently boasts a 90 per cent share in Europe's search engine market . But the ruling means Google may ultimately have to change its business model and pay multi-billion pound fines to Brussels Google's competitors , including the computer giant Microsoft and sites such as travel booking firm Expedia and tripadvisor , claim that its method of promoting its own companies above rivals on its search site stops them competing on a level playing field .
Phil Smith , 25 , died after trying to climb through upstairs window . He was placed in medically induced coma at Hull Royal Infirmary , but died five days later . His mother Lisa Darnbrough , 49 , said : ` Phil was such a Lovely Lad . You could not ask for a better son ' .
Tottenham will subsidise Emmanuel Adebayor's # 100,000 - per - week wages . The Togolese striker is out of favour under Mauricio Pochettino . Adebayor's wages will prove a key factor this summer , with the striker unwilling to take anything less than his current # 5.2 million salary before accepting a move .
John Helm was commentating on Bradford City's game against Lincoln City when the fire broke out and still struggles to listen to his description of that fatal day . It was a day I have often tried to forget , but it was the one I must always remember . What I did not expect was for someone to suggest the fire may not have been an accident , as Martin Fletcher has done with his book fifty - six .
Rory mcilroy battled with Jamie Dornan at a game of circular soccer . The World No 1 defeated the film star 2 - 1 to take the Crown . mcilroy is an avid Manchester United fan and dreamed of playing for the Red Devils as a child .
Chris Christie appeared on The Tonight Dough , named after the show by Ben & Jerry's , and includes caramel and chocolate ice creams with chocolate cookie dough and peanut butter cookie dough . After the host pointed out some of his brash behavior in the past , and compared him to the Hulk . This after Christie told Governor Christie He ` Looked Great , ' The New Jersey politician asked him ; ` If I Look Great , what the Hell's with all the jokes every night ? ' Then , to make amends , Fallon gave Christie his favorite food - ice cream .
The Australian airline could also be facing a massive # 20,000 fine , that's more than Au $ 38,000 , for every time the A380 flights set down more than fifteen late on the English tarmac . Qantas have slipped to an on time performance rating at Heathrow dropped to 75th out of 80 in the month of February . Captain Martin Gardiner reportedly said changes in flight times in the last 12 months had ` placed some additional stress on our network and turn - around Times ' .
Christopher Starrs , 50 , was allowed to go free from court with just a suspended jail sentence in January . Judge Nicholas Cooke QC blasted his junior colleague for ` taking his eye off the ball ' and passing an ` unlawful ' sentence when letting a BT manager Dodge Jail for a # 28,000 expenses scam . Starrs and fellow BT Openreach manager Phillip Tamplin invented clamped cars , overtime hours and damage to Home Owners ' property during broadband installation .
Cristiano Ronaldo's trip to Rayo Vallecano takes his tally to 36 goals in La Liga so far . The 30 - year - old hit five in Real's 9 - 1 win against Granada at the weekend . The focus on superstar forward Cristiano Ronaldo has been focused on Ronaldo . In Italy , the reaction from Juventus ' Coppa Italia semi-final victory over Fiorentina continues .
Andrew Flintoff fears Kevin Pietersen is ` running out of Time ' to resurrect his England career . Flintoff is speaking at the England and Wales Cricket Board's NatWest T20 Launch . England have won their last three Tests under Cook , pre-dating a miserable World Cup , and took a three - figure first - innings lead in the first match of three in the West Indies .
Carl Froch hasn't fought since beating George Groves at Wembley last May . Froch has been away from the ring for nearly a year and is now 12st 7 lbs . Anthony Dirrell's IBF world title and Andre Dirrell's people have already been in touch with me about a fight in the event that he wins , but I wonder if it is big enough . I know he is going to have an eagle eye on all these fights . He is walking around at 12st 7 lbs and in the gym four to five days a week a week . I 've held talks with Gennady Golovkin's manager Gennady go .
The video was filmed on Saturday in Shortandy Village , 40 miles north of the Capital Astana , and captures the cloud hovering in the sky for 15 minutes before vanishing without trace . It has been viewed more than 50,000 times since being uploaded to YouTube , prompting all manner of bizarre explanations for the phenomenon - with many seemingly convinced it is definitive proof of extra-terrestrial Life .
Authorities in El Salvador have moved prisoners from two of the country's hyper - violent gangs into the same prison for the first time . In all 1,177 barrio 18 members at the jail will mix with their rivals from Mara Salvatrucha Gang , or MS - 13 .