Two CNN Heroes are among the earthquake survivors in Kathmandu , Nepal . Anuradha Koirala and Pushpa Basnet and the 45 children they care for were forced to evacuate their homes . Their facilities have been damaged or destroyed . CNN heroes have been assisting in relief efforts in Nepal .
The money was collected from students at the University of Surrey . Currency was submerged in agar - a substance that allows bacteria to grow quickly . It was then submerged in the substance for three to four days . After the experiment , the cash was washed and returned to the students . Thousands of bacteria colonies were found living on the sample of money . Most of the bacteria found on the coins studied was harmless . But the scientists did find cases of Staphylococcus aureus , which can cause boils and spots on the skin . Money has been known to carry dangerous diseases such as MRSA and food poisoning bacteria .
Porto have received £ 440million from player sales in the last 11 years . The Portuguese champions have made a habit of selling on stars for huge profits . Danilo will join Real Madrid in a deal worth £ 23million in the summer . Porto have reached the last eight of this year's Champions League and have won seven of a possible 10 league titles since 2004 .
Carrie Reichert , 43 , claims she shared a ' hot , Deep Kiss ' with Prince Harry in Las Vegas in 2012 . She has previously said she has a pair of his underpants she plans to use in strip - Tease Act . In teaser from upcoming book , she says she noticed how ' adorably cute his naked A * * was ' Prince Harry was said to have invited 10 women to party with him at the encore at Wynn Hotel . Kensington Palace has previously dismissed her claims as ' untrue ' .
Eva Chapin , 34 , from West Linn , Oregon , was charged with two counts of intimidation and harassment . She referred to the residents , who are believed to have roots in Ghana , as ' n * * * * * ' one of the notes , seen by Katu , read : ' apes were never meant to drive so stop ' Another said : ' u look like a monkey and you smell like 1 too [ sic ] ' Chapin has since been released from jail as prosecutors review her case .
Justin Rose finished tied for second at the Masters despite carding a 14 - under - par total . The Englishman was looking to become the first European to win the US Open and Masters . Rose wants to follow the lead of Rory McIlroy , who had a relentless winning streak in the summer of 2014 .
Zbigniew Huminski , 38 , has confessed to strangling his nine - year - old victim , identified by her first name of Chloe . She was stripped naked and sexually assaulted before being forced into his car . Mother Isabelle heard her daughter ’s screams as she was being taken away from outside her school in Calais but was unable to do anything . Huminski had been banned from French territory after being convicted twice for acts of ‘ Extreme Violence ’ . But he had driven to France in a Polish registered car and intended to travel to Britain .
Mary Ann Diano , 62 , lost her home when Hurricane Sandy hit Staten Island , New York , in 2012 . She was almost killed when she was swept away by the waves and clung to a tree for safety . She lost everything but moved to a trailer park in Connecticut where she met her partner . Dennis Krauss , who lost his home in Brooklyn , also lost his house in the disaster . The loving couple plan to spend their winnings on a new house together in Connecticut .
Chelsea beat Stoke City 2 - 1 in their Premier League clash on Saturday . Cesc Fabregas was left bloodied after a tussle with Charlie Adam . The Spaniard was caught in the face by the Stoke midfielder's flailing arm . The former Arsenal and Barcelona Ace was left with a bloody nose . Click here for all the latest Chelsea News .
The Life of a 16 - year - old girl stabbed to death at a Connecticut School a year ago on the day of Prom was celebrated Saturday by hundreds of people with a road race , Fried Food and live music . Wearing shirts in Maren Sanchez's favorite color of purple , the crowd filled a baseball field behind Milford's Jonathan Law High School , where she was attacked and killed in a hallway on April 25 , 2014 . A classmate , Christopher Plaskon , has been charged with murder . After a week of somber remembrances at the school , Classmates and event organizers said the idea was to remember Sanchez on the anniversary of her death as she would have wanted .
A 40 ft high leylandii hedge has been blocking sunlight to neighbours ' gardens for 35 years . Audrey Alexander claims the hedge has knocked £ 20,000 off the value of her house . But Stirling Council has finally ruled that the hedge can stay , although it has to be cut to 20 ft . The High Hedge Act 2013 allows neighbours to complain to the Council when a hedgerow blocks sunlight from reaching their garden .
Catherine Nevin was allowed out on day release on Wednesday afternoon despite being jailed for life . The 62 - year - old was permitted to attend an addiction studies course . She was jailed in April 2000 for arranging to have her publican husband Tom shot dead . Tom Nevin shot dead in the couple's Pub , Jack White's Inn , in Brittas Bay , Co Wicklow , in March 1996 . Despite her high - profile conviction she has never taken responsibility for her role .
Didier Drogba has been awarded the Barclays Spirit of the game trophy for his charity work . The Chelsea striker set up a foundation in his hometown of Abidjan , Ivory Coast . The 37 - year - old hopes to inspire the next generation of footballers in Africa . Chelsea's stars raised £ 400,000 for the foundation at a charity ball earlier this month . Click here for all the latest Chelsea News .
Catholic Church figures show number of women taking holy vows has trebled from 15 in 2009 to 45 last year . From a low of seven in 2004 , the figure has been rising for the past decade . Theodora Hawksley , 29 , was until recently a post - doctoral researcher in theology . She joined the Congregation of Jesus in January and is now living in their house in North London .
Eduardo Vargas , Charlie Austin and Bobby Zamora scored for Queens Park Rangers . Victor Anichebe scored a consolation goal for West Brom in the 58th minute . Youssouff Mulumbu was sent off for QPR in the 84th minute for a foul on Joey Barton . QPR are now just two points above the relegation zone in the Premier League .
Drew Miller was left with 50 to 60 stitches after Ottawa's Mark Stone lost his balance and struck him in the face with his skate during the first period of Tuesday's game . Though he has a gash across both sides of his eyelid and bruising below his right eye , Miller said his vision was largely unaffected . Miller said he wanted to return for the third period after being stitched up , though the team said he will likely return Thursday .
Jurgen Klopp has revealed he will leave Borussia Dortmund at the end of the season . Arsenal defender Per Mertesacker says Klopp would be a good manager in the Premier League . The 47 - year - old has won two Bundesliga titles and the Champions League . Manchester City have already indicated they are not interested in appointing Klopp . Click here for more Arsenal News .
Fan site Appleinsider spotted nine job listings on Apple's official recruitment site . These include one for an IOS Battery Life Software Engineer and another for IOS Software Power Systems Engineer . Job listings were discovered by Apple and relate to IOS and Power Software . This shows Apple is looking to boost the battery on IOS devices but also its range of MacBooks . Apple's larger iPhone 6 and 6 plus have been found to last about eight hours with heavy usage and up to 22 hours with normal usage . But official figures suggest its watch will struggle to last for anywhere near that long .
Andy Murray is set to marry his fiancee Kim Sears in Dunblane Next Saturday . The World No 3 lost in the mens final of the Miami open to Novak Djokovic on Sunday . Murray has been restored to No 3 in the new tennis rankings . The 27 - year - old will not hit a ball this week as he prepares for his wedding .
Paula Dunican bought the coat for £ 25 from her local Asda branch in Canterbury , Kent . But when she tried it on she noticed a dark stain ' seeping through ' the lining . Inside , a four inch - long gecko was flattened , its scales imprinted onto the fabric . Supermarket apologised and offered her a refund and £ 40 voucher for the coat .
Ronnie Carroll died two days after getting on ballot paper for Hampstead and Kilburn seat . The 80 - year - old was due to stand as an independent for the general election . He came fourth in the 1962 and 1963 Eurovision Song Contest with Ring - A - ding girl and say wonderful things . He died following a battle with cancer , during which a friend handed in his nomination papers .
Britt McHenry , 28 , has been suspended for one week after towing video went viral . Footage showed her launching into tirade at Gina Michelle , a single mother - of - three . She insulted the woman's looks , intelligence , and social status in the video . The ESPN reporter had left her car in the parking lot of a Chinese restaurant overnight . When she picked it up , infuriated , she launched the tirade on the towing clerk . She told her : ' I ’m in the news , Sweetheart , I will f ***** g sue this place ' .
Chloe Owens , 27 , from Swanley , Kent , came up with the idea for Bump 2 breast when she was pregnant . She and husband David had no idea what to expect when they brought first child home . Chloe struggled to remember which boob she had used last when breastfeeding . The app , available on all mobile platforms , has already been downloaded 20,000 times .
Michael Pulman , 33 , from Walsall , has spent £ 7,500 on a hair transplant to boost his self - esteem . Andrea Carter , 72 , from Leighton Buzzard , has her baggy jowls removed . Emma Tallon , 27 , paid £ 3,100 for liposuction on her thighs , which she feels are too big .
General Motors has unveiled the Chevrolet - FNR Car in Shanghai . It has ' Dragonfly ' swing doors that open upwards and ' Crystal Laser Headlights ' the car is self - driving , electric , and the front chairs can swivel round . and using Iris recognition software you can start it using only your eyes . The car was unveiled at the Shanghai General Motors Gala Night This Week . Chevrolet said the car offered a ‘ glimpse at mobility of the future ’ . But it is just a concept and has no release date or planned production date yet .
Lynne Abraham , 74 , collapsed on stage 10 minutes into Tuesday Night's hour - long debate between Democratic candidates running for Philadelphia Mayor . The former Philadelphia District Attorney allegedly suffered a momentary drop in blood pressure due to the unforgiving stage lights . Abraham sat out the rest of the debate and was evaluated backstage by a doctor . After the Fall , Abraham joked : ' How 'd You Like My Opening Act ? ' . .
Drivers pulled over on Interstate 20 in Albilene , Texas , to pick up the cash on the side of the road . Passenger door of Brinks Armored Truck Somehow opened as it was moving . Plastic Bag with a ' substantial amount of money ' blew out causing traffic to slow down . Police have warned that anyone caught with the money will be prosecuted .
Godfrey Elfwick was recruited to talk on the BBC World Service Programme World Have Your Say . Told producers he had never seen the films but was invited on to talk about them . Claimed the films are full of social problems ' rooted in homophobia and racial sterotypes ' added that the only main female ends up in a space bikini ' chained to a horny space slug ' . said that Darth Vader listens to rap music and that C - 3PO is a ' camp , Neurotic Coward ' BBC has apologised and said the guest ' presented himself as a 20 - year - old who's never seen Star Wars ' .
Kathy Ferreiro , 21 , has been dubbed the ' Cuban Kim Kardashian ' by Miami Fashion Crowd . Wants to be Cuba's answer to the reality TV star . has huge following in Colombia and other Latin American countries . Denies that her curves have been photoshopped .
Jihad - Watchers noticed thousands of accounts vanishing from the social network last week . Most claimed to be linked to the extremists terrorising vast swathes of the Middle East . Twitter's ' Violations Department ' suspended 10,000 Pro - ISIS accounts in a single 24 - hour period . It is the largest ever one - off cull of ISIS - affiliated accounts on the Social Media Network . Twitter representative said the move was prompted in part by ' large number of reports ' .
Residents on Greville Street near Hatton Garden , London , say they had power cuts a week before raid . They also claim to have heard ' drilling ' noises on the evening of Good Friday . But they thought at the time it was simply a continuation of road works in the street . It has also been alleged that the thieves returned a day after the initial robbery to steal more loot .
Shiraz Nawaz , 36 , said he felt lucky to be alive after 15 - foot flames shot out of the manhole . Father - of - Two was on his way to his local takeaway when he heard buzzing from the ground . As he turned around he noticed the charred ground and watched on as thick black smoke began billowing from the blackened cover . The building contractor was able to grab his phone in time to film the terrifying incident . Miraculously nobody was hurt in the incident in Shirley , Solihull , West Midlands .
Ao Nang Princess 5 Ferry was carrying more than 100 people , including many foreign tourists . Passengers were throwing themselves into the Andaman Sea after the engine exploded . The youngster was thought to have been in the toilet on board the tour boat when it caught fire . She may have been picked up by another boat going to the beach resort of Phuket .
Disgusted member of the public snapped the farm worker using the field as a makeshift toilet . Th Clements & Son , which owns the field in Benington , Lincolnshire , was alerted and sacked the worker . Spokesman said there were no health issues arising from the incident .
Muhammadu Buhari , a 72 - year - old former general , won Nigeria's presidential election on an anti - corruption platform . Peter Bergen : Nigeria's poor have been victims of its enormous wealth , and the cancer of corruption has to be cut out . He says the problem of corruption went hand - in - glove with the rise of terrorism , and Boko Haram is a major problem . Bergen says the victory of a Muslim candidate does not represent the ability of Islamism to govern .
Former Soviet state has gained the most from strong pound , which has cut cost of visiting continent . Resorts on Black Sea coast offer best value in terms of meal out , study finds . Three - course meal for two with wine comes in at £ 19.60 , and a cup of coffee is 78p . Only in Turkey , where inflation is 7.6 % , Britons will find cost of a day out much more expensive .
Gruesome photographs show man being led out of Van in handcuffs and blindfolded . He is then forced to kneel down while surrounded by men with guns and a meat cleaver . One photo shows the man after he has been murdered with his severed head placed on his body . The beheading is believed to have taken place in Hama , Syria , for being an ' alleged blasphemer ' .
Denise and Glen Higgs , from Braunton , Devon , had all but lost hope that they would conceive . Glen was made infertile due to testicular cancer treatment at the age of 20 . But using his frozen sperm , doctors created eight embryos through IVF fertility treatment . The couple had a daughter Mazy , born three years ago and then tried again using the same batch . Denise gave birth to twins Carter and Carson Last Week .
A speed camera has been pointed directly at a house in Birmingham , West Midlands . The Bright Yellow Gatso has not been working for more than two years . Around 300 speed and traffic camera were turned off across the region in March 2013 . Birmingham City Council say they are aware of the camera and will investigate .
Charles Terreni Jr was four times over the legal alcohol limit when he died . He was found dead at the Pi Kappa Alpha House in Columbia , South Carolina , on March 18 . Coroner ruled he died of alcohol poisoning , calling it a ' tragic and totally preventable death ' . Neighbors said the House threw a party the night before , and a keg was seen on the porch . The death is still under investigation .
Billionaire Prince Alwaleed Bin Talal has promised to give Bentleys to every pilot in Yemen air strikes . Saudi Arabia launched air strikes a month ago to stop advance of Shiite Houthi rebels . The Saudis said the bombing raids had been successful and they would stop on Tuesday . But on Wednesday the raids appeared to have resumed , with fighting taking place in Taez .
Footage captured at Spring Garden Station in Philadelphia on Tuesday shows the group of youngsters viciously attacking the victims just seconds before the train pulls into the station . They then pull them to the ground , punch them and repeatedly stamp on their heads . The brawl , involving students from Benjamin Franklin High School , even spilled onto the tracks .
Paul and Laura Elliott decided to do something different for their wedding day . They ran the 26.2 mile Virgin Money London Marathon together . Paul , 41 , lost his father to bowel cancer 19 years ago . Couple have raised £ 7,000 so far to help honour his memory on this special day .
Nasr Bitar spotted the car on the streets of Mississauga , Canada , last autumn . He followed it in his own vehicle , getting in position just in time to take the perfect snap . Image has now been shared almost 2.9 million times on image sharing website Imgur .
Rory McIlroy is looking to complete a career Grand Slam with victory at the Masters . Only five men have won all four of golf's majors in the Masters era . Northern Irishman is heavily favoured to win the coveted Green Jacket in Augusta . The 25 - year - old was caddied by One Direction's Niall Horan on Wednesday .
Danny Higginbotham scored in Sunderland's 1 - 1 draw with Aston Villa on December 15 , 2007 . Roy Keane delivered a controversial team talk before the game at the Stadium of Light . The Republic of Ireland Assistant Manager told his players to ' try and enjoy the game ' . The former Black Cats Defender has described the speech as ' Bizarre ' in his new autobiography . Keane is now part of Martin O'Neill's backroom staff at Aston Villa .
Four - poster oak wood bed was dumped in car park of Redland House Hotel in Chester in 2010 . Unaware of its true value , builders dismantled the piece of furniture and left it to be picked up by auctioneers . It was snapped up for £ 2,200 in 2010 by a bed specialist from Northumberland who spotted it online . TV historian Jonathan Foyle has spent years trying to prove the artefact's historical roots . DNA testing on the bed's timber proved it once belonged to King Henry VII .
A reserve deputy in Tulsa , Oklahoma , accidentally shot and killed a man . He said he meant to use his Taser but drew his handgun instead . Experts say the gun should be holstered on the dominant side of the officer's body . In a 2009 case , a police officer in Oakland , California , drew his gun instead of a Taser and shot a man , killing him .
The 21 - year - old singer argued with security after being stopped at the artists ' entrance where Drake was performing at the event in Indio , California on Sunday . A video obtained by TMZ appears to shows Bieber being put in a chokehold and escorted from the area . Bieber missed Drake's performance , which featured a surprise kiss from Madonna .
Sir Philip Carter died peacefully at home on Thursday morning after a short illness . Carter also served as President of the Football League and a Vice - president . Current Toffees Chairman Bill Kenwright also paid tribute to Sir Philip , who he recalled to the Board of directors at Goodison Park for a second time in 2008 . Roberto Martinez : ' This is a sad day for Everton Football Club and for every Evertonian ' .
Ace and Holly the Border Collies were caught on camera performing a balancing act . Using a human as their base , the Pooches stood up high on their hind legs , with their front paws up . The brief clip shows their owner and trainer Dai Aoki lying on the ground with Ace on his lap .
Dayna Dobias , 19 , from Downers Grove , Illinois , was born with cerebral palsy . The teenager has created several dancing videos in which she challenges stereotypes about people with disabilities . Dayna says she has been bullied because of her disability and wants people to see her as just one of the many .
Manchester City host Manchester United at Old Trafford in the late afternoon on Sunday . Police say they have no objections to the 4 pm kick - off time . Chief Superintendent John O'hare says it is down to good behaviour from fans . Merseyside Police launched a legal challenge in February after Everton v Liverpool started at 5.30 pm . The Last Time United and City met in a late afternoon was in the FA Cup semi - final at Wembley in 2011 .
Mustafa Kamal accused India of influencing the outcome of the Cricket World Cup quarter - final against Bangladesh . The Bangladeshi criticised the umpires over a disputed no - ball against India batsman Rohit Sharma . Kamal said he spoke as a fan , and not the President , but International Cricket Council chief executive Dave Richardson termed the criticism as ' unfortunate ' .
Floyd Mayweather faces Manny Pacquiao in ' The Fight of the Century ' in Las Vegas on May 2 . The undefeated boxer faces more pressure than his opponent , says Joe Calzaghe . The Welshman retired undefeated with 46 wins and zero defeats in his professional career . The bout is expected to be worth at least $ 180million and $ 120 m to both fighters .
Winchester Council said its annual clean - up of roads had been hit by new safety rules . Health and Safety Executive rules designed to protect litter - pickers from traffic . HSE denied tightening rules and said councils were ‘ over - interpreting ’ legislation . Sir Andrew Motion accused Town Hall bosses of ruining countryside by failing to remove rubbish .
Simon Wood , 38 , from Oldham won Masterchef Last Friday . Everything the 38 year old knows about cooking is self - taught . Learned form reading recipe books or watching television shows . He has four children - Liam , 20 , Alex , 18 , Cameron , 16 , and Charlotte , Seven .
Manchester City's James Milner is the most high - profile free agent available this summer . Glen Johnson looks set to leave Liverpool after six years at the club . Swansea's Gerhard Tremmel , 36 , could prove a useful replacement for Lukasz Fabianski . Ron Vlaar was a surprise omission from the World Cup Team of the tournament . Mikel Arteta has not played for Arsenal since November due to injury . Jonas Gutierrez is a cancer survivor and Newcastle want to sign him .
Matt Pliska , who has Down Syndrome , asked Mikenzy Snell to be his prom date last year , but when someone else invited him , she accepted and did everything she could to make sure he had a fantastic night . On their big night , they were photographed holding a sign that read : ' Real Friends Don't count chromosomes ' . Since the photo was shared on Facebook on March 30 , more than 15,000 people have liked it .
Michael Scott Shemansky is on the run after authorities named him as a suspect in the murder of his mother . Police say he came to their attention after he failed to appear for a supervised visit with his son on the same day his mother was found dead . He is already on parole for battery on law enforcement , has a history of bipolar mental illness , and was involuntarily committed to a psychiatric ward for an attempted suicide . Neighbors believe the stress of the divorce proceedings may have pushed him over the edge .
Bayern Munich beat Porto 6 - 1 in Champions League quarter - final second leg on Tuesday . Thomas Muller became the leading German scorer in the competition with 27 goals . The 25 - year - old scored the fourth goal of the game for Bayern at the Allianz Arena . The Germany international used a megaphone to stir up the supporters after the match . Muller climbed the fence to lead the Bayern squad in celebrations with fans .
Domenico Rancadore fled to Britain in the 1990s and was convicted in his absence in Italy in 1999 . He was sentenced to seven years in prison for his role as a ' man of Honour ' in the Cosa Nostra . In February he lost his year - and - A - half battle against extradition and was told he must return to Italy . But today it emerged his case was dropped and his European Arrest Warrant withdrawn . Italian law states that a sentence is extinguished once a period of more than double the time of the penalty has passed .
Baron the German Shepherd was filmed as he helped get the dishes done at home in California . Footage shows the pup reaching up and grabbing rinsed goods between his teeth from the sink . To date the clip of Baron Dishwashing has been watched more than 27,000 times .
Sports brand features prominently on a leaflet distributed in terror group's de facto capital Raqqa . It warns Isis Jihadis about items of clothing they are no longer allowed to wear . Leaflet threatens both buyer and seller of Nike products with punishments ranging from a small fine to whipping or even imprisonment . Comes after one militant compared the brand's famous ' Tick ' logo to a Christian cross . His comments prompted a fierce debate with fellow jihadis who argued it was fine to wear Nike because they are ' comfy and good quality ' .
The 60 - year - old Oscar - nominated actress turned down the role of Carmela because she had already played a mobster's wife in the 1990 Martin Scorsese Film Goodfellas . She accused show creator David Chase of Lazy Casting and asked to play Dr. Melfi instead .
Kevin Carr set off from Haytor on Dartmoor in July 2013 and is due to complete trip tomorrow . The 35 - year - old has completed one and a quarter marathons a day for the past 19 months . Mr Carr has travelled though 26 countries , across Europe , Australia , New Zealand and North and South America . He has worn out 16 pairs of shoes and covered an estimated 36,000,000 steps in 621 days . The Barman is just 24 hours away from completing his epic journey in a record time .
David Axelrod masterminded two presidential election victories for Barack Obama . He was hired by the Labour leader Amid great fanfare last year and has helped refine Miliband's message . But he has revealed he is not resident for tax purposes in the UK on his reported £ 300,000 salary . Mr Axelrod makes infrequent visits to UK to meet Mr Miliband and offers advice by phone .
Service is available in the US for $ 14.99 ( £ 9.90 ) a month and includes all past , present and future HBO programming . This includes Game of Thrones , the Sopranos , Veep , Silicon Valley and sex in the city . Users can also access the HBO Now website to stream content on the web using a Mac - similar to Netflix . It will be exclusively available through Apple for three months before moving on to other platforms .
Huma Abedin , 38 , enjoyed lunch with husband Anthony Weiner and Son Jordan at Tortaria in New York on Saturday . It is the second time this week she has enjoyed a Mexican meal in a fast food joint . She and Hillary Clinton came under fire for eating at a Chipotle in Iowa but left no tip . This time , with her boss out of sight , she opted for a more upmarket eatery next door .
Just 28 of 700,000 babies born in the UK in 2013 were given the name Gary , data shows . That compares to 235 Garys being born in 1996 , when name was 147th most popular . In 2013 , it didn't even make the top 1,000 and is now heading for extinction . Some blame shamed pop star Gary Glitter for Name's declining popularity . Others suggest Gary Lineker or Take That singer Barlow might have put some off .
Stevie McCrorie has been crowned the winner of The Voice UK 2015 , beating Lucy O'Byrne in the final . His mentor Ricky Wilson is confident Stevie could be just what the BBC needs to pull their talent show out of ridicule . Previous winners Leanne Mitchell and Andrea Begley have failed to break through in the charts . Leanne's debut single failed to rank higher than number 45 , and her album didn't even make the top 100 . Andrea's album did make it to number seven in the album charts , but that's not the same as X Factor success .
Alexandra Harra , 28 , has a BA degree in Creative Writing and classics . Now works as a professional life coach and author . Dyeed her hair black to look more like reality star Kim Kardashian . Her derriere measures 43 inches , while Kardashian's is just 40 inches . Alexandra has appeared on numerous magazine covers in her native Romania .
Dundee United Striker Nadir CIFTCI celebrated a goal by blowing a kiss at opposition goalkeeper Scott Bain . Turkish forward's actions came back to haunt him as his side lost 3 - 2 at home to rivals Dundee . Greg Stewart had given the hosts the lead in the 14th minute before Nadir levelled from the penalty spot . Jake McPake and Paul Heffernan scored in the second half to seal victory for the Dark Blues . It was Dundee's first win in a derby for more than 10 years .
Mercedes - Benz Fashion Week Australia came to a close on Thursday night in Sydney . Highlights included Couture Masterpieces from highlight shows Romance was born , Toni Maticevski and Steven Khalil ... and Johanna Johnson's Hollywood - inspired Sirens ' call presentation . BIG is better - silhouettes went super - sized at many of the highlight shows . Skin is definitely in - flimsy , sheer fabrics were a fixture on the catwalk , with breasts , backsides and everything else on display beneath see - through mesh and lace designs . Make - up trends and accessories threatened to overshadow the designs ... while some were downright bizarre .
Lindsay Sandiford , 58 , from Cheltenham fears she will be next to face firing squad in Bali . She has been on death row since being convicted of smuggling £ 1.6 m of cocaine in 2012 . She was sentenced to death after Indonesian police linked her to almost five kilograms of cocaine . Australians Andrew Chan , 31 , and Myuran Sukumaran , 33 , were executed along with six other prisoners by an Indonesian firing squad . Grandmother said : ' their senseless , brutal deaths leave the world a poorer place ' .
Abby Bishop's life changed when she took in her two - day - old niece Zala in August 2013 . The Basketballer , who lives in Canberra , has looked after her niece since she was two days old . Now Zala is 20 months old and she follows Bishop as she travels the world playing for professional teams . Zala will go with bishop to the U.S. this may when she starts playing for the Seattle Storm in the WNBA .
The inaugural Tour de Yorkshire will run over three stages starting in Bridlington on May 1 . Matt Prior's One Pro Cycling Team has been confirmed in the list of entrants . Sir Bradley Wiggins will lead his own team in the race for the first time . Prior's team will compete against the likes of Team Sky and Team Sky . The former England wicketkeeper is a long - time cycling fan .
Two ambulances sent to Epping Forest after caller said ' Someone ' had been run down by a car . But the ' victim ' turned out to be a squirrel and crews returned to base moments later . Another man said he had dropped his burger and it was ' bleeding ' in Basildon , Essex . Another woman said she felt ill after eating too much takeaway in Chelmsford . East of England Ambulance Service reveals 1,248 ' inappropriate ' call outs in last two years . Front - line crews attended half of them , believing them to be genuine emergencies .
Ben Flower does not believe he deserved the standing ovation which greeted his return from suspension on Thursday night . The Wigan Warriors forward made his first appearance since he punched St Helens ' Lance Hohaia in the opening moments of last season's Grand Final , earning a six - month ban . Flower came on as a substitute in the 23rd minute of Thursday's match against Warrington .
Newly - opened Maison Souquet takes inspiration from the Maisons closes , the turn - of - the - century pleasure houses frequented by socialites and aesthetes . The property is hidden behind an unmarked facade , signalled only by two red lanterns and a canopy . All of the dark , mysterious interiors were designed by Jacques Garcia and feature plenty of plush velvet and opulent gold accents .
Steven Finn was overlooked for the West Indies Tour by England selectors . The Middlesex Bowler says he's been working on his run - up and watching old clips . Finn became the youngest English bowler to take 50 Test wickets at the age of 21 . The 26 - year - old has played only one championship game for Middlesex this season .
Paul Armstrong , 26 , flew to Cyprus with four friends to start new job as it project manager . But he was stopped at the airport with stun gun , baton and Knuckle Duster in his luggage . Stun gun was capable of giving off electrical discharge causing victim to ' startle and repel ' Armstrong pleaded guilty to possession of a firearm and two offensive weapons . He was sentenced to eight months imprisonment , suspended for two years , with £ 2,000 costs . Judge John Milford QC told Newcastle Crown Court : ' What He did was foolish ' .
Alex Perry will not be presenting at this year's Mercedes - Benz Fashion Week Australia . This is only the second time in 20 years the designer has not shown at the Sydney event . The designer says he is enjoying ' taking a breather ' and focusing on his international projects . Perry says he will miss the excitement of running his own show but looks forward to supporting his favourite designers on the front row this week .
Performers at Westfield High School in Indiana were dancing on - stage for the finale of the Musical American Pie on Thursday night when the platform beneath them collapsed , sending students plummeting 10 feet into the orchestra pit below . One of the students suffered critical head trauma but is now recovering . The tragedy evoked memories of a stage collapse at an Indiana High School in 2011 that killed seven and injured nearly 100 fans when the roof of the stage collapsed during a performance .
Brendan Rodgers says a move to Manchester City would not be a step up for Raheem Sterling . City have been heavily linked with a £ 50million move for the Liverpool youngster . Sterling has two years left on his contract and is stalling on a new deal . Rodgers says it could take two decades for city to reach the status of Liverpool or Manchester United . Liverpool face Aston Villa in the FA Cup semi - final at Wembley on Sunday .
Charity Bite - back says one in five Chinese restaurants are selling shark fin soup in the UK . Loophole allows people to bring 20 kg of fins into the country if it is for personal consumption . One kilogram of shark fin can fetch up to £ 180 through wholesale markets . More than 70 million sharks are killed each year for their fins , often dying slow , painful deaths .
The Easter Feast is served at Black Milk Cereal Cafe in Manchester's Northern Quarter . Breakfast has 388 g of Sugar - the equivalent of 97 teaspoons - in half an easter egg . Two types of cereal , Creme Egg , mini eggs , Brownie and home - made Brownie are added . It is then topped off with three types of flavoured milk and salted caramel sauce .
Brussels will say that Google has used its dominance to divert Internet users from rivals . It is the result of a five - year investigation into the American search giant . Google currently boasts a 90 per cent share in Europe's search engine market . EU is also expected to probe Google's operating system for Android smartphones .
Phil Smith , 25 , scaled a fence to try to get in his flat in Cottingham , Hull , but fell and hit his head . The teaching assistant fractured his skull and suffered a bleed on the brain and a blood clot . He was placed in a medically induced coma at Hull Royal Infirmary , but died five days later . His parents have paid tribute to their ' Lovely Son ' who had a ' natural talent with children ' .
Tottenham will subsidise Emmanuel Adebayor's £ 100,000 - per - week wages to get rid of him . The striker is out of favour at White Hart Lane under manager Mauricio Pochettino . The 31 - year - old Togolese has made just nine league starts this season for Spurs . Click here for Tottenham Transfer News .
Bradford City's Valley Parade Stadium was destroyed in a tragic fire 30 years ago . 56 people died and 265 were injured in the blaze on May 11 , 1985 . John Helm was commentating on Bradford City's game against Lincoln City at the time . Helm says there is no evidence to suggest the fire was started deliberately .
Rory McIlroy battled with Fifty Shades of grey star Jamie Dornan to promote circular soccer . The World No 1 beat the film star 2 - 1 to take the Crown in the First Circular Soccer Showdown of 2015 . The new football game is based around a three sided goal and aimed to improve skill and ball control . McIlory was taking time away from golf after competing at the Masters in Augusta . The 25 - year - old finished fourth after a slow start to finish an impressive fourth .
Chris Christie appeared on The Tonight Show Wednesday evening and called out Jimmy Fallon for his weight jokes about the governor . After Fallon told Christie He ' looked great , ' The New Jersey politician asked him ; ' If I Look Great , what the Hell's with all the jokes every night ? ' . Then , to make amends , Fallon gave Christie his favorite food - ice cream . Fallon however pulled out two spoons thinking the men could share the ice cream , at which point Christie took the treat for himself , slowly moving away . Christie meanwhile has not yet announced if he plans to run for President in the upcoming election , but made it clear that he will not be changing himself just to win office .
Heathrow Airport are threatening to strip Qantas of their eight valuable landing strips after they continually arrived late . The airline could also be facing a massive £ 20,000 fine , that's more than AU$ 38,000 , for every time the A380 flights set down more than fifteen late on the English tarmac . The Australian airline have slipped to an on time ranking of 75 out of 80 airlines that use Heathrow Airport . Air Congestion at Heathrow and Dubai are to blame for the late arrivals .
Christopher Starrs , 50 , admitted defrauding BT Openreach of £ 28,000 over two - and - A - half years . He invented clamped cars , overtime hours and damage to property in expenses scam . But Recorder Stuart Trimmer QC spared Starrs Jail as an ' act of Mercy ' in January this year . He gave Starrs a 16 - month jail sentence suspended for two years and ordered him to pay a fine . But Senior Judge Nicholas Cooke QC has now said the sentence was ' unlawful ' and added starrs should have been sent to prison for his crimes .
Real Madrid travel to Rayo Vallecano in La Liga on Wednesday night . Cristiano Ronaldo scored five goals in Real Madrid's 9 - 1 win against Granada at the weekend . The 30 - year - old has now scored 36 La Liga goals for Real Madrid this season . Lionel Messi is in contention to win the Pichichi Trophy at the end of the season . Messi has scored in 50 consecutive weeks in Spain - dating back to January 2014 .
Kevin Pietersen has not played for England since he was sacked 14 months ago . The batsman scored 170 for Surrey in his first Red Ball innings since June 2013 . Andrew Flintoff Fears Pietersen is ' running out of Time ' to resurrect his England career . Former England Star says Alastair Cook is so important to England despite poor showing in the first Test against West Indies .
Carl Froch has not fought since beating George Groves at Wembley last May . He had hoped to fight Julio Cesar Chavez Jr , but lost to Andrzej Fonfara last week . James DeGale is now the most likely opponent for Froch on his return to the ring . Froch could also face Gennady Golovkin , Anthony Dirrell or Bernard Hopkins . Carl Frampton - Scott Quigg is dead in the water after his team failed to make an offer to the northern Irishman .
Clip was filmed on Saturday in Shortandy Village , 40 miles north of the Capital Astana , Kazakhstan . Shows 100 metre - wide black ring of smoke hovering in the sky for 15 minutes before vanishing . Video has been viewed more than 50,000 times since being uploaded to YouTube . It has prompted all manner of bizarre explanations for the mysterious phenomenon . Many are convinced it is definitive proof of extra - Terrestrial Life .
In all 1,177 barrio 18 members were transferred from Izalco Jail to San Francisco Gotera Penitentiary . They will mix with rivals from the hyper - violent Mara Salvatrucha gang , or MS - 13 . The policy of mixing the gangs together came about when officials realised that gangs were directing criminal activity from within prison walls . Gang members have been blamed for killing 20 police officers , two soldiers , six prison guards and a prosecutor so far this year .