CNN Hero of the year has been warned not to use main water line to risk of cholera . Koirala's group is home to 115 Girls of sex trafficking . All of the children have been sleeping .
Thousands of bacteria colonies were discovered on banknotes and coins chosen at random from scientists ' pockets . The experiment , which involved treating the coins and notes in a substance that allows bacteria to grow quickly , highlights how dirty handling money can be . Among the bacteria found on a ten pound note is Bacillus mycoides .
Danilo will join Real Madrid in the summer in a deal worth # 23million . Porto and Brazil have won the last eight of this year's Champions League . Rodriguez was sold on to Monaco in 2004 Champions League .
Carrie Reichert , 43 , claims she felt ` overdressed ' when she saw him playing strip billiards . She says she couldn't help but notice how ` adorably cute his naked a ** was ' . In January , England - born Ms Reichert said she planned to use a pair of the Prince's underpants for a strip Tease Act . Prince Harry was said to have invited 10 women to Party with him at the encore .
Eva Chapin , 34 , from West Linn , Oregon , was booked into jail after she left a string of offensive post-it notes on the door of the family home . The qualified nurse referred to the residents , who are believed to have roots in Ghana , as ` n ***** ' but wrote : ' I Am Not Racist ' . ` apes were never meant to drive so stop , ' said one of the notes .
Justin Rose missed the cut in three of his previous five tournaments on the PGA Tour . Rose believes his finish of second at Augusta can lead his season . Rose arrived at Augusta National and is the first European player to win the US Open and Masters .
Zbigniew Huminski , 38 , has confessed to strangling his nine - year - old victim , identified by her first name of Chloe , Yesterday Afternoon in France ` while drunk ' . She was stripped naked and sexually assaulted and after being forced into Huminski's car and then driven to an isolated wood once used as a camp for illegal migrants bound for the UK .
Mary Ann Diano was left homeless when the storms hit Staten Island , New York , in October 2012 . The 62 - year - old's home has lived in a trailer park in Connecticut every since the disaster where she met her partner Dennis Krauss . The couple met after they lost their homes and were swept away by the waves .
Cesc Fabregas was caught in the face by Stoke City midfielder Charlie Adam . Chelsea midfielder suffered a broken nose playing for Spain in 2008 . Chelsea midfielder Cesc Fabregas took to Instagram to show off the Shiner .
Maren Sanchez is being charged with murder as an adult over the stabbing of Sanchez . The crowd filled a baseball field behind Milford's Jonathan Law High School , where she was attacked and killed in a hallway on April 25 , 2014 . Her classmates and event organizers said the idea was to remember Sanchez on the anniversary of her death as she would have wanted .
Council has ruled they can stay . It is the final defeat in a battle that involved two generations of Alexander's family . Mrs Alexander's aunt found her vegetable patch at the property would not grow eating because of the leylandii .
Catherine Nevin was given life in prison for arranging to having her husband shot dead . The 62 - year - old was permitted to attend an addiction studies course . Black Widow Catherine Nevin took her way from Dublin's dochas centre to the Oblates in the city's Inchicore suburb .
Didier Drogba hopes to inspire footballers in Africa to fall in love with the game . The 37 - year - old scored against Leicester on Wednesday . Zebeto is one of the children inspired by Drogba .
Figures from the Catholic Church show the number of women becoming nuns in Britain has trebled from 15 in 2009 to 45 last year . From a low of only seven in 2004 , the figure has been rising for the past decade . Theodora Hawksley is now a nun at the University of Edinburgh .
QPR beat West Brom 3 - 0 at The Hawthorns on the 35th minute . Bobby Zamora scored QPR's second goal of the game . Chris Ramsey Will Hope Queens Park Rangers ' season .
` very lucky ' skating with a full face mask during practice , the Detroit forward openly bore a cut that could have cost him his eyesight . Miller was left with a scar across his eye , but reportedly didn't suffer any damage to his eyesight after another player cut him across his face . Miller said he wanted to come back for the third period after being stitched up .
Jurgen Klopp will be a top manager at the end of the season . Germany International Mertesacker says Klopp would be good fit in the Premier League . Jurgen Klopp has been linked with Arsenal in the Bundesliga .
At least nine job listings have been spotted on Apple's official recruitment site in the past month that relate to batteries . The battery will last for 48 hours if checked five times an hour . It says its All - day battery life is based on 18 hours of use . This includes 90 time checks , 90 minutes of app use , and a 30 - minute workout with music .
Andy Murray arrived back in Britain on Monday restored as World No 3 in the mens final . Novak Djokovic beat Murray Novak Djokovic in the Miami Open final at Crandon Park Tennis Center on Saturday . Murray and Djokovic face Monte Carlo Open on Saturday .
Paula Dunican spent # 25 on the Baby Blue Coat at her Canterbury Branch . She noticed a dark stain ` seeping through ' from the lining of a jacket . The supermarket has offered her a refund and # 40 voucher .
Ronnie Carroll died just days after successfully getting on the general election ballot paper for Hampstead and Kilburn . Mr Carroll was on the statement of nominations as ` The Eurovisionary Carroll ' . Mr Carroll could still be elected as an MP despite dying two days ago . Carroll died following a battle with cancer .
ESPN sports reporter Britt McHenry suspended for one week . Her car had been towed from parking lot of Chinese restaurant in Virginia . Network has reinstated the 28 - year - old to her role with a spot on sportscenter .
Chloe Owens , 27 , from Swanley , Kent , came up with the idea for Bump 2 breast when she was pregnant with daughter Lola , now three months old . She also admits she struggled to remember which boob she had used last when breastfeeding so included a breast - tracking feature . The mobile app has already been downloaded 20,000 times .
Michael Pulman , 33 , has spent # 7,500 on a hair transplant which he believes will boost his self - esteem and happiness . His mother , Joy , never spends money on herself and wears # 5.99 shoes from Oxfam . Her son is a divorced father of two .
General Motors has unveiled the Chevrolet - FNR Car . It has ` Dragonfly ' swing doors that open upwards and ` Crystal Laser Headlights ' the car was unveiled at the Shanghai General Motors Gala Night This Week . Chevrolet said the car offered a glimpse at mobility of the future .
Philadelphia mayoral candidate Lynne Abraham collapsed on stage 10 minutes into Tuesday Night's debate between Democratic candidates . Abraham said she was embarrassed but feeling well and that the incident won't impact her campaign . 54 per cent of participants said they would vote for Abraham in the Democratic primary .
Drivers pulled over on Interstate 20 in albilene , Texas , got out of their cars and walked toward oncoming traffic to pick up the cash . A video posted on Facebook shows motorists grabbing the notes in between stopped vehicles , while others were forced to slow down . Weatherford Police Department said all of the lost money had been picked up by citizens .
Godfrey Elfwick appeared on the World Service claiming the Star Wars films are anti-women , anti-gay and said Darth Vader listens to rap music . Mr Elfwick's Twitter bio states that he is a ` demisexual genderqueen Muslim atheist ' he was still invited on to the programme . The BBC has apologised and admitted the fell victim to a hoaxer .
Cuban Bikini Babe Kathy Ferreiro , 21 , is vying to steal Kim Kardashian's crown . The 21 - year - old is being tipped by the Miami fashion crowd to rival Kim Kardashian . Pneumatic Latina is a ` Cuban Kim Kardashian ' by the city's fashion crowd .
Jihad - Watchers noticed thousands of accounts vanishing from the social network last week . Its purge was prompted because they were being used by Tech - savvy jihadis to issue threats of violence . Twitter suspended more than 10,000 accounts linked to Islamic State militants .
Residents on Greville Street - near the scene close to Farringdon Station - say they had suspicious power outages a full week before the heist . Scotland Yard admitted last week that an alarm first went off at the scene after midnight on Good Friday , but it was graded as ` no police response was deemed to be required ' . The thieves returned a day after the initial robbery in central London to steal more loot after becoming ` greedy ' .
Father - of - two Shiraz Nawaz , 36 , said he felt lucky to be alive after 15 - foot flames shot out of the manhole just seconds after he heard buzzing from the ground . The 36 - year - old had been on his way to his local takeaway when a pedestrian had walked over it in a busy street in the West Midlands . Smoke was followed by a huge blast of flame which shot out 15 - foot of the ground on the pedestrian walkway .
A 12 - year - old Israeli Girl is missing after a tour boat she was on exploded and caught fire off Thailand's southwestern coast on its way to Phuket . The youngster was thought to have been in the toilet on board the Ao Nang Princess 5 ferry which was carrying more than 100 people . Between 100 and 110 passengers and crew had to be rescued by a dozen fishing trawlers and speed boats and rescue craft .
Farm worker caught on camera urinating in a field of vegetables in Benington , Lincolnshire . Member of the public snapped the man using the field as a makeshift toilet . Despite a toilet being only 18 metres away .
Nigeria's poor have been victims of their country's wealth , says Buhari Buhari . He says Nigeria is the first of its kind in history . He says the cancer of corruption has now been cut out .
The former Soviet state has cut the cost of visiting the continent . Resorts on its Black Sea coast offer the best value in a meal out , buying a cup of coffee and essentials as Sun Cream and cold drink . It is one of 13 European hotspots out of 14 .
A series of gruesome photographs show a man being led out of a van handcuffed and blindfolded before he is executed by a masked man , wielding a meat cleaver . Each of the images are similar to videos released of British and American hostages who have also beheaded by militants . The Man was apparently beheaded by ISIS in Hama for being an alleged ` blasphemer ' the series of photos .
Denise and Glen Higgs , from Devon , had all but lost hope they would ever be able to conceive after Glen was made infertile due to cancer treatment . But using his frozen sperm , doctors successfully created eight embryos through IVF fertility treatment . The couple tried again using the same batch and Denise gave birth to twins Carter and Carson Last Week .
Around 300 speed and traffic camera were turned off in the West Midlands . It has not been working for two years after every single fixed device was switched off . Birmingham City Council said they were aware of it .
Charles Terreni Jr had a blood alcohol level of .375 when he died . He was found at the Pi Kappa Alpha House in Columbia , not far from campus . Terreni's official blood alcohol reading was .375 .
Saudi Prince Alwaleed Bin Talal has pledged to give a free Bentley to every pilot involved in the Yemen air strikes . Saudi Arabian forces launched air strikes on Yemen a month ago to stop advances from the Shiite rebels . Prince Talal , the Saudi King Abdullah's nephew , is the grandson of Saudi Arabia's founder Ibn Saud and one of the richest men ion the world .
The footage captured at Spring Garden Station in Philadelphia on Tuesday shows the group of youngsters attacking the victims just seconds before . They then pull them to the ground , punch them and repeatedly stamp on their heads . Other parts of the brawl are hidden in the subway station .
Fitness fans Paul and Laura Elliott have raised # 7,000 so far to help honour his memory on Special Day . Paul , 41 , lost his father to bowel cancer 19 years ago . The pair live in Clapham , London , ran across the finish line together under a shower of confetti .
The college student spotted the car on the streets of Mississauga , Canada , last autumn . It was the first time Nasr had seen a street view car . His plan to get the all important selfie - and make an appearance on the Street View Map .
Rory mcilroy is hoping to complete a career Grand Slam this week with victory at the Masters in Augusta . Only five men have won all four of golf's majors in the Masters era , including Jack Nicklaus , Tiger Woods , Ben Hogan , Gary Player and Gene Sarazen . The Northern Irishman will be the third major he has won in a row at the open .
Danny Higginbotham calls ` one of the most bizarre team talks I 've ever experienced ' . Republic of Ireland assistant manager Roy Keane scored a free - kick . Keane is part of Martin O'Neill's backroom staff after his role at Aston Villa . Keane scored in 1 - 1 draw with Villa on December 15 .
The intricately - carved ornate bed was left in the car park of the former Redland House Hotel in Hough Green , Chester , by builders who were renovating the property . It was snapped up for # 2,200 in 2010 by Ian Coulson . DNA testing on the bed once belonged to King Henry VII .
Robert Bates was sentenced to two years in prison for involuntary manslaughter . The former officer , Johannes Mehserle testified that he had to use his stun gun . Experts say the gun should be on the officer's side .
Justin Bieber was reportedly placed in a chokehold by security and booted out of the Coachella Music Festival over the weekend . The singer argued with security after being stopped at the artists ' entrance where Drake was performing at the event in Indio , California . The drama unfurled on Sunday night when the Canadian pop star and his entourage tried to gain entry to Drake's gig .
Former Everton chairman Sir Philip Carter passed away on Thursday . Carter also served as President of Football League and a vice-president of the Football Association . Sir Philip died peacefully at home on Thursday morning after a short illness .
Border Collie Ace is seen on top of his owner and trainer Dai Aoki's lap . Using a human as their base , Pooches stood up high on their hind legs , with their front paws up . The brief clip is set to ` Les Toreadors ' from ` Carmen , ' first shows a man , lying on the ground with 22 - month - old ace on his lap .
Dayna Dobias , 19 , from Downers Grove was born with cerebral palsy , but hopes to inspire others with her enthusiastic videos . The teenager says her motivation for creating the video was to counteract stereotypes held by people over certain disabilities . ` I 've gotten bullied because of it and I get people all the time , ' she said .
Police say they have no objections to Sunday's Manchester Derby . Rio Ferdinand was thrown from the crowd during the Manchester derby . Chief Superintendent John O'hare says the decision is down to good behaviour from supporters of each side .
Mustafa Kamal resigned as ICC President on Wednesday . Kamal has stepped down amid accusations that India influenced the outcome of a World Cup match . Kamal , also president of the Bangladesh Cricket Board , criticised the umpires in the quarter - final .
Floyd Mayweather faces more pressure than Manny Pacquiao when the pair meet in Las Vegas on May 2 . He is worth at least $ 180million and $ 120m to Mayweather and Pacquiao . Former undefeated world super-middleweight champion Calzaghe is confident he can predict .
Winchester Council in Hampshire said it was too dangerous to collect roadside litter . HSE denied tightening rules and said councils were ` over-interpreting ' legislation . Sir Andrew Motion Now President of Campaign to Protect Rural England .
Simon Wood , 38 , from Oldham won masterchef Last Friday . Hasn't been on a single cookery course or even had one lesson . Learnt form reading recipe books or watching television shows .
Manchester City's James Milner could leave as a free agent . England's Premier League clubs set to leave Liverpool after six years this summer . Johnson is on loan at the World Cup .
Matt Pliska , a survivor of leukemia , asked Mikenzy Snell to be his prom date last year , and on their big night , the juniors from Waupaca , Michigan , made an emotional statement when they were photographed holding a sign that read : ` Real Friends don't count chromosomes ' . Mikenzy , who has Down syndrome , spread an message about friendship when an individual has an extra copy of chromosome 21 .
Michael Scott Shemansky is on the run after authorities named him as a suspect in the murder of his mother Sandra Shemansky , 57 . The body was discovered at the home they shared in Winter Garden . His wife filed a domestic violence injunction against him two years ago .
Thomas Muller became the leading German scorer in the Champions League on Tuesday night . It was the World Cup winner's 27th Champions League goal . Muller scored the fourth goal of Porto in the second leg .
Domenico Rancadore , who has lived in Britain for 20 years , was given a seven - year sentence by an Italian court in 1999 for being a member of the Cosa Nostra . He lost his year - and - a-half battle against extradition and was told he must return to Italy to serve his sentence . Rancadore's case expired last October and his European Arrest Warrant is to be withdrawn .
Baron the German Shepherd was filmed as he helped get the dishes done at home in California . Footage shows the pup reaching up and grabbing rinsed goods between his teeth from the sink , before loading them into The Dishwasher . Other videos show the Pup Breaking Sweat as he helps his trainer workout .
Leaflet distributed in terror group's de facto capital Raqqa Warning Isis Jihadis about items of clothing they are no longer allowed to wear . Sports brand features ` tick ' logo to wearing Christian cross . Ban comes after one militant shows popularity of Nike among ISIS fighters .
Lorraine Bracco said she was first approached to play the role of Tony's wife Carmela and not Dr. Jennifer Melfi , his psychiatrist . The Oscar nominated actress , 60 , turned down the starring role alongside James Gandolfini in the landmark HBO drama because she had already played a mobster's wife in Goodfellas , nine years previously . Lorraine Bracco starred opposite Ray Liotta in Goodfellas in 1990 .
Kevin Carr set off from Haytor on Dartmoor in July 2013 and every day since he has completed on average one and a quarter marathons a day . Now , he will become the fastest man to ever run around the world . If he is successful Mr Carr will beat the current record held by Australian ultramarathon runner Tom Denniss by 24 Hours .
David Axelrod masterminded two presidential election win for Barack Obama . He has helped refine Mr Miliband's message about the cost of living . He is promoting his autobiography , Mr Axelrod revealed he is not resident for tax purposes in the UK .
The service is available in the US for $ 14.99 -lrb- # 9.90 -rrb- a month , and will includes all past , present and future HBO programming . Apple is believed to be preparing a new version of the TV box that can run apps for a June launch . HBO Now's official iphone and ipad app is also rolling out on the App Store today .
Hillary Clinton's aide Huma Abedin was spotted with her husband Anthony Weiner , and two - year - old son Jordan in New York on Saturday . Abedin and Clinton were seen a Burrito Bowl and a salad in an Iowa Chipotle this week . Staff complained Abedin did not put any change in the tip jar .
Just 28 of 700,000 babies born in the UK in 2013 were given the name , data from the Office of National Statistics Shows . In 2013 , it didn't make the top 1,000 . Gary Lineker was jailed for 16 years for sex attacks on girls .
Stevie mccrorie has been crowned the winner of The Voice UK 2015 . His mentor Ricky Wilson is his fellow celebrity judges Rita Ora , Tom Jones and will.i.am , and most of all bosses at the BBC . Leanne Mitchell has been dropped by her record label .
Alexandra Harra , 28 , has a BA degree in Creative Writing and classics . She now works as a professional life coach , an author of the Karma Queens ' guide to relationships . She was found it wasn't her university education .
Dundee United striker Nadir Ciftci scored at Dens Park . Turkish midfielder Ciftci Dundee No 1 Bain was the lead . Dundee earn first win in a derby for 10 years .
Australia's Johanna Johnson show the last bottle of Champagne drunk on Thursday night . The Heels have been taken at the Week in Sydney . Skin is face bling - Akira and Michael Lo Sordo .
Lindsay Sandiford , 58 , believes she will be executed by end of year for smuggling drugs . She was sentenced to death after Indonesian police linked her to almost five kilograms of cocaine . Australians Andrew Chan , 31 , and Myuran Sukumaran , 33 , were executed along with six other prisoners by an Indonesian firing squad .
Abby Bishop was 24 when she took in her two - day - old niece Zala . It was August 2013 and Bishop as she travels the world playing for professional teams . Now Zala is 20 months old and follows Bishop .
Matt Prior is Chief Executive of the One Pro Cycling Team that has been confirmed in the list of entrants for the inaugural Tour de Yorkshire . He will lead his own team in the race for the first time . The former England cricketer is CEO in the Chorley Grand Prix .
Two ambulances were sent to Epping Forest after a caller told crews ` someone ' had been run down and only for the ` victim ' to turn out to be a squirrel . Another man said he dropped his burger and it was ` bleeding ' another came from Reveller in Basildon , Essex , who called to say she was locked out of the house . East of England Ambulance Service detailing their most bizarre calls as part of a list of 1,248 inappropriate call outs .
Ben Flower punched St Helens ' Lance Hohaia in last season's Grand Final . The 27 - year - old made his first appearance since Thursday's match . Coach Shaun Wane had said he wanted to see him come back .
The newly - opened Parisian Hotel , Maison Souquet , is inspired by the city of Lights ' overnight . The Maisons Maison Souquet is the most popular hotel in Paris . The hotel is located in the Moulin Rouge Theatre .
Steven Finn has played only one championship game for Middlesex this season . Finn is the youngest English bowler to take 50 Test wickets . Finn has spent time since World Cup at Brondesbury Cricket Club .
Paul Armstrong , 26 , flew to Cyprus with stun gun , baton and Knuckle Duster in his luggage . Armstrong pleaded guilty to possession of a firearm and offensive weapons and lost his job before he even started it . Armstrong was sentenced to eight months imprisonment with # 2,000 costs at Newcastle Crown Court .
The designer revealed in February that he would not be presenting a collection at the Sydney event this week . Perry says Kym Ellery's show is ` taking a breather ' . Perry says she is one of the Mercedes - Benz Fashion Week's 20th anniversary of MBFWA . Perry's name is a second Fashion Week in 2015 .
One of the victims suffered critical head trauma as the stage fell half - way through a song during a sold - out showing of American Pie at Westfield High School . More than 12 people were injured on Thursday night after a stage collapsed during an Indiana Public High School's performance of the musical American Pie . The calamity occurred at the worst time - just as dozens were on stage for the finale .
Raheem Sterling is wanted by Manchester City this summer . Brendan Rodgers says it could take two decades for Sheik Mansour's Club . The champions have monitored vice-captain Jordan Henderson on his contract .
The loophole came to light after trading standards officers raided restaurant the Royal China Club , on Baker Street in Central London . Charity bite - back boasted that it sold the soup and another dish made with ground shark teeth . More than 70 million sharks are killed each year for their fins .
Olly Taylor , 27 , is offering his version the Easter Feast at his Black Milk Cafe in Manchester's Northern Quarter . The breakfast includes two types of cereal served in half an easter egg , with brownies topped off with three different types of flavoured milk . The meal is so sweet it contains the equivalent of 388g of sugar or 97 teaspoons .
European Union will accuse Google of illegally abusing its supremacy on the Internet search market . Google currently boasts a 90 per cent share in Europe's search engine market . Google will have to probe Google's operating system for Android smartphones .
Phil Smith , 25 , scaled a fence to try to get in his flat in Cottingham , Hull , but fell and hit his head . He was placed in a medically induced coma at Hull Royal Infirmary , but died five days later on April 9 . Mr Smith's parents have paid tribute to their ` Lovely Son ' who had a natural talent with children .
Tottenham will subsidise Emmanuel Adebayor's # 100,000 - per - week wages to get rid of the striker this summer . The Togolese striker is out of favour at White Hart Lane . But Spurs are now willing to pay a percentage of Adebayor's wages .
Detective Inspector Raymond Falconer identified a man who had dropped a lit cigarette that went down a hole in the stand and started the fire . Bradford City's Valley Parade Stadium claimed 56 victims and injured 265 on May 11 , 1985 . Martin lost three of his family and has no evidence to suggest the fire may not have been an accident .
Rory mcilroy was filmed battling with fifty shades of grey star Jamie Dornan during a match of circular soccer , a new football game . The World No 1 golfer defeated the film star 2 - 1 to take the Crown . mcilroy is a Manchester United fan .
Chris Christie appeared on The Tonight Show and called out Jimmy Fallon for his weight jokes about the governor . Fallon gave Christie his favorite food - ice cream . The ice cream was named after the show by Ben & Jerry's .
The Australian airline could also be facing a massive # 20,000 fine . Qantas have been told they could loose Thier eight Heathrow landing strips . Qantas have slipped to an on time ranking of 80 airlines that use Heathrow Airport .
Christopher Starrs , 50 , was allowed to go free from court with just a suspended jail sentence in January . He invented clamped cars , overtime hours and damage to Home Owners ' property during broadband installation and paid off engineers to help them make the fake claims . Tamplin was jailed for two years at January's sentencing hearing .
Real Madrid visit Rayo Vallecano in La Liga on Wednesday night . The 30 - year - old hit five in Real's 9 - 1 win against Granada at the weekend . Cristiano Ronaldo will be up against Alberto Bueno at the end of the season . Luis Enrique says he will make changes against Almeria .
Andrew Flintoff fears Kevin Pietersen is ` running out of Time ' . Former England Star scored 170 for Surrey in the parks . Pietersen already has three Ashes series wins on his side . Pietersen has been sacked 14 months after Alastair Cook's team .
Julio Cesar Chavez Jnr has kept in shape and weighs 12st 7 lbs . Anthony Dirrell's IBF World Title Fight is against James Degale . Carl Froch lost to Andrzej Fonfara last week .
The clip was filmed on Saturday in Shortandy Village , 40 miles north of the Capital Astana . It captures the cloud hovering in the sky for 15 minutes before suddenly vanishing without trace . The video has been viewed more than 50,000 times since being uploaded to YouTube .
Incredible images show handcuffed members from the notorious barrio 18 gang being marched onto buses taking them from Izalco Jail to San Francisco Gotera in an effort to curb gang violence . Authorities in El Salvador have moved prisoners from two of the country's hyper - violent gangs into the same prison for the first time . Barrio 18 members at the jail will mix with their rivals from the hyper - violent Mara Salvatrucha gang , or MS - 13 .