Anuradha Koirala , who rescues victims of sex trafficking , has a rehabilitation center in Kathmandu . The public has been warned not to use the main water line due to risk of cholera . Koirala's group is relying on bottled water and is now rationing food .
Thousands of bacteria colonies were discovered on banknotes and coins chosen at random from scientists ’ pockets . The money was collected from students at the University of Surrey . It was then submerged in agar - a substance that allows bacteria to grow quickly - and then monitored for three to four days .
Danilo will join Real Madrid in a deal worth £ 23million . Danilo's summer switch to Real Madrid , Porto have now received a whopping £ 440million from player sales in the last 11 years . Porto and Brazil Right Back Danilo will join Real Madrid in the summer .
Carrie Reichert claims she shared a ' hot , Deep Kiss ' with Prince Harry during his infamous Party Night in Vegas three years ago says she felt ' overdressed ' when she saw him playing strip billiards . She says she couldn't help but notice how ' adorably cute his naked A * * was ' , the Sun reported . Ms Reichert claims she was one of 10 women picked to party with him in the penthouse suite of the Wynn Hotel in August 2012 .
Eva Chapin , 34 , from West Linn , Oregon , was booked into jail after she left a string of offensive post - it notes on the door of the family home . The qualified nurse referred to the residents , who are believed to have roots in Ghana , as ' n * * * * * ' but wrote : ' I Am Not Racist ' .
Justin Rose will try to take a leaf out of Rory mcilroy's book after kickstarting his season with his share of second place in the Masters . Rose arrived at Augusta National having missed the cut in three of his previous five tournaments . Rose believes that his finish of second at Augusta can boost his season with some big events ahead .
Zbigniew Huminski , 38 , has confessed to strangling his nine - year - old victim , identified by her first name of Chloe , Yesterday Afternoon in France . She was stripped naked and sexually assaulted and forced into Huminski ’s car and then driven to an isolated wood once used as a camp for illegal migrants bound for the UK . DNA evidence corroborated by an autopsy revealed ‘ Strangulation and Sexual Violence ’ , said Mr Valensi .
Mary Ann Diano was left homeless when the storms hit Staten Island , New York , in October 2012 . But now says because of Hurricane Sandy she has met the love of her life and they are buying their dream home together . The 62 - year - old's home has lived in a trailer park in Connecticut every since the disaster where she met her partner Dennis Krauss , whose home in Brooklyn , New York , was also destroyed .
Cesc Fabregas took to Instagram to show off the shiners he picked up from Stoke City midfielder Charlie Adam on Saturday . Jose Mourinho's side extended their lead at the top of Barclays Premier League to seven points with a 2 - 1 win but it didn't come without cost for Fabregas .
Chris Plaskon is being charged with murder as an adult over the stabbing of Sanchez outside Jonathan Law High School a year ago on the day of prom . A classmate , Christopher Plaskon , has been charged with murder . After a week of somber remembrances at the school , her classmates and event organizers said the idea was to remember Sanchez .
Audrey Alexander has left parts of her garden in Deep Shade . It is the final defeat in a battle that involved two generations of Mrs Alexander ’s family . It kicked off 35 years ago when Mrs Alexander bought the house and asked her neighbour Jeanette Robinson to trim the hedge . She claims Mrs Robinson refused and declared : ' I would rather move than touch these trees ' .
Catherine Nevin was jailed for life in April 2000 for arranging to having her publican husband Tom shot dead . The 62 - year - old was permitted to attend an addiction studies course . She joked with a PAL for more than an hour at the nearby Applegreen Centre to the Oblates in the city's Inchicore suburb .
Chelsea forward set up the ' Didier Drogba Foundation in Africa ' as he hopes to inspire the next generation of footballers in Africa to fall in love with the game . The 37 - year - old , who scored against Leicester on Wednesday , spoke in the video about his experiences growing up in the Ivory Coast and his love for football . Zebeto is one of the children inspired by Drogba and he hopes to follow in his heroes footsteps .
Figures from the Catholic Church show the number of women becoming nuns in Britain has trebled from 15 in 2009 to 45 last year . Theodora Hawksley , 29 , was until recently a post - doctoral researcher in theology at the University of Edinburgh . But at the beginning of the year she decided to become a nun .
Chris Ramsey Will Hope Queens Park Rangers ’ season can follow a similarly implausible trajectory . QPR's second goal of the game for his team on the 35th minute . QPR closer to safety .
The Red Wings ' Drew Miller says he's eager to hit the ice again just a day after receiving a cut that could have cost him his eyesight . The incident occurred shortly after a faceoff during the first period of Tuesday's game between the Red Wings and the Senators . While battling for the puck , Ottawa's Mark Stone lost his balance and lifted his right skate backwards in an arc , catching Miller just under his visor .
Jurgen Klopp has tipped compatriot Jurgen Klopp to make his mark in the Barclays Premier League if he opts to continue his career in England . Klopp , 47 , announced earlier this week that he would end his seven - year stint at Borussia Dortmund when the current season draws to a close , prompting fresh speculation that he could head for the Premier League . Manchester City have already indicated that a man who has also been linked with Manchester United and Arsenal in the past .
Fan site Appleinsider has spotted nine job listings on Apple's official recruitment site in the past month that relate to batteries . At least nine job listings have been spotted on the firm's official recruitment site as the company looks to boost the battery across its range of mobiles and laptops . Apple defines the Apple Watch Battery on its watch product page .
Andy Murray arrived back in Britain on Monday restored as World No 3 in the new rankings — but set aside thoughts of that to focus on his wedding in Dunblane this weekend . Despite his recent tournament finishes getting him back near the top of the game , the 27 - year - old Scot confirmed it will be a down - to - earth guest list this weekend .
Paula Dunican spent £ 25 on the Baby Blue Coat at her local branch in Canterbury , Kent . But when she took it home to try on , she noticed a dark stain ' seeping through ' from the its lining . Inside , a four inch - long gecko was flattened , its scales imprinted onto the fabric .
Ronnie Carroll died just days after successfully getting on the election ballot paper for Hampstead and Kilburn , where his name will remain for the election . An Electoral Commission spokesperson told the Sun Mr Carroll could still potentially win , although the vote would be declared void and a new candidate sought . Mr Carroll was on the statement of nominations as ' The Eurovisionary Carroll ' .
Britt McHenry has been reinstated as an ESPN sports reporter . Her car had been towed from the parking lot of a Chinese restaurant in Virginia . She resorted to insulting the employee's looks , intelligence , and social status . Despite viewers ' calls for harsher punishment , the network has reinstated the 28 - year - old .
Chloe Owens , 27 , came up with the idea for Bump 2 breast when she was pregnant . She says she felt like a ' rabbit in headlights ' after having her first child has designed an app to guide mothers through pregnancy and early motherhood , which even tells breastfeeding mothers which boob to use next .
Harley Street is in an affluent part of London and it's famed for attracting business from those who don't have to consider the cost . But for some of the customers who show up at the clinics on the street , like Michael Pulman , 33 , a care worker from Walsall , spent £ 7,500 on a hair transplant to boost his self - esteem .
General Motors has unveiled the Chevrolet - FNR Car ( shown ) . It has ' Dragonfly ' swing doors that open upwards and ' Crystal Laser Headlights ' . It also has Magnetic Hubless Electric Wheel Motors and a wireless autocharging system .
Philadelphia mayoral candidate Lynne Abraham collapsed on stage 10 minutes into Tuesday Night's hour - long debate between Democratic candidates . The former Philadelphia District Attorney Abraham allegedly suffered a momentary drop in blood pressure . She sat out the rest of the debate , and the camera panned over to see the former Philadelphia District Attorney lying helpless on the floor .
Texas highway was thrown into chaos on Friday when the door of Brinks Armored Truck Flew Open , causing money to spill onto the road . The passenger door of the truck somehow opened as it was moving causing a plastic bag with a ' substantial amount of money ' to be blown out . Police have warned that if anyone is caught with cash that was inside the truck - they could land themselves behind bars .
Godfrey Elfwick was recruited via Twitter to appear on the programme World Have Your Say , where producers were preparing an item about the trailer for the new film in the franchise . In particular , the programme were looking for people who had never seen any of the films to watch them and give their assessment .
Cuban Bikini Babe Kathy Ferreiro , 21 , is vying to steal Kim Kardashian's crown for having the curviest booty in America . The Miami - based Latina , who has already been dubbed the ' Cuban Kim Kardashian ' by the city's fashion crowd , is well known for strutting her stuff on the region's balmy beaches .
Jihad - Watchers noticed thousands of accounts vanishing from the social network last week . Most of them claiming to be linked to the extremists currently terrorising vast swathes of the Middle East . Twitter has confirmed that its purge was prompted because they were being used by Tech - savvy jihadis to issue threats of violence .
Scotland Yard admitted last week that an alarm first went off at the scene after midnight on Good Friday , but thought at the time that this was simply a continuation of road works that had been taking place in recent weeks . Meanwhile it has also been alleged that the thieves returned a day after the initial robbery in central London to steal more loot after becoming ' greedy ' . Residents on Greville Street say they had suspicious power outages a full week before the heist , which they now think could be linked .
Shiraz Nawaz said he felt lucky to be alive after the 15 - foot flames shot out of the manhole just seconds after he walked over it . The 36 - year - old had been on his way to his local takeaway when he heard buzzing from the ground just a few feet behind him . Flames as high as 15 ft tall erupted from a manhole in the West Midlands moments after a pedestrian had walked over it .
Youngster was thought to have been in the toilet on board the Ao Nang Princess 5 ferry which was carrying more than 100 people . Passengers were throwing themselves into the Andaman Sea after the engine exploded and flames ripped through the boat , according to the Bangkok Post . Thick Black smoke can be seen rising from the stricken vessel .
Th Clements & Son snapped the man on his mobile phone after spotting him using the field as a makeshift toilet . The Worker , who can be seen in a high - vis jacket , casually stood in the middle of the crops urinating on the plants - despite a toilet being only 18 metres away .
Nigeria's poor children rise at dawn to sift through the trash cans for food and black magic is practiced by the side of the road at dusk . Soldiers guard the treacherous motorways ; houses are compounds covered in barbed wire .
Bulgaria's most popular resort of Sunny Beach is a carbon copy of those of Spain and Greece . Resorts on its Black Sea coast offer the best value in terms of a meal out , buying a coffee and essentials such as Sun Cream and a cold drink .
Islamic State militants have released photographs which appear to show the beheading of an ' alleged blasphemer ' . The series of photos are the latest images released by the militant group which is increasingly using propaganda to encourage would - be jihadi fighters .
Denise and Glen Higgs , from Braunton , Devon , lost hope that they would ever be able to conceive after Glen was made infertile due to cancer treatment . But using his frozen sperm , doctors successfully created eight embryos through IVF treatment and the couple had a daughter Mazy , born three years ago . Glen , 35 , had always wanted to have children and decided to store sperm shortly before his testicular cancer treatment at the age of 20 .
The Bright Yellow Gatso had previously enforced the 30 mph speed limit . It has not been working for two years after every single fixed device was switched off in the West Midlands . However , it has not been working for more than two years .
Charles Terreni Jr had a blood alcohol level of . 375 when he died . He was found at the Pi Kappa Alpha House in Columbia , not far from campus , around 10:30 am on March 18 , the morning after an alleged ' Kegger ' at the House for the annual Irish holiday . He is the son of Columbia Attorney Charles Terreni , a former state Public Service Commissioner and a man involved in legislative redistricting .
Saudi Prince Alwaleed Bin Talal promised to give each of the 100 pilots involved in the Yemen air strikes , as bombing raids in the country appeared to resume despite a pledge that they would stop . Saudi Arabian forces launched air strikes on Yemen a month ago to stop advances from the Shiite Houthi rebels , who are allied with Iran and previously overthrew the Saudi - backed government . Prince Talal , the Saudi King Abdullah's nephew , has reportedly promised to give each of the pilots involved in the air strikes a Bentley .
The footage captured at Spring Garden Station in Philadelphia on Tuesday shows the group of youngsters viciously attacking the victims . They then pull them to the ground , punch them and repeatedly stamp on their heads . Other parts of the brawl are hidden from the cameras behind pillars in the subway .
36,000 runners took to the streets of London for the 26.2 Mile Marathon . They exchanged vows en route and combined their love for each other . The pair , who live in Clapham , London , ran across the finish line together . Paul , 41 , lost his father to bowel cancer 19 years ago .
Nasr Bitar saw taking the perfect selfie with Google Street View as a chance to ' Shine ' . It was the first time Nasr had seen a street view car , and he followed it in his own vehicle . Nasr parked his car , jumped out and got in position - Just in time to take the snap .
Rory mcilroy is looking to join an elite group this week at the tender age of 25 years old when he tries to complete his career Grand Slam by winning the Masters . The 25 - year - old looked in good spirits on Wednesday when he was caddied by One Direction Superstar Niall Horan and shot one under par in the traditional par - 3 contest .
Danny Higginbotham and his black cats team - mates were about to take on Aston Villa during the 2007 - 08 Premier League season . But instead of encouraging his players to put their poor start to the season behind them , the former Manchester United midfielder delivered an astonishing team talk . Republic of Ireland assistant manager Roy Keane looks frustrated during his country's draw with Poland .
The intricately - carved ornate bed was left in the car park of the former Redland House Hotel in Hough Green , Chester . Construction workers dismantled the piece of oak wood furniture and left it to be picked up by auctioneers . It was snapped up for £ 2,200 in 2010 by Ian Coulson , a four - poster bed specialist from Northumberland who spotted the item , which was listed as 19th - century Gothic Revival , on the Internet .
Law enforcement experts say the gun should be holstered on the officer's dominant side of the body , and the Taser should be placed on the nondominant side . Mehserle was sentenced to two years in prison for involuntary manslaughter but was released early due to good conduct .
Justin Bieber was reportedly placed in a chokehold by security and booted out of the Coachella Music Festival on Sunday . The 21 - year - old singer argued with security after being stopped at the artists ' entrance where Drake was performing at the event in Indio , California . Eyewitnesses said Bieber argued with security and said he couldn't stand in a huge crowd without being swamped by fans but security told him to leave .
Sir Philip Carter has died aged 87 . Carter also served as President of the Football League and vice - President . Under his stewardship , the club won two league titles , an FA Cup and the European Cup Winners ' Cup , which is still the Toffees ' only piece of continental silverware .
Border Collie Ace is seen on top of his owner and trainer Dai Aoki's lap . Brief clip , set to ' Les Toreadors ' from ' Carmen , ' first shows a man , identified as their owner and trainer Dai Aoki .
Dayna Dobias , 19 , from Downers Grove was born with cerebral palsy . She hopes to inspire others with her enthusiastic videos . Her hope is that the video was to counteract stereotypes held by people over certain disabilities .
Police say they have no objections to Sunday's Manchester Derby at Old Trafford . Police say they have no objections to Sunday's Manchester Derby taking place in the late afternoon . Rio Ferdinand was hit by an object thrown from the crowd during the Manchester derby .
Mustafa Kamal resigned as ICC President on Wednesday . India has influenced the outcome of the Cricket World Cup quarter - final . Kamal , a Bangladeshi , said at the airport on his return from the tournament in Australia .
Floyd Mayweather works out with his uncle Roger at the Mayweather Boxing Club ahead of the fight . The pair meet in Las Vegas on May 2 but he will still be victorious , says Joe Calzaghe . It is being billed as the fight of the century , and is worth at least $ 180million and $ 120 m to Mayweather and Pacquiao respectively . Pacquiao has been beaten so he 'll be ready for this fight .
Winchester Council in Hampshire said annual clean - up of roads . Rules designed to protect litter - pickers from traffic . But the HSE denied tightening rules and said councils were ‘ over - interpreting ’ legislation . He said : ' Nobody Wants to drive through our beautiful countryside ' .
Simon Wood , 38 , from Oldham , won the title last Friday . The new winner of masterchef Simon Wood , who won the title last Friday , hasn't been on a single cookery course or even had one lesson .
Manchester City's tenacious , creative and versatile midfielder James Milner could leave as a free agent . Swansea's Gerhard Tremmel is the understudy for Lukasz Fabianski but has done well in the cups . Tremmel has played second fiddle to Michel Vorm and then Lukasz Fabianski during his four years at Swansea .
Mikenzy Snell and Matt Pliska , who has Down syndrome , have become an internet sensation after making a bold statement with their prom photo , which not only celebrated their friendship - but spread an important message . Matt Pliska , who is also a survivor of leukemia , asked Mikenzy Snell to be his prom date last year , and on their big night , the juniors from Waupaca , Michigan .
Police say Michael Scott Shemansky came to their attention after he failed to appear for a supervised visit with his son on the same day mother Sandra Shemansky , 57 , was found dead at the home they shared in Winter Garden . The body was discovered at the West Colonial Drive home when an out - of - state family member called in a well - being check . WKMG reports that an initial investigation determined there was foul play .
Thomas Muller scored the fourth goal of Bayern's 6 - 1 demolition of Porto in the Champions League quarter - final at the Allianz Arena to secure their place in the last four . The Germany international uses a megaphone to stir up the fans that remained after the final whistle . Supporters responded to Muller's chants as they celebrated the win against Porto on Tuesday night .
Domenico Rancadore , who has lived in Britain for more than 20 years , was given a seven - year sentence by an Italian court in 1999 for being a member of the Cosa Nostra . But today it emerged that the 65 - year - old's case expired last October and his European Arrest Warrant is to be withdrawn . Italian law states that a sentence is extinguished once a period of more than double the time of the penalty has passed .
Baron the German Shepherd was filmed as he helped get the dishes done at home in California . Footage shows the pup reaching up and grabbing rinsed goods between his teeth from the sink , before loading them into The Dishwasher .
Sports brand features prominently on a leaflet distributed in the terror group's de facto capital Raqqa Warning Isis Jihadis about items of clothing they are no longer allowed to wear . The leaflet threatens both the buyer and seller of Nike products with punishments ranging from a fine to whipping or even imprisonmen .
Lorraine Bracco said that the sopranos creator David Chase wanted her to play the role of Tony's wife Carmela and not Dr. Jennifer Melfi , his psychiatrist . The Oscar nominated actress , 60 , revealed she turned down the starring role alongside James Gandolfini in the HBO drama because she had already played a mobster's wife in Goodfellas , nine years previously .
Kevin Carr set to complete his 16,300 round - the - World Trip Tomorrow in Devon after 19 months . A British Barman is set to enter the record after running 16,300 miles around the globe over 621 days while wearing out 16 pairs of shoes . Mr Carr will beat the current record held by Australian ultramarathon runner Tom Denniss , by 24 Hours .
David Axelrod has helped refine Ed Miliband ’s message about tackling the cost of living and making sure the wealthy pay their fair share . He has helped refine Mr Miliband ’s message about tackling the cost of living and making sure the wealthy pay their fair share .
HBO has launched its HBO Now Channel on the Apple TV set - top box , iphone and ipad ahead of the series premiere of HBO hit show Game of Thrones on April 12 . The service is available in the US for $ 14.99 ( £ 9.90 ) a month , and will includes all past , present and future HBO programming . It comes as apple is believed to be preparing a new version of the TV box that can run apps for a June launch .
Hillary Clinton's aide Huma Abedin was spotted grabbing a Mexican lunch with husband Anthony Weiner and three - year - old son Jordan at Quaint Tortaria in New York on Saturday . The 38 - year - old was spotted with her husband , disgraced former Congressman Anthony Weiner , and two - year - old son Jordan tucking into her second spicy menu of the week on Saturday afternoon . Weiner had swung his cap backwards for the dining portion .
Just 28 of 700,000 babies born in the UK were given the name , data from the Office of National Statistics Shows . Helped by the popularity of actor Gary Cooper , there was a surge in Garys born in the early 1950s . It is now among a number of once - common names that are close to dying - out .
Stevie mccrorie has been crowned the winner of The Voice UK 2015 . His mentor Ricky Wilson is confident Stevie could be just what the BBC needs to pull their talent show out of ridicule . Leanne Mitchell , the first ever winner of the Voice UK , has been dropped by her record label .
Alexandra Harra , 28 , has a BA degree in Creative Writing and classics . She works as a professional life coach , a writer for The Huffington Post and an author of the Karma Queens ' guide to relationships . But when she was persuaded to pose on the cover of the Romanian playboy , she found it wasn't her university education that people were interested in .
Nadir CIFTCI celebrated a goal by blowing a kiss at opposition goalkeeper Scott Bain , but the Turkish midfielder was the one left blushing as his side lost away at rivals Dundee . The 23 - year - old celebrated by trying to Rile Dundee No 1 Bain , but his actions came back to haunt him as the Dark Blues earned all three points thanks to further goals from Jake mcpake and Paul Heffernan . Dundee United Striker Nadir CIFTCI celebrated a goal by blowing a kiss at opposition goalkeeper Scott Bain .
Mercedes - Benz Fashion Week Australia came to a close on Thursday night in Sydney . The Johanna Johnson show bringing the event to a spectacular close with her Hollywood - inspired Sirens ' call presentation . Now that the heels have been kicked off , the cameras put down , and the last bottle of champagne drunk , femail take a look back at the week .
Lindsay Sandiford , 58 , believes she will be executed by the end of the year . She was sentenced to death after Indonesian police linked her to almost five kilograms of cocaine . Australians Andrew Chan , 31 , and Myuran Sukumaran , 33 , were executed along with six other prisoners by an Indonesian firing squad .
Abby Bishop's life completely changed when she took in her niece Zala . It was August 2013 and Bishop suddenly found herself caring for a newborn , juggling training with the Canberra Capitals straight away . Bishop , now 26 , said it was a big decision at the time but she wouldn't change anything .
Matt Prior will have his mind set on a sporting peak of a different kind . Some of the world's best cyclists re - converge on the Yorkshire Roads Early next month . Prior is Chief Executive of the One Pro Cycling Team that has been confirmed in the list of entrants .
Emergency crews received a call saying ' Someone ' had been knocked down by a car in Essex , they immediately sent two ambulances to the rescue . But the vehicles returned to base just moments later when the caller revealed the ' victim ' was actually a squirrel that had been run over in Epping Forest . The service said it receives around 2,500 calls per day , and in the last two years has had to deal with 1,248 that did not need emergency help .
Wales forward made his first appearance since he punched St Helens ' Lance Hohaia in the opening moments of last season's Grand Final , earning a six - month ban . The 27 - year - old , who came on as a substitute in the 23rd minute of Thursday's match , told The Daily Star Sunday : ' I was surprised how calm I was , with everything going through my head about doing the right things . ' . But I didn't expect such a Big Loud Roar and a standing ovation . For the fans to stick by me like that is a credit to them , ' he said .
The newly - opened Parisian Hotel , Maison Souquet , may be the most provocative hotel in Paris . Inspired by the post - impressionistic era of the Belle Epoque , the newly - opened Maison Souquet may just be the more provocative hotel in the entire city of lights .
Steven Finn believes he has rediscovered the form that made him one of the most exciting fast - bowling prospects in England . Has spent time since the World Cup working on his run - up to ECB's club open days on Tuesday at Brondesbury Cricket Club . Finn admits he's ' had my trials and tribulations over the last 12 months ' .
Paul Armstrong , 26 , pleaded guilty of trying to bring a stun gun , a baton and Knuckle Dusters back into the UK from Cyprus in his luggage . But after a spending spree on the trip , Armstrong was stopped at the airport with the stun gun disguised as a torch , extendable baton and Knuckle Duster stuffed in his luggage . Armstrong pleaded guilty to possession of a firearm and two offensive weapons .
Alex Perry's name is a notable absence from the schedule in 2015 . The designer revealed in February that he was enjoying ' taking a breather ' . Despite this year marking the 20th anniversary of MBFWA , Perry is taking in the fashions from the comfort of the front row .
Tragedy struck Thursday night at an Indiana High School's performance , sending students 10 feet into an orchestra pit . One of the victims suffered critical head trauma as the stage fell half - way through a song during a sold - out showing of American Pie at Westfield High School . The calamity occurred at the worst possible time - just as dozens walked on stage for the finale .
Brendan Rodgers has written off Manchester City ’s chances of signing Raheem Sterling this summer by declaring the Anfield club are bigger than their Etihad Rivals . Rodgers indicated it could take two decades for Sheik Mansour ’s club to reach the status of either Liverpool or Manchester United . Rodgers hopes victory over Villa will strengthen his case and increase the chances of keeping players .
The loophole came to light after trading standards officers raided restaurant the Royal China Club , on Baker Street in Central London . Charity Bite - back , which campaigns to protect sharks , reported the eatery after Jason Chan , boasted that it sold the soup and another dish made with ground shark teeth . Charity Bite - back believes as many as one in five Chinese restaurants are selling the soup after exploiting a loophole which allows people to bring 20 kg of fins into the country .
Olly Taylor , 27 , is offering his version the Easter feast , which is stuffed with the equivalent of almost 100 teaspoons of sugar , at his Black Milk Cafe in Manchester's Northern Quarter . The Easter Feast Breakfast is available at the Black Milk Cereal Cafe in Manchester's Northern Quarter .
Brussels will say that Google has used its massive dominance as a search engine to divert Internet users from rivals to its own services , which include YouTube and the Google + Social Network . But the ruling - the result of a five - year investigation into the American search giant – means Google may ultimately have to change its business model and pay multi - billion pound fines to Brussels . Google has previously rejected the allegations , and insisted Android is an open platform that is distributed for free .
Phil Smith , 25 , died after trying to climb through an upstairs window . The 25 - year - old , who worked at a school for disabled children , fractured his skull and suffered a bleed on the brain and a blood clot in the fall . He was placed in a medically induced coma at Hull Royal Infirmary , but died five days later on April 9 .
Emmanuel Adebayor's wages will prove a key factor this summer . Tottenham will subsidise Emmanuel Adebayor's wages to finally get rid of the striker this summer . Spurs are now willing to pay a percentage of Adebayor's wages next season .
Martin Fletcher has done with his book fifty - six , the story of the Bradford Fire . It was a day I have often tried to forget , but it was the one I must always remember . What I did not expect was for someone to suggest the fire was caused deliberately .
Rory mcilroy put the golf clubs away as he battled with Fifty Shades of grey star Jamie Dornan to promote new football concept circular soccer . World No 1 golfer defeated the film star 2 - 1 to take the Crown , with the deciding goal coming from an impressive long - range finish . mcilroy was taking time away from golf after competing at the Masters in Augusta where he overcame a slow to start to finish an impressive fourth .
Chris Christie appeared on The Tonight Show ( above ) and called out Jimmy Fallon for his weight jokes about the governor . Fallon however pulled out two spoons thinking the men could share the ice cream , at which point Christie took the treat for himself , slowly moving away . Christie meanwhile has not yet announced if he plans to run for president in the upcoming election .
Qantas has slipped to an on time ranking of 75 out of 80 airlines that use Heathrow Airport . Australian airline could also be facing a massive £ 20,000 fine , that's more than Au $ 38,000 , for every time the A380 flights set down more than fifteen late on the English tarmac .
Christopher Starrs , 50 , was allowed to go free from court with just a suspended jail sentence in January after admitting his part in a two - and - A - half year con against his employer Bt . Starrs , 53 , invented clamped cars , overtime hours and damage to home owners ’ property during broadband installation , and paid off engineers to help them make the fake claims .
Real Madrid visit Rayo Vallecano in La Liga on Wednesday . The 30 - year - old hit five in Real's thumping 9 - 1 win against Granada . Ronaldo's quintuplet moved him above Lionel Messi in the race .
Kevin Pietersen scored 170 for Surrey in the parks as he bids to earn a recall to the England squad . The Dual Ashes - winning all - rounder is less convinced , however , about Pietersen's prospects of forcing his way back into test contention . Former England star Andrew Flintoff Thiks Time is running out for Pietersen to resurrect his England career .
Carl Froch has not fought since beating George Groves at Wembley last May . Froch had hoped to meet Julio Cesar Chavez Jr , but he lost to Andrzej Fonfara . Froch has kept in shape and weighs 12st 7 lbs - despite being away from the ring .
The clip was filmed on Saturday in Shortandy Village , 40 miles north of the Capital Astana , and captures the cloud hovering in the sky for 15 minutes before suddenly vanishing without trace . The video has been viewed more than 50,000 times since being uploaded to YouTube . Many seemingly convinced it is definitive proof of extra - Terrestrial Life .
Authorities in El Salvador have moved prisoners from two of the country's hyper - violent gangs into the same prison for the first time . In a bid to stop them running operations from behind bars . Incredible images show handcuffed members from the notorious barrio 18 gang being marched onto buses taking them from Izalco Jail to San Francisco Gotera .