Two CNN Heroes are among the earthquake survivors in Kathmandu , Nepal . Anuradha Koirala , who rescues victims of sex trafficking , has a rehabilitation center in Kathmandu . Pushpa Basnet and the 45 children she cares for were forced to evacuate their residence .
Money was collected from students at the University of Surrey . It was then submerged in agar - a substance that allows bacteria to grow quickly . Students found thousands of bacteria colonies living on their money . Most of the bacteria was found to be harmless , but money has been known to carry dangerous diseases .
Porto have made a habit of selling on players for huge profits . Nineteen of the 29 players featured in the table below have South American backgrounds . James Rodriguez was signed for a small sum from Argentinian side Banfield . Porto have won seven of a possible 10 league titles since 2004 .
Carrie Reichert , 43 , claims she shared a ` hot , Deep Kiss ' with Prince Harry . She says she felt ` overdressed ' when she saw him playing strip billiards . She has previously said she kissed the Prince and has a pair of his underpants she hopes to use in strip - tease show . In upcoming book in the Eye of the Royal Story , she recounts events of Prince Harry's infamous party night . In excerpt , she says : ` I ' m only in my bathing suit and wondering if I too should strip down ` .
Eva Chapin , 34 , from West Linn , Oregon , was booked into jail . She left a string of offensive post-it notes on the door of the family home . Qualified Nurse referred to the residents as ` N * * * ' but wrote : ` I Am Not Racist ' . One of the notes read : ` apes were never meant to drive so stop ' . Another said : ` U look like a monkey and you smell like 1 too -LSB- sic -RSB- -RSB- ' .
Justin Rose finished second at the Masters with a 14 - under - par total . The Englishman had missed the cut in three of his previous five tournaments . Rose wants to follow the lead of Rory mcilroy , who won the Open , Bridgestone Invitational and US PGA in the summer .
Zbigniew Huminski , 38 , has confessed to strangling his nine - year - old victim . Chloe was stripped naked and sexually assaulted after being forced into his car . She was then driven to an isolated wood once used as a camp for illegal migrants . Chloe's mother ` heard her daughter's screams ' but was unable to do anything . Huminski had been banned from French territory after being convicted twice for acts of ` Extreme Violence ' .
Mary Ann Diano , 62 , lost her home in Staten Island , New York , in October 2012 . She was swept away by the waves and clung to a tree for safety . She met Dennis Krauss , whose home in Brooklyn was also destroyed . The couple met after they separately moved from New York to a trailer park in Connecticut . Ms Diano won $ 255,555 ( # 174,000 ) in the lottery .
Chelsea beat Stoke City 2 - 1 at Stamford Bridge on Saturday . Cesc Fabregas was caught in the face by Charlie Adam's flailing arm . The collision left the Spain international with a bloody nose . The 27 - year - old posted a picture to his Instagram account on Tuesday .
Maren Sanchez , 16 , was stabbed to death in a hallway at Jonathan Law High School in Milford , Connecticut on April 25,2014 . A classmate , Christopher Plaskon , has been charged with murder as an adult . On Saturday , hundreds filled a baseball field behind the school to remember her . The event included a kickball tournament , bounce houses and a dunk tank , with proceeds benefiting a scholarship program created by Sanchez's mother .
Row between neighbours over neighbour's 40ft leylandii hedge has finally come to an end . Audrey Alexander claims the trees have knocked # 20,000 off the value of her house . But Stirling Council has ruled that the hedge can stay , although it has to be cut to 20ft .
Catherine Nevin was allowed out on day release on Wednesday afternoon . The 62 - year - old was permitted to attend an addiction studies course . She walked through Dublin's dochas centre to the Oblates in Inchicore .
Didier Drogba has been awarded with a Barclays Spirit of the game trophy . The Chelsea forward has been honoured for his charity work in Africa . The 37 - year - old hopes to inspire the next generation of footballers in Africa to fall in love with the game . The Ivorian has set up the ` Didier Stogba Foundation in Africa ' . The foundation provides financial and material support in education and health as well as a medical clinic in his hometown of Abidjan . Chelsea's stars raised # 400,000 for the foundation at a charity ball earlier this month .
From a low of seven in 2004 , the figure has been rising for the past decade . Theodora Hawksley , 29 , was until recently a post-doctoral researcher in theology . But at the beginning of the year she decided to become a nun .
West Brom goalkeeper Boaz Myhill was sent off for a second yellow card in the second half . Charlie Austin headed QPR's second goal of the game on the 35th minute . Eduardo Vargas fired QPR into the lead with a 25 - yard strike on the hour mark . Bobby Zamora completed the rout with an astounding lob from the edge of the area .
The Detroit Red Wings ` Drew Miller received 50 to 60 stitches to close a gash across his eye during Tuesday's game against the Ottawa Senators . The incident occurred shortly after a faceoff during the first period of the game . Miller said his vision was largely unaffected by the incident . The Red Wings coach Mike Babcock said Miller will likely have a ` big - time Scar ' .
Jurgen Klopp has announced he will be leaving Borussia Dortmund at the end of the season . The 47 - year - old has been linked with a move to the Premier League . Arsenal vice-captain Per Mertesacker has backed his compatriot .
Fan site Appleinsider has spotted nine job listings on Apple's official recruitment site in the past month that relate to batteries . These include listings for an IOS Battery Life Software Engineer , a Software Power Systems Engineer , battery pack engineering manager and a Cell Engineer . Apple has made improvements to the battery life of its iphone 6 and 6 Plus . But they still fail to last more than a full day with typical usage . The company is recruiting for battery and power software experts to address these issues .
Andy Murray will marry fiancee Kim Sears in Dunblane on Saturday . The 27 - year - old Scot confirmed it will be a down - to - earth guest list . Celebrity spotters will find celebrities in short supply as the couple focus on celebrating with family and genuine friends . Other tennis guests include coach Amelie Mauresmo , former assistant coach Dani Vallverdu and Carlos Mier .
Paula Dunican spent # 25 on the coat from Asda in Canterbury , Kent . When she took it home to try on , she noticed a dark stain ` seeping through ' . Inside , a four inch - long gecko was flattened , its scales imprinted onto the fabric . Supermarket has offered her a refund and # 40 voucher .
Ronnie Carroll died two days after successfully getting on the election ballot paper . The 80 - year - old was due to stand as an independent in Hampstead and Kilburn . He came fourth in the 1962 and 1963 Eurovision Song Contest . The seat is the most marginal in England , won by Labour's Glenda Jackson in 2010 .
Britt McHenry , 28 , has been reinstated as an ESPN sports reporter . She was suspended for one week after video emerged showing her attacking Gina Michelle , a single mother - of - three , at a towing firm in Virginia . She had left her car overnight in the parking lot of a Chinese restaurant in Virginia . When she arrived to pick it up up , she berated Michelle for her looks and social status . Online petitions calling for her to be fired reached 10,000 within a day of the video's release . But ESPN confirmed she will appear on sportscenter this weekend .
Chloe Owens , 27 , from Swanley , Kent , came up with the idea for Bump 2 breast . It contains information on everything from pregnancy to breastfeeding . App has already been downloaded 20,000 times and is getting rave reviews .
Michael Pulman , 33 , a care worker from Walsall , spent # 7,500 on a hair transplant . Emma Tallon , 27 , paid # 3,100 for liposuction on her thighs . Andrea Carter , 72 , from Leighton Buzzard , had her baggy jowls removed .
General Motors has unveiled the Chevrolet - FNR Car . It has ` Dragonfly ' swing doors that open upwards and ` Crystal Laser Headlights ' . The car is self - driving , electric , and the front chairs can swivel round . and using Iris recognition software you can start it using only your eyes .
Former Philadelphia District Attorney Lynne Abraham , 74 , collapsed on stage 10 minutes into Tuesday Night's debate . A doctor evaluated Abraham backstage and told her she probably suffered a momentary drop in blood pressure due to the unforgiving stage lights . Abraham said she was on a riser when she ` leaned over to look at -LSB- Williams -RSB- and the Lights Went Out ' .
The passenger door of the Brinks Armored Truck opened as it was moving . A plastic bag with a ` substantial amount of money ' to be blown out . Drivers pulled over on Interstate 20 in Albilene , Texas , to pick up the cash . Police have warned anyone caught with the money will be prosecuted .
Godfrey Elfwick was recruited via Twitter to appear on World Have Your Say . Producers were looking for people who had never seen the films to give their assessment . Mr Elfwick's Twitter bio states he is a ` demisexual genderqueen Muslim atheist ' . He also tweeted : ` I ' ve never actually seen # starwars but the fact that the bad guy was All Black and ate watermelons was unbelievably racist even for the 70's ` .
Kathy Ferreiro , 21 , has been dubbed the ` Cuban Kim Kardashian ' by Miami's fashion crowd . The hourglass - shaped Latina has a huge following in Colombia and other Latin American countries . She works as a distributor for a skin cosmetics firm .
Jihad - Watchers noticed thousands of accounts vanishing from social network last week . Most of them claimed to be linked to extremists currently terrorising Middle East . Now , Twitter has confirmed it was prompted by ` large number of reports ' . Comes after anonymous launched ` Operation anti-isis ' campaign .
Residents claim to have heard ` drilling ' noises on the evening of Good Friday . Thought at the time that this was simply a continuation of road works . Scotland Yard admitted last week that an alarm went off at the scene after midnight on Good Friday . But it was graded as ` no police response was deemed to be required ' . Residents on Greville Street say they had suspicious power outages a full week before the heist .
Shiraz Nawaz said he felt lucky to be alive after Flames shot out of manhole . The 36 - year - old had been walking to his local takeaway in Shirley , Solihull . He heard buzzing from the ground just a few feet behind him and noticed blackened cover . As he turned around he watched on as thick black smoke began billowing from the manhole . Father - of - two was able to grab his phone in time to film the terrifying incident .
Ao Nang Princess 5 ferry exploded and caught fire off Thailand's southwestern coast . 12 - year - old Israeli girl was thought to have been in the toilet at the time . Passengers threw themselves into the Andaman Sea after engine exploded .
Disgusted member of the public snapped the man using the field as a makeshift toilet . The worker casually stood in the middle of the crops in Benington , Lincolnshire . A toilet was only 18 metres away but the man chose to urinate in the field . Tesco food supplier th Clements & Son sacked the worker with immediate effect .
Former General Muhammadu Buhari won the Nigerian elections on an anti-corruption platform . Jonathan's government has been plagued by corruption , writes Anthony Ogunleslesles . He says Buhari's election represents a moment of maturity in West African politics .
Former Soviet state has gained most from strong pound , which has cut cost . Black Sea resorts offer best value in terms of meal out , coffee and Sun Cream . Bulgaria is one of 13 European hotspots where cash will go far further this summer .
Gruesome photographs appear to show beheading of ` alleged blasphemer ' . Man was led out of Van handcuffed and blindfolded before being executed . Masked Man , wielding a meat cleaver , appears to have beheaded the man in Hama , Syria .
Denise and Glen Higgs , from Braunton , Devon , had all but lost hope . Glen was made infertile due to testicular cancer treatment . But using his frozen sperm , doctors successfully created eight embryos . The couple had a daughter Mazy , born three years ago . Denise gave birth to twins Carter and Carson Last Week .
Bright Yellow Gatso had previously enforced the 30mph speed limit . It has not been working for more than two years after every fixed device was switched off . Mystery surrounds who has re-pointed the camera in Handsworth , Birmingham .
Charles Terreni Jr , 18 , was found dead at the Pi Kappa Alpha House in Columbia , South Carolina . He was four times over the legal alcohol limit when he died , an autopsy has found . Neighbors said the House had a party the night before , on St Patrick's Day .
Prince Alwaleed Bin Talal has pledged to give pilots a free Bentley . Saudi forces launched air strikes on Yemen a month ago to stop Shiite Houthi rebels . At least 944 people have been killed and 3,480 wounded in the month long campaign . Prince Talal , who owns $ 300 million stake in Twitter , made the pledge on social media .
The footage was captured at Spring Garden Station in Philadelphia on Tuesday . It shows the group of youngsters viciously attacking the victims . They then pull them to the ground , punch them and repeatedly stamp on their heads . The brawl , involving students from Benjamin Franklin High School , even spilled onto the tracks .
Paul and Laura Elliott decided to do something different for their wedding day . The Fitness fans ran the 26.2 mile Virgin Money London Marathon . Paul , 41 , lost his father to bowel cancer 19 years ago . The couple raised # 7,000 for Cancer Research UK .
Nasr Bitar saw a Google Street View car in Mississauga , Canada . He followed the car in his own vehicle and got in position to take the snap . He then waited to see if he would make it onto the map . Image of his selfie has now been viewed almost 2.9 million times .
Rory mcilroy is looking to complete a career Grand Slam this week . The 25 - year - old is favourite to win the Masters at the Augusta National . Only five men have won all four of golf's majors in the Masters era .
Danny Higginbotham describes Roy Keane's ` bizarre ' team talk . Keane told his Sunderland team - mates : ` Basically You ' re S * * * . Try and enjoy the game ` . The former Manchester United midfielder then walked out of the changing room . Keane is now part of Martin O ` Neill's backroom staff as Republic of Ireland assistant manager .
Intricately - carved bed was left in car park of former Redland House Hotel in Chester . Builders were renovating the property when they dumped the bed . It was later sold at auction for # 2,200 by four - poster bed specialist Ian Coulson . TV historian Jonathan Foyle has spent years trying to prove artefact's historical roots . DNA testing on bed's timber proves it once belonged to King Henry VII .
Law enforcement experts say the gun should be holstered on the officer's dominant side of the body , and the Taser should be placed on the nondominant side . The Reserve Deputy's attorney said his client is left - handed , but he said his gun was holstered to his right side . The officer is a veteran of the Tulsa Police Department .
The 21 - year - old singer argued with security after being stopped at the artists ` Entrance where Drake was performing . A video obtained by TMZ appears to show Bieber being put in a chokehold and escorted from the area .
Former Everton chairman Sir Philip Carter has died aged 87 . Carter also served as President of the Football League and a vice-president . He won two league titles , an FA Cup and the European Cup winners ` Cup . Current Toffees chairman Bill Kenwright paid tribute to Carter .
Border Collies ace and Holly were caught on camera performing a balancing act . Using a human as their base , Pooches stood up high on their hind legs . Ace was deemed Australia's smartest dog in 2014 by the TV show ` The Living Room ' .
Dayna Dobias , 19 , from Downers Grove , Illinois , was born with cerebral palsy . She hopes to change the way people with disabilities are represented by the television , film and the fashion industry . ` I might do things a little bit differently than most people , but that doesn't mean that I should be treated differently , ' she says .
Police say they have no objections to the 4 pm kick - off for Sunday's Manchester Derby . Chief Superintendent John o ` Hare says the decision was agreed by all parties . Merseyside Police launched a legal challenge after the Everton v Liverpool match was chosen for a 5.30 pm start . Fans in and close to the away end will be limited to two drinks every time they visit the bar . Police will also be searching supporters and keeping an eye out for pyrotechnics .
Mustafa Kamal resigned as ICC President on Wednesday . He accused India of influencing the outcome of a Cricket World Cup match . The Bangladeshi also criticised the umpires in the quarter - final . Kamal said he spoke as a fan , and not the president .
Floyd Mayweather takes on Manny Pacquiao in Las Vegas on May 2 . The bout has been billed as the fight of the century . Joe Calzaghe has backed Mayweather to win the fight . The Welshman retired with an undefeated record of 46 wins and Zero defeats .
Winchester Council said its annual clean - up had been hit by New Health and Safety Executive rules designed to protect litter - pickers from traffic . But the HSE denied tightening rules -- and said councils were ` over-interpreting ' legislation .
Simon Wood , 38 , from Oldham won masterchef Last Friday . He has never been on a cookery course or even had one lesson . He learned about cooking from reading and watching TV . He sharpens his skills by practicing on his four children .
Liverpool's Glen Johnson looks set to leave Liverpool after six years . Manchester City's James Milner could leave the Etihad Stadium . Swansea's Gerhard Tremmel could prove a useful acquisition for a newly - promoted side .
Mikenzy Snell and Matt Pliska were photographed holding a sign that read : ` Real Friends Don't count chromosomes ' at their junior prom in Waupaca , Michigan . Matt , who has Down Syndrome , is also a survivor of leukemia .
Michael Scott Shemansky failed to appear for a supervised visit with his son on the same day his mother was found dead at the home they shared in Winter Garden , Florida . He is already on parole for battery on law enforcement , has a history of bipolar mental illness , and was involuntarily committed to a psychiatric ward for an attempted suicide .
Bayern Munich beat Porto 6 - 1 at the Allianz Arena on Tuesday night . Thomas Muller became the leading German scorer in the Champions League . The 25 - year - old became the highest - scoring German in the competition . Muller's goal took him past Mario Gomez with 27 goals .
Domenico Rancadore was convicted of being a member of the Cosa Nostra in 1999 . The 65 - year - old fled to Britain in the 1990s and was convicted in his absence . He was due to be extradited to Italy in February but lost his year - and - a-half battle against extradition . Today it emerged his case expired last October and his European Arrest Warrant is to be withdrawn .
Baron the German Shepherd was filmed as he helped get the dishes done at home in California . Footage shows the pup reaching up and grabbing rinsed goods between his teeth from the sink , before loading them into The Dishwasher . Baron was professionally trained at the Hill Country K9 School .
The sports brand features prominently on a leaflet distributed in Raqqa . It warns Isis Jihadis about items of clothing they are no longer allowed to wear . News comes shortly after one militant compared brand's name to Christian cross .
The Sopranos creator David Chase wanted Lorraine Bracco to play Tony Soprano's wife Carmela and not Dr . Jennifer Melfi . The 60 - year - old actress was nominated for an Oscar for her role in Goodfellas .
Kevin Carr set off from Haytor on Dartmoor in July 2013 . Every day since then he has completed on average one and a quarter marathons a day . The 35 - year - old has covered an estimated 36,000,000 steps over the past 19 months . He will become the fastest man to ever run around the world .
David Axelrod masterminded two presidential election victories for Barack Obama . He was hired by the Labour leader Amid great fanfare last year . He has helped refine Mr Miliband's message about tackling cost of living .
HBO Now is available in the US for $ 14.99 ( # 9.90 ) a month . Includes all past , present and future HBO programming . Comes as apple is believed to be preparing a new version of the TV box . HBO Now's official iphone and ipad app is also rolling out on the App Store today .
Huma Abedin , 38 , was spotted with husband Anthony Weiner and their two - year - old son Jordan at Quaint Tortaria in New York on Saturday . Abedin and Clinton were spotted in an Iowa Chipotle this week but failed to leave a tip . This time she opted for a more upmarket eatery two doors down from the popular restaurant .
Just 28 of 700,000 babies born in the UK in 2013 were given the name . That compares to 235 Garys being born in 1996 , when the name was 147th most popular . In 2013 , it didn't even make the top 1,000 . Some blame shamed pop star Gary Glitter for the name's decline .
Stevie mccrorie has been crowned the winner of The Voice UK 2015 . He beat fellow contestant Lucy o ` Byrne in the final . But he has to break the curse of previous winners who have failed to do anything but flop out of the charts .
Alexandra Harra , 28 , has been dubbed the Romanian Kim Kardashian . She recently dyed her hair from blonde to black to look more like the reality star . The Life Coach has a BA degree in Creative Writing and classics .
Nadir CIFTCI celebrated a goal by blowing a kiss at opposition goalkeeper Scott Bain . Greg Stewart opened the scoring for Dundee after Chris Erksine's shot came off the hand of Kevin Thomson's hand . Dundee's first Derby win in over a decade . Jake mcpake and Paul Heffernan scored for Dundee .
Mercedes - Benz Fashion Week Australia came to a close on Thursday night in Sydney . Johanna Johnson's Sirens ` call show brought the event to a spectacular close . Femail take a look back at the trends emerging from the shows .
Lindsay Sandiford is on death row in Bali for smuggling cocaine . The 58 - year - old fears she will be the next to face the firing squad . She said she ` feels like giving up ' and ` just wants to get it over with ' . Australians Andrew Chan and Myuran Sukumaran were executed by firing squad .
Abby Bishop's life completely changed when she took in her two - day - old niece Zala . Now Zala is 20 months old and she follows Bishop as she travels the world playing for professional teams . Bishop , now 26 , said it was a big decision at the time but she wouldn't change anything . She has planned to spend a few years living in Europe full - time playing basketball . But she had to adjust her plans to do what was best for Zala . The Canberra Capitals player will go with her to the U . s . This may when she starts playing for the Seattle Storm in the WNBA .
Matt Prior is Chief Executive of the One Pro Cycling Team . The Tour de Yorkshire will run over three stages starting in Bridlington on May 1 . Sir Bradley Wiggins will lead his own team in the race for the first time .
Two ambulances were sent to Epping Forest after ` someone ' had been run down . But ` victim ' turned out to be a squirrel who had been hit by a car . East on England Ambulance Service released list of 1,248 inappropriate call outs . One caller said he had dropped his burger and it was ` bleeding ' , while another said he 'd eaten too much takeaway food .
Ben Flower did not believe he deserved the standing ovation which greeted his return from suspension on Thursday night . The Wales forward made his first appearance since he punched St Helens ` Lance Hohaia in last season's Grand Final . The 27 - year - old came on as a substitute in the 23rd minute of Thursday's match .
Located in the once tawdy , but now Trendy Pigalle District , the five - star Maison Souquet is the perfect blend of opulent and edginess . The 20 - room hotel describes itself as a ` temple to hedonism ' .
Steven Finn was overlooked for the West Indies Tour . But the 26 - year - old has been working on his run - up since the World Cup . Finn says he's ` had my trials and tribulations over the last 12 months ' .
Paul Armstrong , 26 , jetted off to Cyprus to celebrate new job . But he was stopped at airport with a stun gun , baton and Knuckle Duster in his luggage . Armstrong pleaded guilty to possession of a firearm and two offensive weapons . He was sentenced to eight months imprisonment , suspended for two years , with # 2,000 costs .
This year marks the 20th anniversary of Mercedes - Benz Fashion Week Australia . Alex Perry has opted out of presenting at this year's event . This is only the second fashion week the designer has missed in two decades . Perry says he is enjoying ` taking a breather ' after focusing on his international efforts of late .
The calamity occurred at Westfield High School in Indiana on Thursday night during a sold - out performance of the musical American Pie . One of the victims suffered critical head trauma as the stage fell half - way through a song . Some of the performers walked out of the pit , but others required more serious medical care .
Raheem Sterling has been linked with a # 50million move to Manchester City . But Brendan Rodgers says that a move to the Etihad would not be a step up . Liverpool face Aston Villa in the FA Cup semi-final on Sunday .
Loophole allows 20 kg of shark fin to be brought into UK if it is for personal consumption . Royal China Club in Central London was raided by Trading Standards Officers . Restaurant's marketing manager boasted it sold shark fin soup and another dish . Charity Bite - back believes as many as one in five Chinese restaurants are selling soup . More than 70 million sharks are killed each year for their fins .
Olly Taylor , 27 , is offering his version of the Easter Feast at his Black Milk Cafe in Manchester's Northern Quarter . The breakfast includes two types of cereal served in half an easter egg , with brownies , Marshmallows and mini eggs . It contains the equivalent of 388g of sugar or 97 teaspoons of sugar .
Google currently boasts a 90 per cent share in Europe's search engine market . EU could fine Google more than # 4 billion amid a wave of political opposition in Europe to the perceived dominance of us tech companies . The result of a five - year investigation into the American search giant -- means Google may ultimately have to change its business model and pay multi-billion pound fines to Brussels .
Phil Smith , 25 , scaled a fence to try to get in his flat in Cottingham , Hull . But he fell and hit his head after forgetting to take his keys on a night out . The teaching assistant fractured his skull and suffered a bleed on the brain . He was placed in a medically induced coma at Hull Royal Infirmary but died five days later .
Tottenham will subsidise Emmanuel Adebayor's # 100,000 - per - week wages . The Togolese striker is out of favour at White Hart Lane . The 31 - year - old is unwilling to take anything less than his current # 5.2 million salary . Chairman Daniel Levy has shown a reluctance to take such measures in the past .
The tragic fire at Bradford City's Valley Parade Stadium claimed 56 victims and injured 265 on May 11,1985 . John Helm was commentating on Bradford's game against Lincoln City when the fire broke out . Helm says there isn't a jot of evidence to suggest the blaze was caused deliberately .
Rory mcilroy and Jamie Dornan were taking part in a game of circular soccer . The World No 1 golfer defeated the film star 2 - 1 to take the Crown . Circular Soccer is a new football game based around a three sided goal . The 25 - year - old is an avid Manchester United fan .
Chris Christie appeared on The Tonight Show Wednesday evening and called out Jimmy Fallon for his weight jokes about him . The New Jersey Governor asked Fallon ; ` If I Look Great , what the Hell's with all the jokes every night ? ' .
Heathrow Airport are threatening to strip Qantas of their eight valuable landing spots . The Australian airline could also face a massive # 20,000 fine for every time A380 flights set down more than fifteen late . The airline has slipped to an on time ranking of 75 out of 80 airlines that use Heathrow . A spokesperson said air congestion at Heathrow and Dubai were to blame for the late arrivals .
Christopher Starrs , 50 , admitted defrauding BT of # 28,000 over two years . He and Phillip Tamplin , 53 , made # 124,000 from the scam . Judge Stuart Trimmer QC spared Starrs Jail as ` Act of Mercy ' . But he ordered him to repay money he took and pay a # 1,500 fine . But Senior Judge Nicholas Cooke QC said sentence was ` unlawful ' .
Real Madrid travel to Rayo Vallecano in La Liga on Wednesday night . Cristiano Ronaldo scored five in Real's 9 - 1 win against Granada at the weekend . Lionel Messi could Miss Barcelona's clash with Almeria . Juventus ` 3 - 0 Coppa Italia semi-final win over Fiorentina continues .
Kevin Pietersen scored 170 for Surrey in his first red - ball innings since June 2013 . Pietersen has not featured for England since he was unceremoniously sacked 14 months ago . Former England star Andrew Flintoff fears time is running out for Pietersen .
We were disappointed to see Julio Cesar Chavez Jnr lose to Andrzej Fonfara . Now we turn to three big fights in the next two months to see what Carl Froch does next . There are three fights coming up where the winner could work for Froch . I think Froch needs to fight again in 2015 if he is to ever return .
Video was filmed on Saturday in Shortandy Village , 40 miles north of Capital Astana . It captures the cloud hovering in the sky for 15 minutes before suddenly vanishing . Baffled locals watched the cloud hover ominously over the village for a quarter of an hour . Video has been viewed more than 50,000 times since being uploaded to YouTube .
In all 1,177 members of the notorious barrio 18 gang were transferred from Izalco Jail to San Francisco Gotera . They will mix with rivals from the hyper - violent Mara Salvatrucha gang , or M13 . All gang members will be classified not by their gang affiliation , but by how dangerous they are . So far this year gang members have been blamed for killing 20 police officers , two soldiers , six prison guards and a prosecutor .