Two CNN Heroes are among the earthquake survivors in Kathmandu , Nepal . They are struggling in the aftermath of the earthquake .
Money collected from students at the University of Surrey was submerged in Agar - a substance that allows bacteria to grow quickly . It was then monitored for three to four days for colonies of bacteria . Most of the bacteria found on the coins studied was harmless bacillus mycoides , which is common in soil . But MRSA and food poisoning bacteria have been found on Money in previous studies .
Porto have made a habit of selling on players for huge profits . 19 of the 29 players featured in the table below have South American backgrounds . James Rodriguez is another player off the Porto production line .
Carrie Reichert , 43 , has released a teaser from her upcoming book . says she felt ' overdressed ' when she saw Prince playing strip billiards . Prince Harry was said to have invited 10 women to his VIP Suite in 2012 . Ms Reichert has previously said she kissed the Prince and has a pair of his underpants she hopes to use in a strip - tease show .
Eva Chapin , 34 , from West Linn , Oregon , was booked into jail . She left a string of offensive post-it notes on the door of the family home . The qualified nurse referred to the residents as ' n ***** ' but wrote : ' I Am Not Racist ' .
Justin Rose finished second in the Masters after Carding 14 - under - par . Rose is hoping to follow in the footsteps of Rory mcilroy , who won the US Open and Masters in the summer of 2014 . mcilroy won the Open , Bridgestone Invitational and US PGA in four weeks .
Zbigniew Huminski , 38 , confessed to strangling nine - year - old victim in France . Victim identified by her first name as Chloe and stripped naked and sexually assaulted . She was forced into Huminski's car and then driven to woods near Calais . Chloe's mother , named only as Isabelle , heard her daughter's screams . Huminski had been banned from French territory after being convicted twice for acts of ‘ Extreme Violence .
Mary Ann Diano , 62 , was left homeless when the storms hit Staten Island , New York , in October 2012 . She and her partner Dennis Krauss lost their homes and were almost killed . But in its aftermath she met the love of her life and won the lottery . They are now buying their dream home together and plan to spend their winnings on a new house .
Chelsea beat Stoke City 2 - 1 at Stamford Bridge on Saturday . Cesc Fabregas was caught in the face by Charlie Adam's flailing arm . The Spaniard was left with a bloody nose and required treatment .
Maren Sanchez , 16 , was stabbed to death at Jonathan Law High School in Milford , Connecticut , on April 25 , 2014 . A classmate , Christopher Plaskon , has been charged with her murder . Hundreds of people gathered at the school on Saturday to Remember Sanchez . The event included a road race , bounce houses and a dunk tank .
Row started in 1980 when neighbour's vegetable patch withered and died . Audrey Alexander , 54 , bought house and asked neighbour to Trim Hedge . She claims hedge knocked £ 20,000 off the value of her house in Scotland . Stirling Council has finally ruled hedge can stay , but has to be cut to 20ft .
Catherine Nevin was jailed for life in 2000 for arranging to have husband shot . The 62 - year - old was allowed out on day release on Wednesday afternoon . She was allowed to attend an addiction studies course in Dublin . The course is part of her pre-release plan to integrate back into society .
Didier Drogba scored the equaliser for Chelsea against Leicester on Wednesday . The 37 - year - old set up the ' Didier Drogba Foundation in Africa ' . Drogba said he came from a poor family and played football in the streets . Chelsea stars Eden Hazard , Petr Cech and Branislav Ivanovic raised £ 400,000 for the foundation at a charity ball earlier this month .
Number of women taking holy vows has trebled from 15 in 2009 to 45 last year . From a low of seven in 2004 , figure has been rising for the past decade . Theodora Hawksley , 29 , joined Congregation of Jesus in January .
Bobby Zamora scored QPR's third goal with a lob from a narrow angle . Charlie Austin headed in QPR's second goal on the 35th minute . Eduardo Vargas scored QPR's third with a 25 - yard strike at The Hawthorns .
' I feel very blessed the skate didn't Hit My Eye , ' Drew Miller said at practice on Wednesday . ' . Very Lucky ' skating with a full face mask during practice , the Detroit forward openly bore a gruesome red wound that required 50 to 60 stitches to close along multiple layers of skin . Miller was left with a gash across both sides of his eyelid and bruising below his right eye .
Jurgen Klopp will leave Borussia Dortmund at the end of the season . Arsenal defender Per Mertesacker says Klopp would be a good manager . Mertesacker says Klopp has proved he is top - level and can teach a lot .
Fan site Appleinsider has spotted nine job listings on Apple's recruitment site in the past month that relate to batteries . These include an IOS Battery Life Software Engineer and an IOS Software Power Systems Engineer . Apple said its All - day battery life is based on 18 hours of use . This includes 90 time checks , 90 notifications , 45 minutes of app use , and a 30 - minute workout with music .
Andy Murray will marry fiancée Kim Sears in Dunblane on Saturday . The Scot lost to Novak Djokovic in the Miami Open final on Sunday . James Corden is the only non-british player likely to attend .
Paula dunican , 49 , bought the coat at her local branch in Canterbury , Kent . When she took it home to try on , she noticed a stain seeping through . Inside , a four inch - long gecko was flattened , its scales imprinted onto the fabric . Asda apologised and offered her a refund and £ 40 voucher .
Ronnie Carroll , 80 , died two days after getting on the election ballot paper . Due to stand as an independent , he was 80 and had contested elections before . He won 29 votes in the Haltemprice and Howden by - election - despite campaigning for a record score of 0 . Mr Carroll was on the statement of nominations as ' The Eurovisionary Carroll ' .
Britt McHenry , 28 , was suspended for a week after the April 6 video emerged showing her attacking tow clerk Gina Michelle for her looks and social status . The single mother - of - three was towed from a Chinese restaurant in Virginia . McHenry resorted to insulting the employee's looks , intelligence , and social status . The network has reinstated her to her role with a spot on sportscenter this weekend .
Chloe Owens , 27 , from Swanley , Kent , came up with the idea for Bump 2 breast when she was pregnant with daughter Lola , now three months old . The Tech - savvy mum even struggled to remember which boob she had used last when breastfeeding so included a breast - tracking feature . The app , which is available on all mobile platforms , has already been downloaded 20,000 times and is getting rave reviews .
Inside Harley Street is famed for attracting business from those who don't have to consider the cost . Some customers spend thousands on private cosmetic treatments . Michael Pulman , 33 , from Walsall , spent £ 7,500 on a hair transplant . Andrea Carter , 72 , from Leighton Buzzard , had her baggy jowls removed .
General Motors has unveiled the Chevrolet - FNR Car . It has ' Dragonfly ' swing doors that open upwards and ' Crystal Laser Headlights ' Chevrolet said the car offered a ‘ glimpse at mobility of the future ’ . The car is self - driving , electric , and the front chairs can swivel round . and using Iris recognition software you can start it using only your eyes .
Lynne Abraham , 74 , collapsed on stage 10 minutes into the hour - long debate between Democratic candidates running for Mayor of Philadelphia . A doctor evaluated Abraham backstage and told her she probably suffered a sudden drop in blood pressure due to the unforgiving stage lights . Speaking to reporters after the fall , Abraham said she was embarrassed but feeling well and that the incident won't impact her campaign .
Video shows drivers pulling over on Interstate 20 in albilene , Texas . They got out of their cars and walked toward oncoming traffic to pick up cash . Passenger door of Brinks Armored Truck Somehow opened as it was moving . Plastic Bag with ' substantial amount of money ' was blown out of truck . Police have warned anyone caught with cash inside truck will be prosecuted .
Godfrey Elfwick was recruited to talk on the BBC World Service Programme . He tweeted that he had never seen the films and was a ' demisexual genderqueen Muslim atheist ' Mr Elfwick later said the films were full of social problems .
Kathy Ferreiro , 21 , is a ' Mamasota ' , meaning ' hot ' or ' sexy ' in Spanish . The Miami - based Latina has already been dubbed the ' Cuban Kim Kardashian ' for her curvy booty . The aspiring celebrity has proved a hit on social media .
Thousands of accounts vanishing from social network last week . Most claiming to be linked to Islamic State militants and their supporters . Twitter's ' Violations Department ' suspended approximately 10,000 accounts . NDTV gadgets reported cull was prompted in part by ' large number of reports ' .
Residents claim to have heard ' drilling ' noises on Good Friday night . But they thought at the time that this was a continuation of road works . Thieves returned a day after heist to steal more loot after becoming ' greedy ' .
Shiraz Nawaz , 36 , was walking to takeaway in Shirley , Solihull , when he heard buzzing from the ground just a few feet behind him . As he turned around he noticed the charred ground and watched on as thick black smoke began to Billow from the manhole . The smoke was followed by a huge blast of flame which shot out 15 - foot of the ground on the pedestrian walkway . Miraculously nobody was hurt in the incident , thanks to Mr Shiraz who had evacuated the nearby takeaway .
The youngster was thought to have been in the toilet on board the Ao Nang Princess 5 Ferry . Between 100 and 110 passengers and crew had to be rescued by a dozen fishing trawlers , speed boats and rescue craft . Photos taken by rescuers show the abandoned vessel burning down almost to the waterline before sinking .
Farm worker seen urinating in a field of vegetables in Benington , Lincolnshire . A disgusted member of the public snapped the man on his mobile phone . He was sacked by th Clements & Son , which owns the field , with immediate effect . Tesco has said its vegetables undergo an ' extensive assessment ' .
Nigeria's transition from President Goodluck Jonathan to President Muhammadu Buhari is the first of its kind in history . John Sutter : For Too Long , Nigeria's poor have been victims of their country's enormous wealth .
Resorts on Bulgaria's Black Sea coast offer best value in terms of meal out . Research into imaginary shopping basket shows total price of £ 37.39 . Bulgaria's most popular resort of Sunny Beach is a carbon copy of Spain .
Gruesome photographs show man being blindfolded and blindfolded . He is then apparently executed by a masked man wielding a meat cleaver . Images are the latest propaganda released by the militant group .
Denise and Glen Higgs , from Braunton , Devon , had all but lost hope . Glen was made infertile due to cancer treatment at the age of 20 . But using frozen sperm , doctors created eight embryos through IVF . The couple had a daughter Mazy , born three years ago . Denise gave birth to twins Carter and Carson Last Week .
Camera has been pointing at house in Handsworth , Birmingham . It had previously enforced the 30mph speed limit for motorists . But it has not been working for more than two years .
Charles Terreni Jr , 18 , was found dead at Pi Kappa Alpha House in Columbia , South Carolina , around 10:30 am on March 18 . He was four times over the legal alcohol limit when he died , an autopsy has found . Terreni is the son of attorney Charles Terreni , a former staff member for then - Lt. Gov. Bob Peeler . The death is still under investigation .
Saudi Arabian forces launched air strikes on Yemen a month ago to stop advances from the Shiite Houthi rebels . Prince Alwaleed Bin Talal has reportedly promised to give each of the 100 pilots involved in the month long raids a free Bentley . He has an estimated fortune of $ 23 billion and investments in London's Savoy Hotel , Apple , Citigroup and News Corp .
The footage captured at Spring Garden Station in Philadelphia on Tuesday shows the group of youngsters viciously attacking the victims . They then pull them to the ground , punch them and repeatedly stamp on their heads . The brawl , involving students from Benjamin Franklin High School , even spilled onto the tracks . About a dozen students appear to be egging the fight on which officials have said may have started because of a dispute over a girl .
Paul and Laura Elliott tied the knot at the London Marathon on Sunday . The couple combined their love for running and their love for each other . Paul , 41 , lost his father to bowel cancer 19 years ago and so by running this weekend's marathon , the couple have raised £ 7,000 so far . The pair , who live in Clapham , London , ran across the finish line together under a shower of confetti .
Nasr Bitar spotted the car on the streets of Mississauga , Canada , last year . He followed it in his own vehicle , figuring out the pattern it was following . He parked his car , jumped out and got in position - Just in time to take the snap .
Rory mcilroy is looking to complete a career Grand Slam with victory at the Masters . The northern Irishman is heavily favoured to win the Green Jacket . mcilroy has won the open and USPGA Championship in 2014 .
Danny Higginbotham was about to take on Aston Villa during the 2007 - 08 season . Roy Keane sat them down in the home changing room at the Stadium of Light . But instead of encouraging his players to put their poor start behind them , the former Manchester United midfielder delivered an astonishing team talk . Higginbotham describes Keane's attempt to motivate his players .
Four - poster oak wood bed was left in Redland House Hotel Car Park in Chester . Builders dismantled it and left it to be picked up by auctioneers . It was snapped up for £ 2,200 in 2010 by a four - poster bed specialist . But he was shocked when his new ' Victorian ' purchase arrived . TV historian Jonathan Foyle has spent years trying to prove its roots .
A volunteer deputy accidentally fires a handgun instead of a Taser , killing a man . Robert Bates said he meant to use his stun gun but ended up firing his handgun instead . Law enforcement experts say the gun should be holstered on the officer's dominant side .
The 21 - year - old singer argued with security after being stopped at the artists ' entrance where Drake was performing at the event in Indio , California . A video obtained by TMZ appears to show Bieber being put in a chokehold and escorted from the area .
Sir Philip Carter has died aged 87 . Former Everton chairman also served as President of the Football League and a vice-president of the Football Association . Carter won two league titles , an FA Cup and the European Cup Winners ' Cup under his stewardship .
Using a human as their base , Pooches ace and Holly stood up high on their hind legs , with their front paws up .
Dayna Dobias , 19 , from Downers Grove was born with cerebral palsy . She hopes to counteract stereotypes held by people over certain disabilities .
Police say they have no objections to Sunday's Manchester derby kick - off . 4 pm kick - off allows supporters more time in the pub . Both sides are challenging for a top - four spot in the Premier League .
Mustafa Kamal resigned as ICC President on Wednesday . Kamal accused India of influencing the outcome of the Cricket World Cup quarter - final against Bangladesh . ICC chief executive Dave Richardson termed the criticism as ' unfortunate ' .
Floyd Mayweather takes on Manny Pacquiao in Las Vegas on May 2 . The bout has been billed as the ' Fight of the Century ' . But Joe Calzaghe says Mayweather will still be victorious . Click here for all the latest Mayweather vs Pacquiao News .
Winchester Council says Health and Safety Executive rules hit its annual clean - up of roads around the city . But HSE denies tightening rules and says councils are ' over-interpreting ' legislation . Sir Andrew Motion accuses Town Hall bosses and Highways Agency of ruining countryside by failing to remove rubbish .
Simon Wood , 38 , from Oldham won masterchef Last Friday . Hasn't been on a single cookery course or even had one lesson . Learns about cooking from reading recipe books or watching TV . Sharpens his skills by practising on his four children - Liam , 20 , Alex , 18 , Cameron , 16 , and Charlotte , Seven .
James Milner could leave Manchester City as a free agent in June . Glen Johnson looks set to leave Liverpool after six years at Anfield . Kolo Toure could leave Real Madrid for Liverpool .
Matt Pliska , who is also a survivor of leukemia , asked Mikenzy Snell to be his prom date last year . On their big night , the juniors from Waupaca , Michigan , made an emotional statement when they were photographed holding a sign that read : ' Real Friends Don't count chromosomes ' the sign refers to the fact that Down syndrome occurs when an individual has an extra copy of chromosome 21 .
Michael Scott Shemansky is wanted as a suspect in the murder of his mother Sandra Shemansky , 57 . He failed to appear for a supervised visit with his son on the same day Shemansky was found dead . He is already on parole for battery on law enforcement , has a history of bipolar mental illness , and was involuntarily committed to a psychiatric ward for an attempted suicide .
Bayern Munich defeated Porto 6 - 1 in the Champions League quarter - final . Thomas Muller scored the fourth goal of the game to secure a place in last four . Muller became the highest - scoring German since 1992 . The 25 - year - old engaged in a raucous exchange with Bayern supporters .
Domenico Rancadore , 65 , fled to Britain in the 1990s to join the Sicilian Mafia . He was convicted in his absence in Italy for his role as a ' Man of Honour ' . In February he was set to be extradited to Italy and sentenced to seven years . But today it emerged that his case expired last October and his European Arrest Warrant is to be withdrawn .
Baron the German Shepherd was filmed as he helped get the dishes done at home in California .
Leaflet distributed in terror group's de facto capital Raqqa warns Jihadis about items of clothing they are no longer allowed to wear . News comes shortly after one militant decried popularity of Nike among ISIS fighters , comparing the brand's name and Famous ' tick ' logo to wearing a Christian cross .
Lorraine Bracco , 60 , revealed she was first approached to play Carmela in the sopranos because she had already played a mobster's wife in Goodfellas nine years earlier . Accused creator David Chase of being lazy and instead cast Edie Falco instead .
Kevin Carr set off from Haytor in Dartmoor in July 2013 and has run 16 marathons a day since . The 35 - year - old is set to complete his 16,300 - mile round - the - world journey on Thursday in Devon . He has covered an estimated 36,000,000 steps over the past 19 months . Mr Carr will beat the current record held by Australian ultramarathon runner Tom Denniss , by 24 Hours .
David Axelrod masterminded two presidential election victories for Obama . He was hired by Labour leader Amid great fanfare last year . Axelrod has helped refine Miliband ’s message about cost of living .
HBO has launched its HBO Now Channel on the Apple TV set - top box , iphone and ipad . Service is available in the US for $ 14.99 ( £ 9.90 ) a month . Includes all past , present and future HBO programming . Comes ahead of the series premiere of HBO hit show Game of Thrones . Announcement comes weeks after Apple cut the price of its Apple TV device from $ 99 ( £ 65 ) to $ 69 ( £ 45 ) .
Huma Abedin , 38 , was spotted with husband Anthony Weiner and Son Jordan , two , at Quaint Tortaria in New York on Saturday . Abedin and Clinton were seen ordering a Burrito Bowl and a salad in an Iowa Chipotle but came under fire after staff complained Abedin did not put any change in the tip jar . Abedin and Clinton were seen in an Iowa Chipotle earlier this week .
Just 28 of 700,000 babies born in the UK in 2013 were given the name . That compares to 235 being born in 1996 , when it was 147th most popular . There was a surge in Garys born in the US in the early 1950s .
Stevie mccrorie beat Lucy o'byrne in the final of the Voice UK . His mentor Ricky Wilson is confident he can break the curse of previous winners who have failed to do anything but flop out of the charts . Leanne Mitchell has been dropped by her record label and now works as a holiday camp performer .
Alexandra Harra , 28 , has a BA degree in Creative Writing and classics . Recently dyed her hair black to look more like Kim Kardashian . Shares same love of Selfies and says she loves cats .
Nadir CIFTCI celebrates by kissing opposition goalkeeper Scott Bain . Dundee earn first win in a derby for more than 10 years . Jake mcpake and Paul Heffernan also on target for Dundee .
Mercedes - Benz Fashion Week Australia came to a close on Thursday night in Sydney . The Johanna Johnson show brought the event to a spectacular close with her sirens ' call presentation . Femail take a look back at the trends emerging from the shows .
Lindsay Sandiford , 58 , is on death row in Bali for smuggling cocaine . She believes she will be executed by the end of the year for smuggling . Andrew Chan , 31 , and Myuran Sukumaran , 33 , were executed by firing squad . They were the first to die in the latest round of executions after a final KFC bucket meal . Sandiford was sentenced to death after Indonesian police linked her to almost five kilograms of cocaine .
Abby Bishop was just 24 when she took in her two - day - old niece Zala . Now 20 months old , Zala follows Bishop as she travels the world playing for professional teams , and will go with her to the U.S. This may when she starts playing for the Seattle Storm in the WNBA . Bishop had planned to spend a few years living in Europe full - time playing basketball , but she had to adjust her plans to do what was best for Zala .
Former England cricketer Matt Prior is Chief Executive of One Pro Cycling . The team has been confirmed in the list of entrants for the inaugural Tour de Yorkshire which will run over three stages starting in Bridlington on May 1 . Prior is a long - time cycling fan who was mocked by Kevin Pietersen last summer for taking his bike with him on a tour of New Zealand .
Two ambulances sent to Epping Forest after caller said ' Someone ' had been hit by a car in Essex , but the ' victim ' turned out to be a squirrel . Reveller in Basildon , Essex , said he had dropped his burger and it was ' bleeding ' another man in Peterborough called to say his feet hurt after wearing shoes that were too small . East of England Ambulance Service revealed bizarre call outs as part of a list of 1,248 .
Ben Flower did not deserve the standing ovation which greeted his return from suspension on Thursday night . The Wales forward made his first appearance since he punched St Helens ' Lance Hohaia in the opening moments of last season's Grand Final , earning a six - month ban . Flower : ' I didn't expect such a Big Loud Roar and a standing ovation . For the fans to stick by me like that is a credit to them ' .
Maison Souquet is located in the once tawdy , but now Trendy Pigalle district of Paris . Guests can rent out the spa and swimming pool for a private dip under the starry ceiling . All of the property's velvet and gold - accented interiors were designed by Jacques Garcia .
Steven Finn has been watching footage of when he was on the top of his game . The Middlesex batsman says he's regained his previous best form . Finn was overlooked for the West Indies tour , but has been working on his run - up since the World Cup .
Paul Armstrong , 26 , jetted off to Cyprus to start new job as it project manager . After spending Spree returned with stun gun , baton and Knuckle Dusters in luggage . Armstrong pleaded guilty to possession of firearm and two offensive weapons . He was sentenced to eight months imprisonment , suspended for two years , with £ 2,000 costs at Newcastle Crown Court .
Alex Perry has pulled out of presenting at Mercedes - Benz Fashion Week Australia . The designer revealed in February that he would not be presenting a collection at the Sydney event this week . Perry is enjoying ' taking a breather ' after focusing on his international efforts of late . This is only the second fashion week the designer has missed in two decades .
Tragedy struck Thursday night during a sold - out performance of American Pie at Westfield High School in Indiana . One of the victims suffered critical head trauma as the stage fell half - way through a song . Audience members initially thought the tragedy was choreographed .
Liverpool face Aston Villa in the FA Cup semi-final on Sunday . Brendan Rodgers says that Manchester City are bigger than Liverpool . The Reds have been heavily linked with a £ 50million move for Raheem Sterling .
Trading Standards raided restaurant in central London and confiscated fins . Royal China Club boasted of selling shark fin soup and another dish . Charity Bite - back believes one in five Chinese restaurants are selling soup . One in five exploit legal loophole allowing people to bring 20 kg of fin into UK . Just One kilogram of shark fin can fetch up to £ 180 through wholesale markets .
Olly Taylor , 27 , is offering his version of the Easter Feast at his Black Milk Cafe in Manchester's Northern Quarter . Breakfast includes two cereals , brownies , marshmallows and mini eggs , topped off with three flavoured milks .
Brussels will say that Google has used its dominance to divert Internet users from rivals to its own services . Google currently boasts a 90 per cent share in Europe's search engine market . But the ruling means Google may ultimately have to change its business model and pay multi-billion pound fines to Brussels .
Phil Smith , 25 , scaled a fence to try to get into his flat in Cottingham , Hull . He fell and hit his head , fractured his skull and suffered a bleed on the brain . He was placed in a medically induced coma but died five days later . His parents have paid tribute to their ' Lovely Lad ' who had a ' natural talent ' .
Tottenham will subsidise Emmanuel Adebayor's £ 100,000 - per - week wages . The striker is out of favour at White Hart Lane under Mauricio Pochettino . Adebayor has made just nine league starts for Spurs this season .
John Helm was commentating on Bradford City's game against Lincoln City . The fire at Bradford City's Valley Parade Stadium claimed 56 victims and injured 265 on May 11 , 1985 . Martin Fletcher has done with his book fifty - six , the story of the Bradford Fire .
Rory mcilroy battled with Jamie Dornan during a game of circular soccer . The Northern Irishman won 2 - 1 after defeating the film star . mcilroy is an avid Manchester United fan and dreamed of playing for the Red Devils as a child . Circular Soccer is a new football concept based around a three sided goal .
Chris Christie appeared on The Tonight Show Wednesday , and called out Jimmy Fallon for his weight jokes about the New Jersey governor . Fallon told Christie He ' looked great , ' and then gave him his favorite food - ice cream . Christie then hoarded a pint of the ice cream , which he shared with Fallon .
Qantas have been told they could lose their eight landing strips at Heathrow . The Australian airline has slipped to an on time ranking of 75 out of 80 airlines that use Heathrow Airport . Captain Martin Gardiner sent a memo to Qantas detailing their failings . He said changes in flight times in the last 12 months had ' placed some additional stress on our network and turn - around Times ' .
Christopher Starrs , 50 , was allowed to go free from court with just a suspended jail sentence in January after admitting his part in a two - and - a-half year con . He invented clamped cars , overtime hours and damage to home owners ’ property during broadband installation . Starrs and fellow BT Openreach Manager Phillip Tamplin , 53 , admitted submitting the string of bogus expenses .
Real Madrid host Rayo Vallecano in La Liga on Wednesday night . Cristiano Ronaldo scored five goals in Real's 9 - 1 win against Granada . Lionel Messi has scored 36 goals in La Liga so far this season .
Andrew Flintoff fears Kevin Pietersen is ' running out of Time ' to resurrect his England career . Pietersen scored 170 for Surrey in his first Red Ball innings since June 2013 . England have won their last three Tests under Alastair Cook .
Carl Froch has not fought since beating George Groves at Wembley last May . He had hoped to meet Julio Cesar Chavez Jr , but he lost to Andrzej Fonfara . Froch has kept in shape and weighs 12st 7 lbs despite being away from the ring for nearly a year . I think he needs to fight again in 2015 if he is to ever return to the ring .
The clip was filmed on Saturday in Shortandy Village , 40 miles north of Astana . It captures the cloud hovering in the sky for 15 minutes before disappearing . Confused locals watched the mysterious cloud hover over Shortandy for a quarter of an hour before it vanished as quickly as it appeared .
In all 1,177 barrio 18 members were transferred from Izalco Jail to San Francisco Gotera . In a potentially incendiary move , Barrio 18 members at the jail will mix with their rivals from the hyper - violent Mara Salvatrucha gang , or M13 . They will all be classified not by their gang affiliation , but by how dangerous they are .