Anuradha Koirala , who rescues victims of sex trafficking , has a rehabilitation center in Kathmandu that is home to 425 young women and girls . While her primary facility seems structurally unharmed , all of the children have been sleeping outdoors because of aftershocks , followed by a second earthquake on May 12 . The once - vibrant campus has gone from a place of safety and healing to one of uncertainty and worry . ( CNN ) two CNN Heroes are among the earthquake survivors in Kathmandu , Nepal . And they are struggling in the aftermath .
The experiment , which involved treating the coins and notes in a substance that allows bacteria to grow quickly , highlights how dirty handling money can be . Thousands of bacteria colonies were discovered on banknotes and coins chosen at random from scientists ' pockets . The students found thousands of bacteria colonies living on their money .
With the confirmation of Danilo's summer switch to Real Madrid , Porto have now received a whopping # 440million from player sales in the last 11 years . Since winning the Champions League under Jose Mourinho in 2004 the Portuguese champions have made a habit of selling on players for huge profits . Porto and Brazil Right Back Danilo will join Real Madrid in the summer in a deal worth # 23million .
Carrie Reichert , 43 , who has previously said she kissed the Prince and has a pair of his underpants she hopes to use in a strip - tease show , has now written a book about the night . In an excerpt from the upcoming in the Eye of the royal story , she says she couldn't help but notice how ` adorably cute his naked a ** was ' , the Sun reported . A dominatrix who claims she shared a ` hot , Deep Kiss ' with Prince Harry during his infamous Party Night in Vegas three years ago says she felt ` overdressed ' when she saw him playing strip billiards .
Eva Chapin , 34 , from West Linn , Oregon , was booked into jail after she left a string of offensive post-it notes on the door of the family home . The qualified nurse referred to the residents , who are believed to have roots in Ghana , as ` n ***** ' but wrote : ' I Am Not Racist ' . She has been living in the neighborhood for 11 years but now plans to move .
Justin Rose will try to take a leaf out of Rory McIlroy's book after kickstarting his season with his share of second place in the Masters . Rose arrived at Augusta National having missed the cut in three of his previous five tournaments on the PGA Tour , but left with renewed enthusiasm and a 14 - under - par total which has only been bettered six times in Masters history . Justin Rose was unable to take victory at the Masters , despite Carding 14 - under - par for the tournament .
Zbigniew Huminski , 38 , has confessed to strangling his nine - year - old victim , identified by her first name of Chloe , Yesterday Afternoon in France ` while drunk ' . She was stripped naked and sexually assaulted and after being forced into Huminski's car and then driven to an isolated wood once used as a camp for illegal migrants bound for the UK . Chloe's mother , named only as Isabelle , ` heard her daughter's screams ' as she was being taken away from outside her school in Calais - but was unable to do anything .
Mary Ann Diano was left homeless when the storms hit Staten Island , New York , in October 2012 - but now says because of Hurricane Sandy she has met the love of her life and they are buying their dream home together . The 62 - year - old's home has lived in a trailer park in Connecticut every since the disaster where she met her partner Dennis Krauss , whose home in Brooklyn , New York , was also destroyed . A couple who lost their homes and were almost killed in Hurricane Sandy are celebrating a whirlwind of good fortune after winning more than $ 250,000 in the lottery .
Chelsea midfielder Cesc Fabregas took to Instagram to show off the shiners he picked up from Stoke City midfielder Charlie Adam on Saturday . Jose Mourinho's side extended their lead at the top of Barclays Premier League to seven points with a 2 - 1 win but it didn't come without cost for Fabregas . The former Arsenal and Barcelona Ace was left bloodied after being caught by a flailing arm following a tussle with Adam , the scorer of a 66 - yard wonder goal .
Wearing shirts in Maren Sanchez's favorite color of purple , the crowd filled a baseball field behind Milford's Jonathan Law High School , where she was attacked and killed in a hallway on April 25 , 2014 . A classmate , Christopher Plaskon , has been charged with murder . The Life of a 16 - year - old girl stabbed to death at a Connecticut School a year ago on the day of Prom was celebrated Saturday by hundreds of people with a road race , Fried Food and live music . ' . I Did It ' : Chris Plaskon is being charged with murder as an adult over the stabbing of Sanchez .
It is the final defeat in a battle that involved two generations of Mrs Alexander's family . It kicked off 35 years ago when Mrs Alexander's aunt found her vegetable patch at the property would not grow anything worth eating because of the leylandii . The dispute rumbled on , with Mrs Alexander , 54 , claiming that the trees knocked # 20,000 off the value of her property .
Catherine Nevin was allowed out on day release on Wednesday afternoon despite being jailed for life in April 2000 for arranging to having her publican husband Tom shot dead . The 62 - year - old was permitted to attend an addiction studies course and was pictured leaving Mountjoy Prison and making her way from Dublin's Dochas centre to the Oblates in the city's Inchicore suburb . Catherine and Tom Nevin on their wedding day . The 62 - year - old was given life in prison for arranging to have her husband shot dead .
The Chelsea forward set up the ` Didier Drogba Foundation in Africa , ' as he hopes to inspire the next generation of footballers in Africa to fall in love with the game . Following all his inspired charity work , Didier Drogba has been awarded with a Barclays Spirit of the game trophy . The 37 - year - old , who scored against Leicester on Wednesday , spoke in the video about his experiences growing up in the Ivory Coast and his love for football .
Figures from the Catholic Church show the number of women taking holy vows has trebled from 15 in 2009 to 45 last year . From a low of only seven in 2004 , the figure has been rising for the past decade . Theodora Hawksley , 29 , was until recently a post-doctoral researcher in theology at the University of Edinburgh . But at the beginning of the year she decided to become a nun .
Bobby Zamora ( left ) scored QPR's third goal with an astounding lob from a narrow angle against West Brom at The Hawthorns . The QPR players went 2 - 0 up thanks to Austin and ended up going in 3 - 0 ahead at half - time . Victor Anichebe ( left ) headed in a consolation goal for West Brom in the 58th after coming off the bench .
Skating with a full face mask during practice , the Detroit forward openly bore a gruesome red wound that required 50 to 60 stitches to close along multiple layers of skin , the Detroit free press reports . The Red Wings ' Drew Miller says he's eager to hit the ice again just a day after receiving a cut that could have cost him his eyesight . ' . I feel very blessed the skate didn't Hit My Eye , ' Miller said at practice on Wednesday . ` very lucky ' .
Arsenal defender Per Mertesacker has tipped compatriot Jurgen Klopp to make his mark in the Barclays Premier League if he opts to continue his career in England . Arsenal vice-captain Per Mertesacker says Klopp would be a top manager in the Premier League . Jurgen Klopp has revealed he will be vacating his role as Borussia Dortmund boss at the end of the season .
Fan site Appleinsider has spotted nine job listings on Apple's official recruitment site in the past month that relate to batteries . These include one for an IOS battery life software engineer ( pictured left ) and another for IOS Software Power Systems Engineer ( pictured right ) . At least nine job listings have been spotted on the firm's official recruitment site as the company looks to boost the battery across its range of mobiles and laptops . Audio Playback : the battery will last up to 6.5 hours when playing music .
Andy Murray celebrates winning a point in the second set against Novak Djokovic in the mens final . World No 3 Murray is set to marry his fiancee Sears in Dunblane Next Saturday . Djokovic holds the winners trophy after defeating Murray in the final of the Miami Open .
Paula Dunican spent # 25 on the Baby Blue Coat at her local branch in Canterbury , Kent . But when the 49 - year - old took it home to try on , she noticed a dark stain ` seeping through ' from the its lining . Inside , a four inch - long gecko was flattened , its scales imprinted onto the fabric .
Ronnie Carroll died just days after successfully getting on the general election ballot paper for Hampstead and Kilburn , where his name will remain for the election . Due to stand as an independent , Mr Carroll was 80 and had contested elections before , winning 29 votes in the Haltemprice and Howden by - election - despite campaigning for a record score of 0 . A former Eurovision contestant running for Parliament could still be elected as an MP despite dying two days ago .
Her car had been towed from the parking lot of a Chinese restaurant in Virginia , where she left it overnight on Easter weekend . When she picked it up , infuriated , she resorted to insulting the employee's looks , intelligence , and social status . Vicious : ESPN Sports Reporter Britt McHenry was suspended for one week after the April 6 video surfaced . But despite viewers ' calls for harsher punishment , the network has reinstated the 28 - year - old to her role with a spot on SportsCenter this weekend .
Chloe Owens , 27 , from Swanley , Kent , came up with the idea for Bump 2 breast when she was pregnant with daughter Lola , now three months old . A Mum who says she felt like a ` Rabbit in headlights ' after having her first child has designed an app to guide mothers through pregnancy and early motherhood , which even tells breastfeeding mothers which boob to use next . Tech - savvy mum Chloe , who designed the new app , with Baby Lola , now three months .
Michael Pulman , 33 , a care worker from Walsall , spent # 7,500 on a hair transplant to boost his self - esteem . Michael , has spent # 7,500 on a hair transplant which he believes will boost his self - esteem and happiness . Andrea Carter , 72 , from Leighton Buzzard , has her baggy jowls removed .
General Motors has unveiled the Chevrolet - FNR Car ( shown ) . It has ` Dragonfly ' swing doors that open upwards and ` Crystal Laser Headlights ' the car was unveiled at the Shanghai General Motors Gala Night This Week . Chevrolet said the car offered a ` glimpse at mobility of the future . ' .
It was only 10 minutes into the hour - long debate when Abraham was heard falling as Senator Anthony Williams answered a question , and the camera panned over to see the former Philadelphia District Attorney lying helpless on the floor . Philadelphia mayoral candidate Lynne Abraham ( left ) collapsed on stage 10 minutes into Tuesday Night's hour - long debate between Democratic candidates . The former Philadelphia District Attorney Abraham allegedly suffered a momentary drop in blood pressure . She sat out the rest of the debate .
Drivers pulled over on Interstate 20 in Albilene , Texas , got out of their cars and walked toward oncoming traffic to pick up the cash . A video posted on Facebook shows motorists frantically grabbing the notes in between stopped vehicles , while others were forced to slow down and veer out of the way . Police have warned that if anyone is caught with cash that was inside the truck - they could land themselves behind bars .
Godfrey Elfwick was recruited via Twitter to appear on the programme World Have Your Say , where producers were preparing an item about the trailer for the new film in the franchise . In particular , the programme were looking for people who had never seen any of the films to watch them and give their assessment . The BBC has apologised and admitted the fell victim to a hoaxer who appeared on the World Service claiming the Star Wars films are anti-women , anti-gay and said Darth Vader listens to rap music .
Cuban Bikini Babe Kathy Ferreiro , 21 , is vying to steal Kim Kardashian's crown for having the curviest booty in America . The Miami - based Latina , who has already been dubbed the ` Cuban Kim Kardashian ' by the city's fashion crowd , is well known for strutting her stuff on the region's balmy beaches . Pneumatic proportions ... but nothing about her derrière has been photoshopped according to Kathy , who works for a skin cosmetics firm .
Twitter suspended more than 10,000 accounts linked to Islamic State militants and their supporters in a single 24 - hour period in a fresh crackdown on those ` tweeting violent threats ' . Jihad - Watchers noticed thousands of accounts vanishing from the social network last week , most of them claiming to be linked to the extremists currently terrorising vast swathes of the Middle East . Now , after questions were asked about what led to the largest ever one - off cull of ISIS - affiliated accounts , Twitter has confirmed that its purge was prompted because they were being used by Tech - savvy jihadis to issue threats of violence .
Residents living yards from the scene of the # 60million Hatton Garden Heist have revealed how they were hit by ` Peculiar ' power cuts on the weekend before the daring crime . Meanwhile it has also been alleged that the thieves returned a day after the initial robbery in central London to steal more loot after becoming ` greedy ' . Scotland Yard admitted last week that an alarm first went off at the scene after midnight on Good Friday , but it was graded as ` no police response was deemed to be required ' .
Father - of - two Shiraz Nawaz said he felt lucky to be alive after the 15 - foot flames shot out of the manhole just seconds after he had walked over it in a busy street in the West Midlands . The 36 - year - old had been on his way to his local takeaway when he heard buzzing from the ground just a few feet behind him . The smoke was followed by a huge blast of flame which shot out 15 - foot of the ground on the pedestrian walkway .
The youngster was thought to have been in the toilet on board the Ao Nang Princess 5 ferry which was carrying more than 100 people , including many foreign tourists , when the incident happened at around 3.30 pm local time . Passengers were throwing themselves into the Andaman Sea after the engine exploded and flames ripped through the boat , according to the Bangkok Post . A 12 - year - old Israeli Girl is missing after a tour boat she was on exploded and caught fire off Thailand's southwestern coast on its way to Phuket .
The Worker , who can be seen in a high - vis jacket , casually stood in the middle of the crops urinating on the plants - despite a toilet being only 18 metres away . A disgusted member of the public snapped the man on his mobile phone after spotting him using the field as a makeshift toilet . Th Clements & Son , which owns the field in Benington , Lincolnshire , was alerted and sacked the worker with immediate effect .
( CNN ) the victory of a 72 - year - old former general , Muhammadu Buhari , in the Nigerian elections represents a moment of maturity in West African politics . Buhari , who some 30 years ago was Nigeria's harsh military leader , could of course prove to be a disaster ; so many self - described reformers have been . Swath . Now he has won the presidency promising to tackle those intertwined problems of Boko Haram and corruption . Get the Army functioning properly again , Nigerians hope , and it will be able to drive back the fundamentalists . But the peaceful transition of power from President Goodluck Jonathan to President Buhari is the first of its kind in history . And the fact that the winner ran on an anti-corruption platform suggests that ordinary Nigerians have finally had enough of the venality of their elites . For Too Long , Nigeria's poor have been victims of their country's enormous wealth . The cancer of corruption has to be cut out .
It is one of 13 European hotspots out of 14 where your cash will go far further this summer , largely thanks to rock - bottom exchange rates and higher inflation in some countries . The former Soviet state has gained the most from the strong pound , which has cut the cost of visiting the continent . Resorts on its Black Sea coast offer the best value in terms of a meal out , buying a cup of coffee and essentials such as Sun Cream and a cold drink , according to a study .
A man was apparently beheaded by ISIS in Hama , Syria , for being an alleged ` blasphemer ' his beheading is believed to have taken place in Hama in Syria . A series of gruesome photographs show a man being led out of a van handcuffed and blindfolded before he is executed by a masked man , wielding a meat cleaver .
Denise and Glen Higgs , from Braunton , Devon , had all but lost hope that they would ever be able to conceive after Glen was made infertile due to cancer treatment . But using his frozen sperm , doctors successfully created eight embryos through IVF fertility treatment and the couple had a daughter Mazy , born three years ago . The couple tried again using the same batch and Denise gave birth to twins Carter and Carson Last Week .
The Bright Yellow Gatso had previously enforced the 30mph speed limit for motorists along the residential road in Handsworth , Birmingham . However , it has not been working for two years after every single fixed device was switched off in the West Midlands . Around 300 speed and traffic camera , using old technology , were turned off across the region in March 2013 .
Suspended : The Pi Kappa Alpha House at the University of South Carolina has been suspended , after a brother was found dead in a house Wednesday morning . Charles Terreni Jr was four times over the legal alcohol limit when he died , an autopsy has found . He was found at the Pi Kappa Alpha House in Columbia , not far from campus , around 10:30 am on March 18 , the morning after an alleged ` kegger ' at the House for the annual Irish holiday .
Saudi Prince Alwaleed Bin Talal has pledged to give 100 Bentleys to Saudi pilots who took part in air strikes against rebels advancing in Yemen . A Saudi prince has promised to give a free Bentley to every pilot involved in the Yemen air strikes , as bombing raids in the country appeared to resume despite a pledge that they would stop . Dozens more people are said to have been wounded or killed .
The footage captured at Spring Garden Station in Philadelphia on Tuesday shows the group of youngsters viciously attacking the victims just seconds before the train pulls into the station . They then pull them to the ground , punch them and repeatedly stamp on their heads . The brawl , involving students from Benjamin Franklin High School , even spilled onto the tracks , with one person falling onto the line during the confrontation .
Unfortunately Paul , 41 , lost his father to bowel cancer 19 years ago and so by running this weekend's marathon , the couple have raised # 7,000 so far to help honour his memory on this special day . On Sunday , 36,000 runners took to the streets of London for the 26.2 mile Virgin Money London Marathon . For one couple however , these streets became a 26 mile aisle where they exchanged vows en route .
` time to shine ' : Nasr Bitar saw taking the perfect selfie with Google Street View as a chance to ` Shine ' The college student spotted the car on the streets of Mississauga , Canada , last autumn and began following in his own vehicle . His plan ? . To get the all important ` selfie ' - and make an appearance on the Street View Map .
Rory McIlroy is looking to complete a career Grand Slam this week with victory at the Masters in Augusta . Only five men have won all four of golf's majors in the Masters era , those being Jack Nicklaus , Tiger Woods , Ben Hogan , Gary Player and Gene Sarazen . McIlroy was all smiles with his caddy Niall Horan of one direction during the par - 3 contest on Wednesday .
Former Sunderland defender Danny Higginbotham has described a controversial speech made by Roy Keane which he calls ` one of the most bizarre team talks I 've ever experienced ' . Aston Villa winger Shaun Maloney ( right ) scored a free - kick to secure a 1 - 1 draw for the visitors . Republic of Ireland assistant manager Roy Keane ( left ) looks frustrated during his country's draw with Poland .
The four - poster oak wood bed ( above ) , which was dumped in the car park of Redland House Hotel in Chester and later sold at auction for # 2,200 , has now been confirmed by DNA as once belonging to King Henry VII . Oblivious to its true value and historical significance , the construction workers dismantled the piece of oak wood furniture and left it to be picked up by auctioneers . The intricately - carved ornate bed was left in the car park of the former Redland House Hotel in Hough Green , Chester , by builders who were renovating the property .
Bates is now charged with second - degree manslaughter . If convicted , he faces up to four years in prison . That's apparently what happened in Tulsa , Oklahoma , when a 73 - year - old reserve deputy , Robert Bates , killed Eric Harris . Bates said he meant to use his stun gun but ended up firing his handgun instead . Deputy who shot Eric Harris turns himself in .
Justin Bieber was reportedly placed in a chokehold by security and booted from the Coachella Music Festival over the weekend . The 21 - year - old singer argued with security after being stopped at the artists ' entrance where Drake was performing at the event in Indio , California . A video obtained by TMZ appears to shows Bieber being put in a chokehold and escorted from the area .
Former Everton Chairman and Life President Sir Phillip Carter passed away on Thursday . He was 87 . Carter also served as President of the Football League and a vice-president of the Football Association . Former Everton chairman Sir Philip Carter has died aged 87 .
Using a human as their base , Pooches ace and Holly stood up high on their hind legs , with their front paws up . A pair of Border Collies were caught on camera performing a balancing act . These two Australian Dogs Have Got Talent ! .
Dayna Dobias , 19 , from Downers Grove was born with cerebral palsy , but she hopes to inspire others with her enthusiastic videos . A teenager from Illinois is tackling her disability head - on and attempting to positively influence thousands of others by dancing . Confident : Dayna has now taken up motivational speaking and has visited several schools in the Chicago area .
With plenty at stake for both United and city -- both sides are challenging for a top - four spot in the Premier League -- some may feel that the 4 pm start could be unwise as it allows supporters more time in the pub . Police say they have no objections to the late afternoon kick - off for Sunday's Manchester Derby at Old Trafford . However , the man in charge of patrolling the sell - out clash has no such fears .
Mustafa Kamal resigned as ICC President on Wednesday , accusing India of influencing the outcome of the Cricket World Cup quarter - final against Bangladesh . Kamal has stepped down amid accusations that India influenced the outcome of a World Cup match . Mustafa Kamal , pictured with the Cricket World Cup trophy , has stepped down as ICC president .
Unbeaten Floyd Mayweather faces more pressure than Manny Pacquiao when the pair meet in Las Vegas on May 2 but he will still be victorious , says Joe Calzaghe . Floyd Mayweather works out with his uncle Roger at the Mayweather Boxing Club ahead of the fight . Mayweather has an impressive record , winning all of his previous 47 professional career fights , 26 by knockout .
Winchester Council in Hampshire said its annual clean - up of roads around the city had been hit by New Health and Safety Executive rules designed to protect litter - pickers from traffic . But the HSE denied tightening rules -- and said councils were ` over-interpreting ' legislation . Last Night , former Poet Laureate Sir Andrew Motion , now President of the campaign to Protect Rural England , accused Town Hall bosses and the Highways Agency of ruining the countryside by failing to remove rubbish .
The new winner of Masterchef Simon Wood , who won the title last Friday , hasn't been on a single cookery course or even had one lesson . Simon Wood , 38 , from Oldham won Masterchef Last Friday . Simon as an eight year old after winning the chance to spend a day in a hotel kitchen .
Here are best players who are currently set to leave their Premier League clubs on a free in June . Manchester City's tenacious , creative and versatile midfielder James Milner could leave as a free agent . Striker - James Wilson ( Manchester United ) .
Matt Pliska , who is also a survivor of leukemia , asked Mikenzy Snell to be his prom date last year , and on their big night , the juniors from Waupaca , Michigan , made an emotional statement when they were photographed holding a sign that read : ` Real Friends Don't count chromosomes ' , referring the fact that Down syndrome occurs when an individual has an extra copy of chromosome 21 . Since the news outlet first shared the heartwarming picture of Matt and Mikenzy on its Facebook page on March 30 , more than 15,000 people have liked the image , ensuring that their prom night will be one that they never forget . Perfect Pair : Mikenzy Snell and Matt Pliska , who has Down syndrome , spread an important message about friendship when they were photographed holding this sign at their junior prom in Waupaca , Michigan .
Police say Michael Scott Shemansky came to their attention after he failed to appear for a supervised visit with his son on the same day mother Sandra Shemansky , 57 , was found dead at the home they shared in Winter Garden . The body was discovered at the West Colonial Drive home when an out - of - state family member called in a well - being check . He is already on parole for battery on law enforcement , has a history of bipolar mental illness , and was involuntarily committed to a psychiatric ward for an attempted suicide .
Muller , 25 , netted the fourth goal of Bayern's 6 - 1 demolition of Porto in the second leg of the Champions League quarter - final at the Allianz Arena to secure their place in the last four . Thomas Muller became the leading German scorer in the Champions League on Tuesday night and engaged in a raucous exchange with Bayern Munich supporters as Pep Guardiola's side celebrated a famous win . It was the World Cup winner's 27th Champions League goal , taking him past former Bayern team - mate Mario Gomez and making him the highest - scoring German since the tournament took its current shape in 1992 .
Domenico Rancadore , who has lived in Britain for more than 20 years , was given a seven - year sentence by an Italian court in 1999 for being a member of the Cosa Nostra . In February he lost his year - and - a-half battle against extradition and was told he must return to Italy to serve his sentence . But today it emerged that the 65 - year - old's case expired last October and his European Arrest Warrant is to be withdrawn .
Baron the German Shepherd was filmed as he helped get the dishes done at home in California . Footage shows the pup reaching up and grabbing rinsed goods between his teeth from the sink , before loading them into The Dishwasher . He then gets back up on his back legs to collect his next load .
The sports brand features prominently on a leaflet distributed in the terror group's de facto capital Raqqa Warning Isis Jihadis about items of clothing they are no longer allowed to wear . The news comes shortly after one militant decried the popularity of Nike among ISIS fighters , comparing the brand's name and Famous ` tick ' logo to wearing a Christian cross . His comments prompted a fierce debate with fellow jihadis who argued that it was perfectly acceptable to wear Nike products because they are ` comfy and good quality , unlike crosses ' .
Revelation : Lorraine Bracco said that she was first approached to play the role of Carmela in the sopranos and not Dr. Jennifer Melfi . The Oscar nominated actress , 60 , revealed she turned down the starring role alongside James Gandolfini in the landmark HBO drama because she had already played a mobster's wife in Goodfellas , nine years previously . Accusing Chase of lazy casting , Bracco chose instead the complicated role of Dr. Melfi , who provided the therapy that allowed New Jersey mob boss Tony Soprano to justify many of his monstrous acts .
Kevin Carr set off from Haytor on Dartmoor in July 2013 and every day since then he has completed on average one and a quarter marathons a day . Now , after covering an estimated 36,000,000 steps over the past 19 months he is just 24 hours from returning to his starting point . The 35 - year - old from Woolacombe in Devon is currently in his home county and is due to complete his 16,300 - mile epic journey on Thursday .
Ed Miliband's US adviser pays no tax in Britain on his reported # 300,000 salary , he has admitted . David Axelrod masterminded two presidential election victories for Barack Obama and was hired by the Labour leader Amid great fanfare last year . He has helped refine Mr Miliband's message about tackling the cost of living and making sure the wealthy pay their fair share .
The service is available in the US for $ 14.99 ( # 9.90 ) a month , and will includes all past , present and future HBO programming . It comes as apple is believed to be preparing a new version of the TV box that can run apps for a June launch . HBO has launched its HBO Now Channel on the Apple TV set - top box , iPhone and iPad ahead of the series premiere of HBO hit show Game of Thrones on April 12 .
The 38 - year - old was spotted with her husband , disgraced former Congressman Anthony Weiner , and two - year - old son Jordan tucking into her second spicy menu of the week on Saturday afternoon . But that was just the start for Hillary Clinton's most trusted aide Huma Abedin . Their Chipotle Lunch became a media storm .
Just 28 of 700,000 babies born in the UK in 2013 were given the name , data from the Office of National Statistics Shows . That compares to 235 Garys being born in 1996 , when the name was the 147th most popular in Britain . In 2013 , it didn't even make the top 1,000 . Girls .
Stevie McCrorie has been crowned the winner of the Voice UK 2015 , after beating fellow contestant Lucy O'Byrne in the final . Now mentor Ricky Wilson , his fellow Celebrity Judges Rita Ora , Tom Jones and will.i.am , and most of all bosses at the BBC will all have their fingers crossed for his success . Because it's not just a hit single Stevie Needs , he also has to break the curse of previous winners who have failed to do anything but flop out of the charts .
Alexandra Harra , 28 , who now lives in Miami , has a BA degree in Creative Writing and classics . She now works as a professional life coach , a writer for The Huffington Post and an author of the Karma Queens ' guide to relationships . But when she was persuaded to pose on the cover of the Romanian playboy , she suddenly found it wasn't her university education that people were interested in . A Life Coach and author with a curvy figure and dyed black locks has been dubbed the Romanian Kim Kardashian .
Dundee United Striker Nadir CIFTCI celebrated a goal by blowing a kiss at opposition goalkeeper Scott Bain , but the Turkish midfielder was the one left blushing as his side lost away at rivals Dundee . Former Portsmouth Ace CIFTCI briefly levelled the scores at Dens Park when he slotted home a penalty after Greg Stewart had given the hosts the lead . The 23 - year - old celebrated by trying to Rile Dundee No 1 Bain , but his actions came back to haunt him as the Dark Blues earned all three points thanks to further goals from Jake McPake and Paul Heffernan .
That's a wrap - Mercedes - Benz Fashion Week Australia came to a close on Thursday night in Sydney , with the Johanna Johnson show bringing the event to a spectacular close with her Hollywood - inspired Sirens ' call presentation . Couture Creations . Strong is the new skinny .
Lindsay Sandiford , 58 , from Cheltenham , now fears she will be the next to face the firing squad and said she ` feels like giving up ' and ` just wants to get it over with ' . Australians Andrew Chan , 31 , and Myuran Sukumaran , 33 , were executed along with six other prisoners by an Indonesian firing squad . She was sentenced to death after Indonesian police linked her to almost five kilograms of cocaine .
Now Zala is 20 months old and she follows Bishop as she travels the world playing for professional teams , and will go with her to the U.S. this may when she starts playing for the Seattle Storm in the WNBA . But when basketballer Abby Bishop was just 24 , her life completely changed when she took in her two - day - old niece Zala . It was August 2013 and Bishop suddenly found herself caring for a newborn , juggling training with sleepless nights and adjusting to her new life .
Former England cricketer Matt Prior will have his mind set on a sporting peak of a different kind when some of the world's best cyclists re-converge on the Yorkshire Roads Early next month . Prior is Chief Executive of the One Pro Cycling Team that has been confirmed in the list of entrants for the inaugural Tour de Yorkshire which will run over three stages starting in Bridlington on May 1 . Matt Prior's One Pro Cycling Team has been confirmed in the list of entrants for the first Tour de Yorkshire .
Two ambulances were sent to Epping Forest after a caller told crews ` someone ' had been run down , only for the ` victim ' to turn out to be a squirrel . Another man said he had dropped his burger and it was ` bleeding ' the report forms just part of a long list released by East of England Ambulance Service detailing their most bizarre , and irritating , call outs . But the vehicles returned to base just moments later when the caller revealed the ` victim ' was actually a squirrel that had been run over in Epping Forest .
As his Wigan side beat Warrington 30 - 20 , the Wales forward made his first appearance since he punched St Helens ' Lance Hohaia in the opening moments of last season's Grand Final , earning a six - month ban . Ben Flower does not believe he deserved the standing ovation which greeted his return from suspension on Thursday night . Ben Flower does not believe he deserved the standing ovation which greeted his return from suspension .
Inspired by the post-impressionistic era of the Belle Epoque , the newly - opened Maison Souquet may just be the most provocative hotel in Paris . The newly - opened Parisian Hotel , Maison Souquet , may just be the more provocative hotel in the entire city of lights . Situated just steps from the famed Moulin Rouge , this Pigalle Haunt is the perfect blend of opulent and edginess .
Steven Finn believes he's regained his previous best form and is ready to push for an England place . Finn admits he's ` had my trials and tribulations over the last 12 months ' but he's got his ` head straight ' Finn smiles as he helps launch ECB's club open days on Tuesday at Brondesbury Cricket Club .
The 26 - year - old was sentenced to eight months imprisonment , suspended for two years , with # 2,000 costs at Newcastle Crown Court ( pictured ) . Paul Armstrong , 26 , of Sunderland , flew to Cyprus with four friends before beginning his new role as an IT project manager . But after a spending spree on the trip , Armstrong was stopped at the airport with the stun gun disguised as a torch , extendable baton and Knuckle Duster stuffed in his luggage .
The designer revealed in February that he would not be presenting a collection at the Sydney event this week , and revealed to Daily Mail Australia on Sunday that he was enjoying ` taking a breather ' . Usually a highlight of Mercedes - Benz Fashion Week Australia , Alex Perry's name is a notable absence from the schedule in 2015 . Despite this year marking the 20th anniversary of MBFWA , Perry is taking in the fashions from the comfort of the front row , after focusing on his international efforts of late .
One of the victims suffered critical head trauma as the stage fell half - way through a song during a sold - out showing of American Pie at Westfield High School . More than a dozen people were injured on Thursday night after a stage collapsed during an Indiana Public High School theater performance , sending students plummeting 10 feet into an orchestra pit . The calamity occurred at the worst possible time - just as dozens walked on stage for the finale .
Liverpool manager Brendan Rodgers has written off Manchester City's chances of signing Raheem Sterling this summer by declaring the Anfield club are bigger than their Etihad Rivals and making it clear they have no intention of becoming their feeder team . Brendan Rodgers says that a move to Manchester City would not be step up for Raheem Sterling . Sterling is wanted by Manchester City this summer for # 50million as he stalls over new contract .
The loophole came to light after trading standards officers raided restaurant the Royal China Club , on Baker Street in central London , and confiscated illegally imported fins . Charity Bite - back , which campaigns to protect sharks , reported the eatery after Jason Chan , its marketing manager , boasted that it sold the soup and another dish made with ground shark teeth . One in five Chinese restaurants are believed to be serving shark fin soup exploiting a legal loophole allowing people to bring the meat to this country if it is for personal consumption , a charity claims .
Olly Taylor , 27 , is offering his version the Easter feast , which is stuffed with the equivalent of almost 100 teaspoons of sugar , at his Black Milk Cafe in Manchester's Northern Quarter . The breakfast includes two types of cereal served in half an easter egg , with brownies , marshmallows and mini eggs , topped off with three different types of flavoured milk . The meal is so sweet it contains the equivalent of 388g of sugar or 97 teaspoons .
In one of the most high - profile competition cases of recent years , Europe could fine Google more than # 4 billion amid a wave of political opposition in Europe to the perceived dominance of us tech companies . Google currently boasts a 90 per cent share in Europe's search engine market . Brussels will say that Google has used its massive dominance as a search engine to divert Internet users from rivals to its own services , which include YouTube and the Google + Social Network .
The 25 - year - old , who worked at a school for disabled children , fractured his skull and suffered a bleed on the brain and a blood clot in the fall . Phil Smith , 25 , scaled a fence to try to get in his flat in Cottingham , Hull , but fell and hit his head . He was placed in a medically induced coma at Hull Royal Infirmary , but died five days later on April 9 .
Tottenham will subsidise Emmanuel Adebayor's # 100,000 - per - week wages in order for him to leave the club . However , Spurs are now willing to pay a percentage of Adebayor's wages next season in an attempt to ensure he leaves . Tottenham will subsidise Emmanuel Adebayor's # 100,000 - per - week wages to finally get rid of the striker this summer .
The tragic fire at Bradford City's Valley Parade Stadium claimed 56 victims and injured 265 on May 11 , 1985 . John Helm was commentating on Bradford City's game against Lincoln City when the fire broke out and still struggles to listen to his description of that fatal day . A memorial at Valley Parade pays tribute those who died in the devastating Blaze almost 30 years ago .
Rory McIlroy put the golf clubs away as he battled with Fifty Shades of grey star Jamie Dornan to promote new football concept circular soccer . The duo were taking part in the First Circular Soccer Showdown of 2015 which McIlroy won 2 - 1 . Rory McIlroy ( left ) battled with Fifty Shades of Grey star Jamie Dornan at a game of circular soccer .
After Fallon told Governor Christie He ` Looked Great , ' The New Jersey politician asked him ; ` If I Look Great , what the Hell's with all the jokes every night ? ' . Then , to make amends , Fallon gave Christie his favorite food - ice cream . Chris Christie appeared on The Tonight Show ( above ) and called out Jimmy Fallon for his weight jokes about the governor .
The Australian airline could also be facing a massive # 20,000 fine , that's more than AU$ 38,000 , for every time the A380 flights set down more than fifteen late on the English tarmac . Delayed : Qantas have been told they could loose Thier eight Heathrow landing strips after continuously arriving late to the busy airport . Qantas have slipped to an on time ranking of 75 out of 80 airlines that use Heathrow Airport .
Wheelchair - bound Christopher Starrs , 50 , was allowed to go free from court with just a suspended jail sentence in January after admitting his part in a two - and - a-half year con against his employer Bt . Starrs , along with fellow BT Openreach Manager Phillip Tamplin , invented clamped cars , overtime hours and damage to Home Owners ' property during broadband installation , and paid off engineers to help them make the fake claims . Both Starrs and Tamplin , 53 , who made # 124,000 from the Con , admitted submitting the string of bogus expenses .
The 30 - year - old hit five in Real's thumping 9 - 1 win against Granada at the weekend to take his tally to 36 goals in the league so far . All eyes will be on Cristiano Ronaldo when Real Madrid visit Rayo Vallecano in La Liga on Wednesday . Ronaldo's quintuplet moved him above Lionel Messi in the race for the Pichichi Trophy given to the top goalscorer in La Liga at the end of the season .
Kevin Pietersen scored 170 for Surrey in the parks as he bids to earn a recall to the England squad . Former England star Andrew Flintoff Thiks Time is running out for Pietersen to resurrect his England career . The former England star is hoping to win back his Test place with a return to red ball cricket .
Carl Froch ( left ) has not fought since beating George Groves at Wembley last May . Froch has kept in shape and weighs 12st 7 lbs - despite being away from the ring for nearly a year now . Froch had hoped to meet Julio Cesar Chavez Jr , but he lost to Andrzej Fonfara last week .
The clip was filmed on Saturday in Shortandy Village , 40 miles north of the Capital Astana , and captures the cloud hovering in the sky for 15 minutes before suddenly vanishing without trace . The video has been viewed more than 50,000 times since being uploaded to YouTube , prompting all manner of bizarre explanations for the phenomenon - with many seemingly convinced it is definitive proof of extra-terrestrial Life . Eerie footage has emerged showing a mysterious 100 metre - wide black ring of smoke floating over clear skies in Kazakhstan - convincing locals it was caused by a UFO .
Authorities in El Salvador have moved prisoners from two of the country's hyper - violent gangs into the same prison for the first time , in a bid to stop them running operations from behind bars . Just last week eight gang members were killed in a confrontation with police on a coffee farm in El Salvador . In all 1,177 barrio 18 members were transferred .